--------- beginning of main
12-14 15:27:16.841  7623  7623 E adbd    : failed to connect to socket 'tcp:7336': Connection refused
12-14 15:27:16.870  7623  7623 E adbd    : recv: OPEN 00002c08 00000000 005f:73 68 65 6C 6C 2C 76 32 2C 54 45 52 4D 3D 78 74 65 72 6D 2D 32 35 36 63 6F 6C 6F 72 3A 65 78 70 6F 72 74 20 41 4E 44 52 4F 49 44 5F 4C 4F 47 5F 54 41 47 53 3D 22 27 27 22 3B 20 65 78 65 63 20 6C 6F 67 63 61 74 20 27 2D 76 27 20 27 74 68 72 65 61 64 74 69 6D 65 27 20 27 2A 3A 49 27 00 
12-14 15:27:16.870  7623  7623 E adbd    : service_to_fd: shell,v2,TERM=xterm-256color:export ANDROID_LOG_TAGS="''"; exec logcat '-v' 'threadtime' '*:I'
12-14 15:27:16.875  7623  7623 E adbd    : recv: OPEN 00002c0b 00000000 002e:73 68 65 6C 6C 2C 76 32 2C 54 45 52 4D 3D 78 74 65 72 6D 2D 32 35 36 63 6F 6C 6F 72 2C 72 61 77 3A 67 65 74 65 76 65 6E 74 20 2D 6C 74 00 
12-14 15:27:16.875  7623  7623 E adbd    : service_to_fd: shell,v2,TERM=xterm-256color,raw:getevent -lt
--------- beginning of system
12-14 15:27:16.880  7623  7623 E adbd    : recv: OPEN 00002c0f 00000000 0009:74 63 70 3A 37 33 33 36 00 
12-14 15:27:16.880  7623  7623 E adbd    : service_to_fd: tcp:7336
12-14 15:27:16.882  7623  7623 E adbd    : failed to connect to socket 'tcp:7336': Connection refused
12-14 15:27:16.882  7623  7623 E adbd    : recv: OPEN 00002c12 00000000 0024:73 68 65 6C 6C 2C 76 32 2C 54 45 52 4D 3D 78 74 65 72 6D 2D 32 35 36 63 6F 6C 6F 72 2C 72 61 77 3A 70 73 00 
12-14 15:27:16.882  7623  7623 E adbd    : service_to_fd: shell,v2,TERM=xterm-256color,raw:ps
12-14 15:27:16.887  7623  7623 E adbd    : recv: OPEN 00002c15 00000000 0056:73 68 65 6C 6C 2C 76 32 2C 54 45 52 4D 3D 78 74 65 72 6D 2D 32 35 36 63 6F 6C 6F 72 2C 72 61 77 3A 69 6D 65 20 65 6E 61 62 6C 65 20 69 6F 2E 67 69 74 68 75 62 2E 79 6C 69 6D 69 74 2E 64 72 6F 69 64 62 6F 74 61 70 70 2F 2E 44 72 6F 69 64 42 6F 74 49 4D 45 00 
12-14 15:27:16.887  7623  7623 E adbd    : service_to_fd: shell,v2,TERM=xterm-256color,raw:ime enable io.github.ylimit.droidbotapp/.DroidBotIME
12-14 15:27:16.913  7623  7623 E adbd    : recv: OPEN 00002c1b 00000000 0009:74 63 70 3A 37 33 33 36 00 
12-14 15:27:16.913  7623  7623 E adbd    : service_to_fd: tcp:7336
12-14 15:27:16.915  7623  7623 E adbd    : failed to connect to socket 'tcp:7336': Connection refused
12-14 15:27:16.948  7623  7623 E adbd    : recv: OPEN 00002c21 00000000 0009:74 63 70 3A 37 33 33 36 00 
12-14 15:27:16.948  7623  7623 E adbd    : service_to_fd: tcp:7336
12-14 15:27:16.951  7623  7623 E adbd    : failed to connect to socket 'tcp:7336': Connection refused
12-14 15:27:16.983  7623  7623 E adbd    : recv: OPEN 00002c27 00000000 0009:74 63 70 3A 37 33 33 36 00 
12-14 15:27:16.983  7623  7623 E adbd    : service_to_fd: tcp:7336
12-14 15:27:16.985  7623  7623 E adbd    : failed to connect to socket 'tcp:7336': Connection refused
12-14 15:27:17.019  7623  7623 E adbd    : recv: OPEN 00002c2d 00000000 0009:74 63 70 3A 37 33 33 36 00 
12-14 15:27:17.019  7623  7623 E adbd    : service_to_fd: tcp:7336
12-14 15:27:17.021  7623  7623 E adbd    : failed to connect to socket 'tcp:7336': Connection refused
12-14 15:27:17.054  7623  7623 E adbd    : recv: OPEN 00002c33 00000000 0009:74 63 70 3A 37 33 33 36 00 
12-14 15:27:17.054  7623  7623 E adbd    : service_to_fd: tcp:7336
12-14 15:27:17.055  7623  7623 E adbd    : failed to connect to socket 'tcp:7336': Connection refused
12-14 15:27:17.087  7623  7623 E adbd    : recv: OPEN 00002c39 00000000 0009:74 63 70 3A 37 33 33 36 00 
12-14 15:27:17.088  7623  7623 E adbd    : service_to_fd: tcp:7336
12-14 15:27:17.090  7623  7623 E adbd    : failed to connect to socket 'tcp:7336': Connection refused
12-14 15:27:17.093 22950 22976 I AcmsKeyStoreHelper: Key Store exist
12-14 15:27:17.093 22950 22976 I AcmsKeyStoreHelper: Hence loading the keystore file
12-14 15:27:17.122  7623  7623 E adbd    : recv: OPEN 00002c3f 00000000 0009:74 63 70 3A 37 33 33 36 00 
12-14 15:27:17.122  7623  7623 E adbd    : service_to_fd: tcp:7336
12-14 15:27:17.123  7623  7623 E adbd    : failed to connect to socket 'tcp:7336': Connection refused
12-14 15:27:17.141  3655  4920 I ActivityManager: KPU : put [com.samsung.android.lool] : 0 K
12-14 15:27:17.141  3655  4920 I ActivityManager: Killing 22736:com.samsung.android.lool/1000 (adj 906): DHA:empty #25
12-14 15:27:17.155  7623  7623 E adbd    : recv: OPEN 00002c45 00000000 0009:74 63 70 3A 37 33 33 36 00 
12-14 15:27:17.155  7623  7623 E adbd    : service_to_fd: tcp:7336
12-14 15:27:17.157  7623  7623 E adbd    : failed to connect to socket 'tcp:7336': Connection refused
12-14 15:27:17.189  7623  7623 E adbd    : recv: OPEN 00002c4b 00000000 0009:74 63 70 3A 37 33 33 36 00 
12-14 15:27:17.189  7623  7623 E adbd    : service_to_fd: tcp:7336
12-14 15:27:17.191  7623  7623 E adbd    : failed to connect to socket 'tcp:7336': Connection refused
12-14 15:27:17.214 22950 22976 I AcmsCertificateMngr: getKeyStoreForApplication success 
12-14 15:27:17.223  7623  7623 E adbd    : recv: OPEN 00002c51 00000000 0009:74 63 70 3A 37 33 33 36 00 
12-14 15:27:17.223  7623  7623 E adbd    : service_to_fd: tcp:7336
12-14 15:27:17.224  7623  7623 E adbd    : failed to connect to socket 'tcp:7336': Connection refused
12-14 15:27:17.234 22992 22992 W ADebug  : Failed to get property persist.sys.media.traces
12-14 15:27:17.237 22992 22992 E appproc : Enhanced Zygote ASLR: ro.knox.enhance.zygote.aslr != 1. Enhanced Zygote ASLR is DISABLED!
12-14 15:27:17.256  7623  7623 E adbd    : recv: OPEN 00002c57 00000000 0009:74 63 70 3A 37 33 33 36 00 
12-14 15:27:17.256  7623  7623 E adbd    : service_to_fd: tcp:7336
12-14 15:27:17.257  7623  7623 E adbd    : failed to connect to socket 'tcp:7336': Connection refused
12-14 15:27:17.289  7623  7623 E adbd    : recv: OPEN 00002c5d 00000000 0009:74 63 70 3A 37 33 33 36 00 
12-14 15:27:17.289  7623  7623 E adbd    : service_to_fd: tcp:7336
12-14 15:27:17.292  7623  7623 E adbd    : failed to connect to socket 'tcp:7336': Connection refused
12-14 15:27:17.324  7623  7623 E adbd    : recv: OPEN 00002c63 00000000 0009:74 63 70 3A 37 33 33 36 00 
12-14 15:27:17.325  7623  7623 E adbd    : service_to_fd: tcp:7336
12-14 15:27:17.327 22992 22992 I app_process: find the special shared library, skip check
12-14 15:27:17.327  7623  7623 E adbd    : failed to connect to socket 'tcp:7336': Connection refused
12-14 15:27:17.348 22992 22992 E SemAffinityControl: SemAffinityControl: registerfunction enter
12-14 15:27:17.361  7623  7623 E adbd    : recv: OPEN 00002c69 00000000 0009:74 63 70 3A 37 33 33 36 00 
12-14 15:27:17.361  7623  7623 E adbd    : service_to_fd: tcp:7336
12-14 15:27:17.365  7623  7623 E adbd    : failed to connect to socket 'tcp:7336': Connection refused
12-14 15:27:17.397  7623  7623 E adbd    : recv: OPEN 00002c6f 00000000 0009:74 63 70 3A 37 33 33 36 00 
12-14 15:27:17.398  7623  7623 E adbd    : service_to_fd: tcp:7336
12-14 15:27:17.400  7623  7623 E adbd    : failed to connect to socket 'tcp:7336': Connection refused
12-14 15:27:17.427  7623  7623 E adbd    : recv: OPEN 00002c74 00000000 0053:73 68 65 6C 6C 2C 76 32 2C 54 45 52 4D 3D 78 74 65 72 6D 2D 32 35 36 63 6F 6C 6F 72 2C 72 61 77 3A 69 6D 65 20 73 65 74 20 69 6F 2E 67 69 74 68 75 62 2E 79 6C 69 6D 69 74 2E 64 72 6F 69 64 62 6F 74 61 70 70 2F 2E 44 72 6F 69 64 42 6F 74 49 4D 45 00 
12-14 15:27:17.427  7623  7623 E adbd    : service_to_fd: shell,v2,TERM=xterm-256color,raw:ime set io.github.ylimit.droidbotapp/.DroidBotIME
12-14 15:27:17.434  7623  7623 E adbd    : recv: OPEN 00002c78 00000000 0009:74 63 70 3A 37 33 33 36 00 
12-14 15:27:17.435  7623  7623 E adbd    : service_to_fd: tcp:7336
12-14 15:27:17.437  7623  7623 E adbd    : failed to connect to socket 'tcp:7336': Connection refused
12-14 15:27:17.470  7623  7623 E adbd    : recv: OPEN 00002c7e 00000000 0009:74 63 70 3A 37 33 33 36 00 
12-14 15:27:17.471  7623  7623 E adbd    : service_to_fd: tcp:7336
12-14 15:27:17.474  7623  7623 E adbd    : failed to connect to socket 'tcp:7336': Connection refused
12-14 15:27:17.507  7623  7623 E adbd    : recv: OPEN 00002c84 00000000 0009:74 63 70 3A 37 33 33 36 00 
12-14 15:27:17.508  7623  7623 E adbd    : service_to_fd: tcp:7336
12-14 15:27:17.511  7623  7623 E adbd    : failed to connect to socket 'tcp:7336': Connection refused
12-14 15:27:17.545  7623  7623 E adbd    : recv: OPEN 00002c8a 00000000 0009:74 63 70 3A 37 33 33 36 00 
12-14 15:27:17.545  7623  7623 E adbd    : service_to_fd: tcp:7336
12-14 15:27:17.549  7623  7623 E adbd    : failed to connect to socket 'tcp:7336': Connection refused
12-14 15:27:17.581  7623  7623 E adbd    : recv: OPEN 00002c90 00000000 0009:74 63 70 3A 37 33 33 36 00 
12-14 15:27:17.581  7623  7623 E adbd    : service_to_fd: tcp:7336
12-14 15:27:17.583  7623  7623 E adbd    : failed to connect to socket 'tcp:7336': Connection refused
12-14 15:27:17.615  7623  7623 E adbd    : recv: OPEN 00002c96 00000000 0009:74 63 70 3A 37 33 33 36 00 
12-14 15:27:17.615  7623  7623 E adbd    : service_to_fd: tcp:7336
12-14 15:27:17.618  7623  7623 E adbd    : failed to connect to socket 'tcp:7336': Connection refused
12-14 15:27:17.651  7623  7623 E adbd    : recv: OPEN 00002c9c 00000000 0009:74 63 70 3A 37 33 33 36 00 
12-14 15:27:17.652  7623  7623 E adbd    : service_to_fd: tcp:7336
12-14 15:27:17.655  7623  7623 E adbd    : failed to connect to socket 'tcp:7336': Connection refused
12-14 15:27:17.687  7623  7623 E adbd    : recv: OPEN 00002ca2 00000000 0009:74 63 70 3A 37 33 33 36 00 
12-14 15:27:17.687  7623  7623 E adbd    : service_to_fd: tcp:7336
12-14 15:27:17.690  7623  7623 E adbd    : failed to connect to socket 'tcp:7336': Connection refused
12-14 15:27:17.722  7623  7623 E adbd    : recv: OPEN 00002ca8 00000000 0009:74 63 70 3A 37 33 33 36 00 
12-14 15:27:17.722  7623  7623 E adbd    : service_to_fd: tcp:7336
12-14 15:27:17.726  7623  7623 E adbd    : failed to connect to socket 'tcp:7336': Connection refused
12-14 15:27:17.738 23018 23018 W ADebug  : Failed to get property persist.sys.media.traces
12-14 15:27:17.742 23018 23018 E appproc : Enhanced Zygote ASLR: ro.knox.enhance.zygote.aslr != 1. Enhanced Zygote ASLR is DISABLED!
12-14 15:27:17.759  7623  7623 E adbd    : recv: OPEN 00002cae 00000000 0009:74 63 70 3A 37 33 33 36 00 
12-14 15:27:17.759  7623  7623 E adbd    : service_to_fd: tcp:7336
12-14 15:27:17.763  7623  7623 E adbd    : failed to connect to socket 'tcp:7336': Connection refused
12-14 15:27:17.795  7623  7623 E adbd    : recv: OPEN 00002cb4 00000000 0009:74 63 70 3A 37 33 33 36 00 
12-14 15:27:17.795  7623  7623 E adbd    : service_to_fd: tcp:7336
12-14 15:27:17.798  7623  7623 E adbd    : failed to connect to socket 'tcp:7336': Connection refused
12-14 15:27:17.830  7623  7623 E adbd    : recv: OPEN 00002cba 00000000 0009:74 63 70 3A 37 33 33 36 00 
12-14 15:27:17.831  7623  7623 E adbd    : service_to_fd: tcp:7336
12-14 15:27:17.833 23018 23018 I app_process: find the special shared library, skip check
12-14 15:27:17.835  7623  7623 E adbd    : failed to connect to socket 'tcp:7336': Connection refused
12-14 15:27:17.855 23018 23018 E SemAffinityControl: SemAffinityControl: registerfunction enter
12-14 15:27:17.868  7623  7623 E adbd    : recv: OPEN 00002cc0 00000000 0009:74 63 70 3A 37 33 33 36 00 
12-14 15:27:17.868  7623  7623 E adbd    : service_to_fd: tcp:7336
12-14 15:27:17.872 21145 21145 I InputMethodManager: startInputInner - mService.startInputOrWindowGainedFocus
12-14 15:27:17.876  7623  7623 E adbd    : failed to connect to socket 'tcp:7336': Connection refused
12-14 15:27:17.877  3655  3687 W BroadcastQueue: Background execution not allowed: receiving Intent { act=android.intent.action.INPUT_METHOD_CHANGED flg=0x20000010 (has extras) } to com.samsung.android.SettingsReceiver/.SettingsIntentReceiver
12-14 15:27:17.886  4105  4105 I SKBD    : SamsungKeypad onDestroy
12-14 15:27:17.905 21145 21145 I InputMethodManager: startInputInner - mService.startInputOrWindowGainedFocus
12-14 15:27:17.908  7623  7623 E adbd    : recv: OPEN 00002cc6 00000000 0009:74 63 70 3A 37 33 33 36 00 
12-14 15:27:17.908  7623  7623 E adbd    : service_to_fd: tcp:7336
12-14 15:27:17.910  7623  7623 E adbd    : failed to connect to socket 'tcp:7336': Connection refused
12-14 15:27:17.919   396   396 E MtpService: In MTPAPP onReceive:android.app.action.DEVICE_POLICY_MANAGER_STATE_CHANGED
12-14 15:27:17.920  3655  3655 W StorageManagerService: hasDeviceRestriction: storage_itpolicy from_intent true
12-14 15:27:17.920  3655  3655 W StorageManagerService: hasDeviceRestriction: check is true
12-14 15:27:17.921  3655  3655 I WifiDevicePolicyManager: onReceive android.app.action.DEVICE_POLICY_MANAGER_STATE_CHANGED
12-14 15:27:17.921  3655  3655 I WifiDevicePolicyManager: Receive IP Policy Intent - policy changed : false User Switch : false
12-14 15:27:17.921  3655  3655 I WifiDevicePolicyManager: handleSecurityPolicyMHS()   allowWifiAp (true)
12-14 15:27:17.928  7623  7623 E adbd    : recv: OPEN 00002ccb 00000000 0042:73 68 65 6C 6C 2C 76 32 2C 54 45 52 4D 3D 78 74 65 72 6D 2D 32 35 36 63 6F 6C 6F 72 2C 72 61 77 3A 67 65 74 70 72 6F 70 20 72 6F 2E 62 75 69 6C 64 2E 76 65 72 73 69 6F 6E 2E 72 65 6C 65 61 73 65 00 
12-14 15:27:17.928  7623  7623 E adbd    : service_to_fd: shell,v2,TERM=xterm-256color,raw:getprop ro.build.version.release
12-14 15:27:17.929  4132  4132 E KeyguardFingerPrint: updateFingerprintListeningState#mFingerprintRunningState=0 shouldListenForFingerprint=false
12-14 15:27:17.946  7623  7623 E adbd    : recv: OPEN 00002ccf 00000000 0009:74 63 70 3A 37 33 33 36 00 
12-14 15:27:17.946  7623  7623 E adbd    : service_to_fd: tcp:7336
12-14 15:27:17.948  7623  7623 E adbd    : failed to connect to socket 'tcp:7336': Connection refused
12-14 15:27:17.962  4105  4105 I SKBD    : bqr getInstalledStickerPackages. take time : 111731
12-14 15:27:17.963  7623  7623 E adbd    : recv: OPEN 00002cd2 00000000 0033:73 68 65 6C 6C 2C 76 32 2C 54 45 52 4D 3D 78 74 65 72 6D 2D 32 35 36 63 6F 6C 6F 72 2C 72 61 77 3A 67 65 74 70 72 6F 70 20 72 6F 2E 73 65 63 75 72 65 00 
12-14 15:27:17.963  4105  4105 E SKBD    : bqv IllegalStateException occurred while clearDb. DB open state : false
12-14 15:27:17.963  7623  7623 E adbd    : service_to_fd: shell,v2,TERM=xterm-256color,raw:getprop ro.secure
12-14 15:27:17.976  4105  4105 I SKBD    : bqv duplicate package unique key : android.database.sqlite.SQLiteConstraintException: UNIQUE constraint failed: packageList.UNIQUE_KEY (code 2067)
12-14 15:27:17.976  4105  4105 I SKBD    : #################################################################
12-14 15:27:17.976  4105  4105 I SKBD    : Error Code : 2067 (SQLITE_CONSTRAINT_UNIQUE)
12-14 15:27:17.976  4105  4105 I SKBD    : Caused By : Abort due to constraint violation.
12-14 15:27:17.976  4105  4105 I SKBD    : 	(UNIQUE constraint failed: packageList.UNIQUE_KEY (code 2067))
12-14 15:27:17.976  4105  4105 I SKBD    : #################################################################
12-14 15:27:17.978  4105  4105 I chatty  : uid=10160(u0_a160) com.sec.android.inputmethod identical 1 line
12-14 15:27:17.980  4105  4105 I SKBD    : bqv duplicate package unique key : android.database.sqlite.SQLiteConstraintException: UNIQUE constraint failed: packageList.UNIQUE_KEY (code 2067)
12-14 15:27:17.980  4105  4105 I SKBD    : #################################################################
12-14 15:27:17.980  4105  4105 I SKBD    : Error Code : 2067 (SQLITE_CONSTRAINT_UNIQUE)
12-14 15:27:17.980  4105  4105 I SKBD    : Caused By : Abort due to constraint violation.
12-14 15:27:17.980  4105  4105 I SKBD    : 	(UNIQUE constraint failed: packageList.UNIQUE_KEY (code 2067))
12-14 15:27:17.980  4105  4105 I SKBD    : #################################################################
12-14 15:27:17.981  7623  7623 E adbd    : recv: OPEN 00002cd8 00000000 0009:74 63 70 3A 37 33 33 36 00 
12-14 15:27:17.981  4105  4105 I SKBD    : bqv saveTabOrder. take time : 19210269
12-14 15:27:17.981  7623  7623 E adbd    : service_to_fd: tcp:7336
12-14 15:27:17.984  7623  7623 E adbd    : failed to connect to socket 'tcp:7336': Connection refused
12-14 15:27:17.986  3655  4240 I ActivityManager: KPU : put [com.samsung.android.securitylogagent] : 0 K
12-14 15:27:17.986  3655  4240 I ActivityManager: Killing 22817:com.samsung.android.securitylogagent/1000 (adj 906): DHA:empty #25
12-14 15:27:17.995 22582 22590 I zygote64: Do partial code cache collection, code=29KB, data=21KB
12-14 15:27:17.996 22582 22590 I zygote64: After code cache collection, code=29KB, data=21KB
12-14 15:27:17.996 22582 22590 I zygote64: Increasing code cache capacity to 128KB
12-14 15:27:18.010  7623  7623 E adbd    : recv: OPEN 00002cdd 00000000 0037:73 68 65 6C 6C 2C 76 32 2C 54 45 52 4D 3D 78 74 65 72 6D 2D 32 35 36 63 6F 6C 6F 72 2C 72 61 77 3A 67 65 74 70 72 6F 70 20 72 6F 2E 64 65 62 75 67 67 61 62 6C 65 00 
12-14 15:27:18.010  7623  7623 E adbd    : service_to_fd: shell,v2,TERM=xterm-256color,raw:getprop ro.debuggable
12-14 15:27:18.010  7623  7623 E adbd    : service_to_fd: shell,v2,TERM=xterm-256color,raw:getprop ro.debuggable
12-14 15:27:18.017  3655  3655 W InputMethodManagerService: onServiceConnected
12-14 15:27:18.020  7623  7623 E adbd    : recv: OPEN 00002ce1 00000000 0009:74 63 70 3A 37 33 33 36 00 
12-14 15:27:18.020  7623  7623 E adbd    : service_to_fd: tcp:7336
12-14 15:27:18.026  7623  7623 E adbd    : failed to connect to socket 'tcp:7336': Connection refused
12-14 15:27:18.031 22582 22582 I InputMethodWrapper:  call dispatchStartInputWithToken
12-14 15:27:18.031 22582 22582 I InputMethodService: dispatchStartInputWithToken
12-14 15:27:18.036  7623  7623 E adbd    : recv: OPEN 00002ce4 00000000 0024:73 68 65 6C 6C 2C 76 32 2C 54 45 52 4D 3D 78 74 65 72 6D 2D 32 35 36 63 6F 6C 6F 72 2C 72 61 77 3A 70 73 00 
12-14 15:27:18.036  7623  7623 E adbd    : service_to_fd: shell,v2,TERM=xterm-256color,raw:ps
12-14 15:27:18.059  7623  7623 E adbd    : recv: OPEN 00002cec 00000000 0031:73 68 65 6C 6C 2C 76 32 2C 54 45 52 4D 3D 78 74 65 72 6D 2D 32 35 36 63 6F 6C 6F 72 2C 72 61 77 3A 64 75 6D 70 73 79 73 20 64 69 73 70 6C 61 79 00 
12-14 15:27:18.059  7623  7623 E adbd    : service_to_fd: shell,v2,TERM=xterm-256color,raw:dumpsys display
12-14 15:27:18.063  7623  7623 E adbd    : recv: OPEN 00002ced 00000000 0009:74 63 70 3A 37 33 33 36 00 
12-14 15:27:18.063  7623  7623 E adbd    : service_to_fd: tcp:7336
12-14 15:27:18.066  7623  7623 E adbd    : failed to connect to socket 'tcp:7336': Connection refused
12-14 15:27:18.100  7623  7623 E adbd    : recv: OPEN 00002cf3 00000000 0009:74 63 70 3A 37 33 33 36 00 
12-14 15:27:18.100  7623  7623 E adbd    : service_to_fd: tcp:7336
12-14 15:27:18.102  7623  7623 E adbd    : failed to connect to socket 'tcp:7336': Connection refused
12-14 15:27:18.119  7623  7623 E adbd    : recv: OPEN 00002cf6 00000000 003b:73 68 65 6C 6C 2C 76 32 2C 54 45 52 4D 3D 78 74 65 72 6D 2D 32 35 36 63 6F 6C 6F 72 2C 72 61 77 3A 67 65 74 70 72 6F 70 20 72 6F 2E 73 66 2E 6C 63 64 5F 64 65 6E 73 69 74 79 00 
12-14 15:27:18.119  7623  7623 E adbd    : service_to_fd: shell,v2,TERM=xterm-256color,raw:getprop ro.sf.lcd_density
12-14 15:27:18.136  7623  7623 E adbd    : recv: OPEN 00002cfc 00000000 0009:74 63 70 3A 37 33 33 36 00 
12-14 15:27:18.136  7623  7623 E adbd    : service_to_fd: tcp:7336
12-14 15:27:18.138  7623  7623 E adbd    : failed to connect to socket 'tcp:7336': Connection refused
12-14 15:27:18.164  7623  7623 E adbd    : recv: OPEN 00002d01 00000000 0035:73 68 65 6C 6C 2C 76 32 2C 54 45 52 4D 3D 78 74 65 72 6D 2D 32 35 36 63 6F 6C 6F 72 2C 72 61 77 3A 69 6E 70 75 74 20 6B 65 79 65 76 65 6E 74 20 4D 45 4E 55 00 
12-14 15:27:18.164  7623  7623 E adbd    : service_to_fd: shell,v2,TERM=xterm-256color,raw:input keyevent MENU
12-14 15:27:18.170  7623  7623 E adbd    : recv: OPEN 00002d05 00000000 0009:74 63 70 3A 37 33 33 36 00 
12-14 15:27:18.171  7623  7623 E adbd    : service_to_fd: tcp:7336
12-14 15:27:18.174  7623  7623 E adbd    : failed to connect to socket 'tcp:7336': Connection refused
12-14 15:27:18.206  7623  7623 E adbd    : recv: OPEN 00002d0b 00000000 0009:74 63 70 3A 37 33 33 36 00 
12-14 15:27:18.206  7623  7623 E adbd    : service_to_fd: tcp:7336
12-14 15:27:18.210  7623  7623 E adbd    : failed to connect to socket 'tcp:7336': Connection refused
12-14 15:27:18.242  7623  7623 E adbd    : recv: OPEN 00002d11 00000000 0009:74 63 70 3A 37 33 33 36 00 
12-14 15:27:18.242  7623  7623 E adbd    : service_to_fd: tcp:7336
12-14 15:27:18.246  7623  7623 E adbd    : failed to connect to socket 'tcp:7336': Connection refused
12-14 15:27:18.278  7623  7623 E adbd    : recv: OPEN 00002d17 00000000 0009:74 63 70 3A 37 33 33 36 00 
12-14 15:27:18.279  7623  7623 E adbd    : service_to_fd: tcp:7336
12-14 15:27:18.282  7623  7623 E adbd    : failed to connect to socket 'tcp:7336': Connection refused
12-14 15:27:18.312  3655  3664 I zygote64: Background concurrent copying GC freed 277818(15MB) AllocSpace objects, 86(1720KB) LOS objects, 34% free, 46MB/70MB, paused 779us total 295.069ms
12-14 15:27:18.314  7623  7623 E adbd    : recv: OPEN 00002d1d 00000000 0009:74 63 70 3A 37 33 33 36 00 
12-14 15:27:18.314  7623  7623 E adbd    : service_to_fd: tcp:7336
12-14 15:27:18.318  7623  7623 E adbd    : failed to connect to socket 'tcp:7336': Connection refused
12-14 15:27:18.352  7623  7623 E adbd    : recv: OPEN 00002d23 00000000 0009:74 63 70 3A 37 33 33 36 00 
12-14 15:27:18.352  7623  7623 E adbd    : service_to_fd: tcp:7336
12-14 15:27:18.356  7623  7623 E adbd    : failed to connect to socket 'tcp:7336': Connection refused
12-14 15:27:18.388  7623  7623 E adbd    : recv: OPEN 00002d29 00000000 0009:74 63 70 3A 37 33 33 36 00 
12-14 15:27:18.388  7623  7623 E adbd    : service_to_fd: tcp:7336
12-14 15:27:18.394  7623  7623 E adbd    : failed to connect to socket 'tcp:7336': Connection refused
12-14 15:27:18.426  7623  7623 E adbd    : recv: OPEN 00002d2f 00000000 0009:74 63 70 3A 37 33 33 36 00 
12-14 15:27:18.426  7623  7623 E adbd    : service_to_fd: tcp:7336
12-14 15:27:18.427  7623  7623 E adbd    : failed to connect to socket 'tcp:7336': Connection refused
12-14 15:27:18.460  7623  7623 E adbd    : recv: OPEN 00002d35 00000000 0009:74 63 70 3A 37 33 33 36 00 
12-14 15:27:18.460  7623  7623 E adbd    : service_to_fd: tcp:7336
12-14 15:27:18.464  7623  7623 E adbd    : failed to connect to socket 'tcp:7336': Connection refused
12-14 15:27:18.496  7623  7623 E adbd    : recv: OPEN 00002d3b 00000000 0009:74 63 70 3A 37 33 33 36 00 
12-14 15:27:18.496  7623  7623 E adbd    : service_to_fd: tcp:7336
12-14 15:27:18.498 23063 23063 W ADebug  : Failed to get property persist.sys.media.traces
12-14 15:27:18.500  7623  7623 E adbd    : failed to connect to socket 'tcp:7336': Connection refused
12-14 15:27:18.502 23063 23063 E appproc : Enhanced Zygote ASLR: ro.knox.enhance.zygote.aslr != 1. Enhanced Zygote ASLR is DISABLED!
12-14 15:27:18.532  7623  7623 E adbd    : recv: OPEN 00002d41 00000000 0009:74 63 70 3A 37 33 33 36 00 
12-14 15:27:18.533  7623  7623 E adbd    : service_to_fd: tcp:7336
12-14 15:27:18.537  7623  7623 E adbd    : failed to connect to socket 'tcp:7336': Connection refused
12-14 15:27:18.570  7623  7623 E adbd    : recv: OPEN 00002d47 00000000 0009:74 63 70 3A 37 33 33 36 00 
12-14 15:27:18.570  7623  7623 E adbd    : service_to_fd: tcp:7336
12-14 15:27:18.573  7623  7623 E adbd    : failed to connect to socket 'tcp:7336': Connection refused
12-14 15:27:18.594 23063 23063 I app_process: find the special shared library, skip check
12-14 15:27:18.607  7623  7623 E adbd    : recv: OPEN 00002d4d 00000000 0009:74 63 70 3A 37 33 33 36 00 
12-14 15:27:18.607  7623  7623 E adbd    : service_to_fd: tcp:7336
12-14 15:27:18.609  7623  7623 E adbd    : failed to connect to socket 'tcp:7336': Connection refused
12-14 15:27:18.615 23063 23063 E SemAffinityControl: SemAffinityControl: registerfunction enter
12-14 15:27:18.620 23063 23063 I Input   : injectKeyEvent: KeyEvent { action=ACTION_DOWN, keyCode=KEYCODE_MENU, scanCode=0, metaState=0, flags=0x0, repeatCount=0, eventTime=303472751, downTime=303472751, deviceId=-1, displayId=0, source=0x101 }
12-14 15:27:18.629  3655  3785 I InputDispatcher: Delivering key to (21145): action: 0x0 (0)
12-14 15:27:18.637 23063 23063 I Input   : injectKeyEvent: KeyEvent { action=ACTION_UP, keyCode=KEYCODE_MENU, scanCode=0, metaState=0, flags=0x0, repeatCount=0, eventTime=303472751, downTime=303472751, deviceId=-1, displayId=0, source=0x101 }
12-14 15:27:18.642  7623  7623 E adbd    : recv: OPEN 00002d53 00000000 0009:74 63 70 3A 37 33 33 36 00 
12-14 15:27:18.642  7623  7623 E adbd    : service_to_fd: tcp:7336
12-14 15:27:18.644  3655  3785 I InputDispatcher: Delivering key to (21145): action: 0x1 (0)
12-14 15:27:18.647 22414 23078 I Finsky:background: [6189] pcs.f(42): Subscription detail: N/A
12-14 15:27:18.651 22414 22414 E Finsky:background: [2] mof.run(305): SecurityException when adding listener to subscriptions.
12-14 15:27:18.651 22414 22414 E Finsky:background: java.lang.SecurityException: addOnSubscriptionsChangedListener: Neither user 10035 nor current process has android.permission.READ_PHONE_STATE.
12-14 15:27:18.651 22414 22414 E Finsky:background: 	at android.os.Parcel.readException(Parcel.java:1967)
12-14 15:27:18.651 22414 22414 E Finsky:background: 	at android.os.Parcel.readException(Parcel.java:1913)
12-14 15:27:18.651 22414 22414 E Finsky:background: 	at com.android.internal.telephony.ITelephonyRegistry$Stub$Proxy.addOnSubscriptionsChangedListener(ITelephonyRegistry.java:524)
12-14 15:27:18.651 22414 22414 E Finsky:background: 	at android.telephony.SubscriptionManager.addOnSubscriptionsChangedListener(SubscriptionManager.java:486)
12-14 15:27:18.651 22414 22414 E Finsky:background: 	at mof.run(PG:292)
12-14 15:27:18.651 22414 22414 E Finsky:background: 	at android.os.Handler.handleCallback(Handler.java:789)
12-14 15:27:18.651 22414 22414 E Finsky:background: 	at android.os.Handler.dispatchMessage(Handler.java:98)
12-14 15:27:18.651 22414 22414 E Finsky:background: 	at android.os.Looper.loop(Looper.java:164)
12-14 15:27:18.651 22414 22414 E Finsky:background: 	at android.app.ActivityThread.main(ActivityThread.java:6944)
12-14 15:27:18.651 22414 22414 E Finsky:background: 	at java.lang.reflect.Method.invoke(Native Method)
12-14 15:27:18.651 22414 22414 E Finsky:background: 	at com.android.internal.os.Zygote$MethodAndArgsCaller.run(Zygote.java:327)
12-14 15:27:18.651 22414 22414 E Finsky:background: 	at com.android.internal.os.ZygoteInit.main(ZygoteInit.java:1374)
12-14 15:27:18.675 22414 23078 I Finsky:background: [6189] acwp.aY(192): Finished reading experiment flags from file [Se-xCc4LzNyh3UrKMIU2sUf-PUKz4oQEbpKZDMuaFno] numFlags=2236.
12-14 15:27:18.677  7623  7623 E adbd    : recv: OPEN 00002d59 00000000 0009:74 63 70 3A 37 33 33 36 00 
12-14 15:27:18.677  7623  7623 E adbd    : service_to_fd: tcp:7336
12-14 15:27:18.679  7623  7623 E adbd    : failed to connect to socket 'tcp:7336': Connection refused
12-14 15:27:18.681 22414 23078 I Finsky:background: [6189] oqf.d(126): playLoggingServerUrl: https://play.googleapis.com/play/log
12-14 15:27:18.682 22414 23078 I Finsky:background: [6189] oqf.d(145): playLoggingServerTimestampUrl: https://play.googleapis.com/play/log/timestamp
12-14 15:27:18.693  3655  4441 I ApplicationPolicy: isApplicationExternalStorageWhitelisted:com.google.android.gsf user:0
12-14 15:27:18.694  3655  4441 I ApplicationPolicy: isApplicationExternalStorageBlacklisted:com.google.android.gsf user:0
12-14 15:27:18.711  7623  7623 E adbd    : recv: OPEN 00002d61 00000000 0035:73 68 65 6C 6C 2C 76 32 2C 54 45 52 4D 3D 78 74 65 72 6D 2D 32 35 36 63 6F 6C 6F 72 2C 72 61 77 3A 69 6E 70 75 74 20 6B 65 79 65 76 65 6E 74 20 42 41 43 4B 00 
12-14 15:27:18.711  7623  7623 E adbd    : service_to_fd: shell,v2,TERM=xterm-256color,raw:input keyevent BACK
12-14 15:27:18.713 23095 23095 E Zygote  : isWhitelistProcess - Process is Whitelisted
12-14 15:27:18.714  3655  4441 I ActivityManager: Start proc 23095:com.google.process.gapps/u0a18 for content provider com.google.android.gsf/.gservices.GservicesProvider
12-14 15:27:18.715 23095 23095 E libpersona: scanKnoxPersonas
12-14 15:27:18.715 23095 23095 E libpersona: Couldn't open the File - /data/system/users/0/personalist.xml - No such file or directory
12-14 15:27:18.715  7623  7623 E adbd    : recv: OPEN 00002d62 00000000 0009:74 63 70 3A 37 33 33 36 00 
12-14 15:27:18.716  7623  7623 E adbd    : service_to_fd: tcp:7336
12-14 15:27:18.718  7623  7623 E adbd    : failed to connect to socket 'tcp:7336': Connection refused
12-14 15:27:18.718 23095 23095 W SELinux : SELinux selinux_android_compute_policy_index : Policy Index[2],  Con:u:r:zygote:s0 RAM:SEPF_SM-G930F_8.0.0_0011, [-1 -1 -1 -1 0 1]
12-14 15:27:18.719 23095 23095 I SELinux : SELinux: seapp_context_lookup: seinfo=untrusted, level=s0:c512,c768, pkgname=com.google.process.gapps 
12-14 15:27:18.750  7623  7623 E adbd    : recv: OPEN 00002d68 00000000 0009:74 63 70 3A 37 33 33 36 00 
12-14 15:27:18.750  7623  7623 E adbd    : service_to_fd: tcp:7336
12-14 15:27:18.752  3655 11387 I ClientCertificateManager Service: fixContextInfoForMP() returning Caller uid: 10018 ,Container id: 0
12-14 15:27:18.752  3655 11387 I ClientCertificateManager Service: fixContextInfoForMP() returning Caller uid: 10018 ,Container id: 0
12-14 15:27:18.752  3655 11387 I ClientCertificateManager Service: ClientCertificateManager.isPremiumContainer() : false for user : 0
12-14 15:27:18.753  7623  7623 E adbd    : failed to connect to socket 'tcp:7336': Connection refused
12-14 15:27:18.761  3655 11387 I ClientCertificateManager Service: fixContextInfoForMP() returning Caller uid: 10018 ,Container id: 0
12-14 15:27:18.761  3655 11387 I ClientCertificateManager Service: ClientCertificateManager.isPremiumContainer() : false for user : 0
12-14 15:27:18.772  3655 11387 I ClientCertificateManager Service: fixContextInfoForMP() returning Caller uid: 10018 ,Container id: 0
12-14 15:27:18.772  3655 11387 I ClientCertificateManager Service: ClientCertificateManager.isPremiumContainer() : false for user : 0
12-14 15:27:18.781  3655 11387 I ClientCertificateManager Service: fixContextInfoForMP() returning Caller uid: 10018 ,Container id: 0
12-14 15:27:18.781  3655 11387 I ClientCertificateManager Service: fixContextInfoForMP() returning Caller uid: 10018 ,Container id: 0
12-14 15:27:18.781  3655 11387 I ClientCertificateManager Service: ClientCertificateManager.isPremiumContainer() : false for user : 0
12-14 15:27:18.785  7623  7623 E adbd    : recv: OPEN 00002d6e 00000000 0009:74 63 70 3A 37 33 33 36 00 
12-14 15:27:18.785  7623  7623 E adbd    : service_to_fd: tcp:7336
12-14 15:27:18.787  7623  7623 E adbd    : failed to connect to socket 'tcp:7336': Connection refused
12-14 15:27:18.789  3655 11387 I ClientCertificateManager Service: fixContextInfoForMP() returning Caller uid: 10018 ,Container id: 0
12-14 15:27:18.790  3655 11387 I ClientCertificateManager Service: ClientCertificateManager.isPremiumContainer() : false for user : 0
12-14 15:27:18.792  3655 11387 I ClientCertificateManager Service: fixContextInfoForMP() returning Caller uid: 10018 ,Container id: 0
12-14 15:27:18.792  3655 11387 I ClientCertificateManager Service: ClientCertificateManager.isPremiumContainer() : false for user : 0
12-14 15:27:18.797  3655 11387 I ActivityManager: DSS on for com.google.android.gsf and scale is 1.0
12-14 15:27:18.803  3655 11387 I ActivityManager: KPU : put [com.samsung.dcmservice] : 5540 K
12-14 15:27:18.804  3655 11387 I ActivityManager: Killing 17474:com.samsung.dcmservice/5004 (adj 906): DHA:empty #25
12-14 15:27:18.819  7623  7623 E adbd    : recv: OPEN 00002d74 00000000 0009:74 63 70 3A 37 33 33 36 00 
12-14 15:27:18.819  7623  7623 E adbd    : service_to_fd: tcp:7336
12-14 15:27:18.821  7623  7623 E adbd    : failed to connect to socket 'tcp:7336': Connection refused
12-14 15:27:18.832 17768 17768 I ServiceManager: [#CMH#] Disconnected to Service  com.samsung.dcmservice.DCMService
12-14 15:27:18.833  3655  8827 W ActivityManager: Scheduling restart of crashed service com.samsung.dcmservice/.DCMService in 46704ms
12-14 15:27:18.850 23095 23095 I zygote64: no shared libraies, dex_files: 1
12-14 15:27:18.855  7623  7623 E adbd    : recv: OPEN 00002d7a 00000000 0009:74 63 70 3A 37 33 33 36 00 
12-14 15:27:18.855  7623  7623 E adbd    : service_to_fd: tcp:7336
12-14 15:27:18.857  7623  7623 E adbd    : failed to connect to socket 'tcp:7336': Connection refused
12-14 15:27:18.876 23095 23095 I GservicesProvider: Gservices pushing to system: true; secure/global: true
12-14 15:27:18.889  7623  7623 E adbd    : recv: OPEN 00002d80 00000000 0009:74 63 70 3A 37 33 33 36 00 
12-14 15:27:18.889  7623  7623 E adbd    : service_to_fd: tcp:7336
12-14 15:27:18.891  7623  7623 E adbd    : failed to connect to socket 'tcp:7336': Connection refused
12-14 15:27:18.923  7623  7623 E adbd    : recv: OPEN 00002d86 00000000 0009:74 63 70 3A 37 33 33 36 00 
12-14 15:27:18.923  7623  7623 E adbd    : service_to_fd: tcp:7336
12-14 15:27:18.925  7623  7623 E adbd    : failed to connect to socket 'tcp:7336': Connection refused
12-14 15:27:18.935 23095 23095 I GoogleHttpClient: GMS http client unavailable, use old client
12-14 15:27:18.957  7623  7623 E adbd    : recv: OPEN 00002d8c 00000000 0009:74 63 70 3A 37 33 33 36 00 
12-14 15:27:18.957  7623  7623 E adbd    : service_to_fd: tcp:7336
12-14 15:27:18.960  7623  7623 E adbd    : failed to connect to socket 'tcp:7336': Connection refused
12-14 15:27:18.967 17768 17817 I ReschedulableTimer: [#CMH#] ReschedulableTimer started 
12-14 15:27:18.974 17768 17817 I ControllerEventHandler: [#CMH#] nonJustShotRunningPossible pendingCount 0
12-14 15:27:18.993  7623  7623 E adbd    : recv: OPEN 00002d92 00000000 0009:74 63 70 3A 37 33 33 36 00 
12-14 15:27:18.993  7623  7623 E adbd    : service_to_fd: tcp:7336
12-14 15:27:18.995  7623  7623 E adbd    : failed to connect to socket 'tcp:7336': Connection refused
12-14 15:27:19.027  7623  7623 E adbd    : recv: OPEN 00002d98 00000000 0009:74 63 70 3A 37 33 33 36 00 
12-14 15:27:19.027  7623  7623 E adbd    : service_to_fd: tcp:7336
12-14 15:27:19.029  7623  7623 E adbd    : failed to connect to socket 'tcp:7336': Connection refused
12-14 15:27:19.041 23100 23100 W ADebug  : Failed to get property persist.sys.media.traces
12-14 15:27:19.044 23100 23100 E appproc : Enhanced Zygote ASLR: ro.knox.enhance.zygote.aslr != 1. Enhanced Zygote ASLR is DISABLED!
12-14 15:27:19.062  7623  7623 E adbd    : recv: OPEN 00002d9e 00000000 0009:74 63 70 3A 37 33 33 36 00 
12-14 15:27:19.062  7623  7623 E adbd    : service_to_fd: tcp:7336
12-14 15:27:19.063  7623  7623 E adbd    : failed to connect to socket 'tcp:7336': Connection refused
12-14 15:27:19.095  7623  7623 E adbd    : recv: OPEN 00002da4 00000000 0009:74 63 70 3A 37 33 33 36 00 
12-14 15:27:19.095  7623  7623 E adbd    : service_to_fd: tcp:7336
12-14 15:27:19.097  7623  7623 E adbd    : failed to connect to socket 'tcp:7336': Connection refused
12-14 15:27:19.130  7623  7623 E adbd    : recv: OPEN 00002daa 00000000 0009:74 63 70 3A 37 33 33 36 00 
12-14 15:27:19.130  7623  7623 E adbd    : service_to_fd: tcp:7336
12-14 15:27:19.132 23100 23100 I app_process: find the special shared library, skip check
12-14 15:27:19.133  7623  7623 E adbd    : failed to connect to socket 'tcp:7336': Connection refused
12-14 15:27:19.166 23100 23100 E SemAffinityControl: SemAffinityControl: registerfunction enter
12-14 15:27:19.167  7623  7623 E adbd    : recv: OPEN 00002db0 00000000 0009:74 63 70 3A 37 33 33 36 00 
12-14 15:27:19.167  7623  7623 E adbd    : service_to_fd: tcp:7336
12-14 15:27:19.170  7623  7623 E adbd    : failed to connect to socket 'tcp:7336': Connection refused
12-14 15:27:19.172 23100 23100 I Input   : injectKeyEvent: KeyEvent { action=ACTION_DOWN, keyCode=KEYCODE_BACK, scanCode=0, metaState=0, flags=0x0, repeatCount=0, eventTime=303473303, downTime=303473303, deviceId=-1, displayId=0, source=0x101 }
12-14 15:27:19.178  7623  7623 E adbd    : recv: OPEN 00002db3 00000000 0024:73 68 65 6C 6C 2C 76 32 2C 54 45 52 4D 3D 78 74 65 72 6D 2D 32 35 36 63 6F 6C 6F 72 2C 72 61 77 3A 70 73 00 
12-14 15:27:19.178  7623  7623 E adbd    : service_to_fd: shell,v2,TERM=xterm-256color,raw:ps
12-14 15:27:19.184  3655  3785 I InputDispatcher: Delivering key to (21145): action: 0x0 (0)
12-14 15:27:19.184  2033 23128 E memtrack: Couldn't load memtrack module
12-14 15:27:19.184  2033 23128 W android.os.Debug: failed to get memory consumption info: -1
12-14 15:27:19.190 23100 23100 I Input   : injectKeyEvent: KeyEvent { action=ACTION_UP, keyCode=KEYCODE_BACK, scanCode=0, metaState=0, flags=0x0, repeatCount=0, eventTime=303473303, downTime=303473303, deviceId=-1, displayId=0, source=0x101 }
12-14 15:27:19.195  3655  3785 I InputDispatcher: Delivering key to (21145): action: 0x1 (0)
12-14 15:27:19.202  7623  7623 E adbd    : recv: OPEN 00002db9 00000000 0009:74 63 70 3A 37 33 33 36 00 
12-14 15:27:19.202  7623  7623 E adbd    : service_to_fd: tcp:7336
12-14 15:27:19.205  7623  7623 E adbd    : failed to connect to socket 'tcp:7336': Connection refused
12-14 15:27:19.237  7623  7623 E adbd    : recv: OPEN 00002dbf 00000000 0009:74 63 70 3A 37 33 33 36 00 
12-14 15:27:19.237  7623  7623 E adbd    : service_to_fd: tcp:7336
12-14 15:27:19.241  7623  7623 E adbd    : failed to connect to socket 'tcp:7336': Connection refused
12-14 15:27:19.249  8097  8097 I cr_ApplicationStatus: onStateChange activity = com.sec.android.app.sbrowser.SBrowserMainActivity@2b6104b newState = 2
12-14 15:27:19.250  8097  8097 I si__MultiInstanceManager: onActivityStateChange : SBrowserMainActivity - STARTED
12-14 15:27:19.260  8097  8097 I si__DeviceSettings: isShopDemo: false
12-14 15:27:19.263  8097  8097 I HelpIntroHelper: [Legal] No update for Help Intro
12-14 15:27:19.266  8097  8097 I si__SBrowserMainActivity: Preconfigured CountryIso: BR
12-14 15:27:19.267  8097  8097 E DeviceUtil: RECOGNIZE_SPEECH is not working
12-14 15:27:19.270  8097  8097 I si__DeviceFeatureUtils: [getTabBarSwitchSetting] no need to set default value : false
12-14 15:27:19.272  8097  8097 I Terrace : No display features
12-14 15:27:19.272  8097  8097 I Terrace : No display features
12-14 15:27:19.272  8097  8097 W chromium: [WARNING:window_android.cc(116)] TAB-STATUS observer added
12-14 15:27:19.273  8097  8097 I [MM]MediaHandler: onTabShown
12-14 15:27:19.274  8097  8097 I si__DesktopModeUtils: isDesktopModeEnabled = false
12-14 15:27:19.274  8097  8097 I ChildProcessConn: setImportance = true
12-14 15:27:19.274  8097  8097 I HideToolbarManager: [onShow]
12-14 15:27:19.275  8097  8097 I chromium: [INFO:ui_resource_layer_manager.cc(291)] CC-HideUrlbar: EnableUIResourceLayer LayerType: 0 Drawable true
12-14 15:27:19.275  8097  8097 I chromium: [INFO:ui_resource_layer_manager.cc(291)] CC-HideUrlbar: EnableUIResourceLayer LayerType: 1 Drawable true
12-14 15:27:19.275  8097  8097 I si__MainViewPreference: [onBrowserPreferenceChanged] key : TimestampManager.NEXT_TIMESTAMP
12-14 15:27:19.275  7623  7623 E adbd    : recv: OPEN 00002dc5 00000000 0009:74 63 70 3A 37 33 33 36 00 
12-14 15:27:19.275  7623  7623 E adbd    : service_to_fd: tcp:7336
12-14 15:27:19.277  8097 13030 I QuickAccessJavaScriptAdapter: getItems
12-14 15:27:19.279  8097  8097 I QuickAccessVisibility: Current tab url is empty : true
12-14 15:27:19.279  8097  8097 I VerificationLog: onResume
12-14 15:27:19.279  8097  8097 I cr_ApplicationStatus: onStateChange activity = com.sec.android.app.sbrowser.SBrowserMainActivity@2b6104b newState = 3
12-14 15:27:19.280  7623  7623 E adbd    : failed to connect to socket 'tcp:7336': Connection refused
12-14 15:27:19.280  8097  8097 I si__MultiInstanceManager: onActivityStateChange : SBrowserMainActivity - RESUMED
12-14 15:27:19.280  8097  8097 I WindowUtil: setFullScreen = false
12-14 15:27:19.284  8097  8097 I TabActivity: onResume
12-14 15:27:19.293  7623  7623 E adbd    : recv: OPEN 00002dca 00000000 0035:73 68 65 6C 6C 2C 76 32 2C 54 45 52 4D 3D 78 74 65 72 6D 2D 32 35 36 63 6F 6C 6F 72 2C 72 61 77 3A 70 6D 20 6C 69 73 74 20 70 61 63 6B 61 67 65 73 20 2D 66 00 
12-14 15:27:19.293  7623  7623 E adbd    : service_to_fd: shell,v2,TERM=xterm-256color,raw:pm list packages -f
12-14 15:27:19.296  8097  8097 I CidUtil : getClientId- search : ms-android-samsung
12-14 15:27:19.298  8097  8097 I CidUtil : getClientId- converted : ms-android-samsung-rev2
12-14 15:27:19.300  8097  8097 I si__MainViewImpl: onResume
12-14 15:27:19.300  8097  8097 I si__DesktopModeUtils: isDesktopModeEnabled = false
12-14 15:27:19.300  8097  8097 I si__MainViewImpl: isDesktopMode = false
12-14 15:27:19.300  8097  8097 I si__MainViewImpl: isDesktopModeEnabled = false
12-14 15:27:19.300  8097  8097 I si__MainViewPhone: configureBottombar, isTablet = false
12-14 15:27:19.300  8097  8097 W si__Toolbar: setVisibilityOfLandscapeViewIfNeeded(), No toolbar button
12-14 15:27:19.302  8097  8097 E SystemSettings: FallbackException : Fallback exception
12-14 15:27:19.302  8097  8097 I HideToolbarManager: [onResume]
12-14 15:27:19.302  8097  8097 I HideToolbarManager: [setBrowserControlsState] for (1) -> 3
12-14 15:27:19.303  8097  8097 I si__MainViewImpl: [NIGHTMODE] setNightModeEnabled = false
12-14 15:27:19.311  8097  8097 E MainActivityLoggingHelper: exception : com.sec.sbrowser.spl.util.FallbackException: Fallback exception
12-14 15:27:19.312  8097  8097 E SamsungAnalytics605069: Failure to build Log : Event name cannot be null
12-14 15:27:19.312  8097  8097 I chromium: [INFO:tin_six_tab_helper.cc(102)] OnCurrentTabChanged 0,0
12-14 15:27:19.312  8097  8097 I chromium: [INFO:tin_six_tab_helper.cc(678)] ForceActivateTabAt 0,0
12-14 15:27:19.312  8097  8097 I BixbyAppStateHelper: updateAppState
12-14 15:27:19.313  7623  7623 E adbd    : recv: OPEN 00002dd0 00000000 0009:74 63 70 3A 37 33 33 36 00 
12-14 15:27:19.313  8097  8097 E DonationHelper: donation not available
12-14 15:27:19.313  7623  7623 E adbd    : service_to_fd: tcp:7336
12-14 15:27:19.313  8097  8097 I VerificationLog: Executed:0
12-14 15:27:19.314  8097  8097 I ParentalControlUtil: AM Supported: false
12-14 15:27:19.314  8097  8097 I FlexModeUtil: postures = 0
12-14 15:27:19.314  8097  8097 I FlexModeUtil: updateDisplayFeature: WindowLayoutInfo{ DisplayFeatures[] }
12-14 15:27:19.314  8097  8097 I FlexModeUtil: No display features
12-14 15:27:19.314  8097  8097 I MediaAdapterImpl: onDeviceStateChanged
12-14 15:27:19.314  7623  7623 E adbd    : failed to connect to socket 'tcp:7336': Connection refused
12-14 15:27:19.315  8097  8097 I si__SBrowserMainActivity: package = [com.sec.android.app.sbrowser], versionCode = [1260307502]
12-14 15:27:19.319  8097 13059 I Tab     : CONSOLE: QAP: updateQuickAccessItems
12-14 15:27:19.322  3194  3194 I SurfaceFlinger: id=183 createSurf (720x1280),1 flag=4, com.sec.android.app.sbrowser/com.sec.android.app.sbrowser.SBrowserMainActivity#0
12-14 15:27:19.331  3194  3194 I SurfaceFlinger: id=184 createSurf (720x1232),4 flag=404, SurfaceView - com.sec.android.app.sbrowser/com.sec.android.app.sbrowser.SBrowserMainActivity@d3b7624@8#0
12-14 15:27:19.332  3194  3194 I SurfaceFlinger: id=185 createSurf (720x1232),-1 flag=20404, Background for - SurfaceView - com.sec.android.app.sbrowser/com.sec.android.app.sbrowser.SBrowserMainActivity@d3b7624@8#0
12-14 15:27:19.333  8097  8097 I TinCompositorSurfaceMgr: surfaceCreated
12-14 15:27:19.333  8097  8097 I TinCompositorView: surfaceCreated
12-14 15:27:19.333  8097  8097 I TinCompositorView: surfaceChanged width : 720 height :1232 format : 4
12-14 15:27:19.333  8097  8097 I chromium: [INFO:browser_gpu_channel_host_factory.cc(353)] EstablishGpuChannel: establishing gpu_channel
12-14 15:27:19.341  8097  8097 I QuickAccessVisibility: Current tab url is empty : false
12-14 15:27:19.346  8097  8097 I MainActivityIdManager: CMI: setFocusedActivity() Focused Activity: 0
12-14 15:27:19.346  8097  8097 I chromium: [INFO:tin_six_tab_helper.cc(102)] OnCurrentTabChanged 0,0
12-14 15:27:19.346  8097  8097 I chromium: [INFO:tin_six_tab_helper.cc(678)] ForceActivateTabAt 0,0
12-14 15:27:19.347  7623  7623 E adbd    : recv: OPEN 00002dd6 00000000 0009:74 63 70 3A 37 33 33 36 00 
12-14 15:27:19.347  8097  8097 I AIUtil  : BrowsingAssist is disabled
12-14 15:27:19.347  7623  7623 E adbd    : service_to_fd: tcp:7336
12-14 15:27:19.347  8097  8097 I si__MainViewUtil: waitingForTabRestore, no need to wait tab restore
12-14 15:27:19.347  8097  8097 I MainViewSecret: [runOpenInSecretModeIfRequired]
12-14 15:27:19.347  8097  8097 I si__DeviceFeatureUtils: [getTabBarSwitchSetting] no need to set default value : false
12-14 15:27:19.347  8097  8097 I si__DesktopModeUtils: isDesktopModeEnabled = false
12-14 15:27:19.347  8097  8097 E DonationHelper: donation not available
12-14 15:27:19.350  7623  7623 E adbd    : failed to connect to socket 'tcp:7336': Connection refused
12-14 15:27:19.353  8097  8097 I InputMethodManager: startInputInner - mService.startInputOrWindowGainedFocus
12-14 15:27:19.359  4132  4175 I ApplicationPackageManager: load=com.blogspot.e_kanivets.moneytracker, bg=144-144, dr=96-96, forDefault=true, density=0
12-14 15:27:19.360  4132  4175 I ApplicationPackageManager: scaled rate=0.72, size=96, alpha=9, hold=102
12-14 15:27:19.361  4132  4175 I ApplicationPackageManager: load=com.blogspot.e_kanivets.moneytracker-contain, bg=108-108, dr=96-96
12-14 15:27:19.374  8207  8540 I chromium: [INFO:anti_tracking_preference_watcher.cc(34)] [IAT] Enabled 1 asas = kOpenerInteraction cname = 1 srs = 1 anti-fp screen = 7 anti-fp webaudio = kEnabledAll
12-14 15:27:19.392  7623  7623 E adbd    : recv: OPEN 00002ddc 00000000 0009:74 63 70 3A 37 33 33 36 00 
12-14 15:27:19.392  7623  7623 E adbd    : service_to_fd: tcp:7336
12-14 15:27:19.392  3655  3790 I AudioService: audioEffectParam;audioHDR=0;packageName=com.sec.android.app.sbrowser
12-14 15:27:19.394  7623  7623 E adbd    : failed to connect to socket 'tcp:7336': Connection refused
12-14 15:27:19.415  8097 13059 I Tab     : CONSOLE: QAP: QuickAccess replaceQuickAccessItems called
12-14 15:27:19.426  7623  7623 E adbd    : recv: OPEN 00002de2 00000000 0009:74 63 70 3A 37 33 33 36 00 
12-14 15:27:19.426  7623  7623 E adbd    : service_to_fd: tcp:7336
12-14 15:27:19.429  7623  7623 E adbd    : failed to connect to socket 'tcp:7336': Connection refused
12-14 15:27:19.432  8097  8097 I TinCompositorView: runDrawFinishedCallback
12-14 15:27:19.466  7623  7623 E adbd    : recv: OPEN 00002de8 00000000 0009:74 63 70 3A 37 33 33 36 00 
12-14 15:27:19.466  7623  7623 E adbd    : service_to_fd: tcp:7336
12-14 15:27:19.469  7623  7623 E adbd    : failed to connect to socket 'tcp:7336': Connection refused
12-14 15:27:19.475  8097  8097 I si__DeviceFeatureUtils: [getTabBarSwitchSetting] no need to set default value : false
12-14 15:27:19.475  8097  8097 I si__DesktopModeUtils: isDesktopModeEnabled = false
12-14 15:27:19.487 22277 22315 I Finsky  : [6183] abdr.h(14): Triggered update for experiment package com.google.android.finsky.stable.
12-14 15:27:19.501  7623  7623 E adbd    : recv: OPEN 00002dee 00000000 0009:74 63 70 3A 37 33 33 36 00 
12-14 15:27:19.501  7623  7623 E adbd    : service_to_fd: tcp:7336
12-14 15:27:19.502  7623  7623 E adbd    : failed to connect to socket 'tcp:7336': Connection refused
12-14 15:27:19.510 22277 22344 I Finsky  : [6190] ldo.run(596): Initializing the instant apps module.
12-14 15:27:19.534  7623  7623 E adbd    : recv: OPEN 00002df4 00000000 0009:74 63 70 3A 37 33 33 36 00 
12-14 15:27:19.535  7623  7623 E adbd    : service_to_fd: tcp:7336
12-14 15:27:19.537  7623  7623 E adbd    : failed to connect to socket 'tcp:7336': Connection refused
12-14 15:27:19.568  7623  7623 E adbd    : recv: OPEN 00002dfa 00000000 0009:74 63 70 3A 37 33 33 36 00 
12-14 15:27:19.568  7623  7623 E adbd    : service_to_fd: tcp:7336
12-14 15:27:19.569  7623  7623 E adbd    : failed to connect to socket 'tcp:7336': Connection refused
12-14 15:27:19.588 22582 22590 I zygote64: Do partial code cache collection, code=61KB, data=38KB
12-14 15:27:19.588 22582 22590 I zygote64: After code cache collection, code=61KB, data=38KB
12-14 15:27:19.588 22582 22590 I zygote64: Increasing code cache capacity to 256KB
12-14 15:27:19.600  7623  7623 E adbd    : recv: OPEN 00002e00 00000000 0009:74 63 70 3A 37 33 33 36 00 
12-14 15:27:19.600  7623  7623 E adbd    : service_to_fd: tcp:7336
12-14 15:27:19.602  7623  7623 E adbd    : failed to connect to socket 'tcp:7336': Connection refused
12-14 15:27:19.628 22277 22315 I Finsky  : [6183] abdr.h(68): Already at the latest configurations for experiment package com.google.android.finsky.stable.
12-14 15:27:19.629 22277 22315 I Finsky  : [6183] abdr.h(14): Triggered update for experiment package com.google.android.finsky.regular.
12-14 15:27:19.634  7623  7623 E adbd    : recv: OPEN 00002e06 00000000 0009:74 63 70 3A 37 33 33 36 00 
12-14 15:27:19.635  7623  7623 E adbd    : service_to_fd: tcp:7336
12-14 15:27:19.636  7623  7623 E adbd    : failed to connect to socket 'tcp:7336': Connection refused
12-14 15:27:19.643 23145 23145 W ADebug  : Failed to get property persist.sys.media.traces
12-14 15:27:19.647 23145 23145 E appproc : Enhanced Zygote ASLR: ro.knox.enhance.zygote.aslr != 1. Enhanced Zygote ASLR is DISABLED!
12-14 15:27:19.651  3185  3185 I android.hardware.wifi@1.0-service: getLinkLayerStats
12-14 15:27:19.668  7623  7623 E adbd    : recv: OPEN 00002e0c 00000000 0009:74 63 70 3A 37 33 33 36 00 
12-14 15:27:19.668  7623  7623 E adbd    : service_to_fd: tcp:7336
12-14 15:27:19.735 22277 22315 I Finsky  : [6183] abdr.h(68): Already at the latest configurations for experiment package com.google.android.finsky.regular.
