12-14 15:28:01.399 24325 24325 I Input   : injectMotionEvent: MotionEvent { action=ACTION_MOVE, actionButton=0, id[0]=0, x[0]=360.0, y[0]=727.0, toolType[0]=TOOL_TYPE_UNKNOWN, buttonState=0, metaState=0, flags=0x0, edgeFlags=0x0, pointerCount=1, historySize=0, eventTime=303515529, downTime=303515529, deviceId=3, source=0x1002 }
12-14 15:28:01.412 24325 24325 I Input   : injectMotionEvent: MotionEvent { action=ACTION_MOVE, actionButton=0, id[0]=0, x[0]=360.0, y[0]=727.0, toolType[0]=TOOL_TYPE_UNKNOWN, buttonState=0, metaState=0, flags=0x0, edgeFlags=0x0, pointerCount=1, historySize=0, eventTime=303515542, downTime=303515542, deviceId=3, source=0x1002 }
12-14 15:28:01.435 24325 24325 I Input   : injectMotionEvent: MotionEvent { action=ACTION_MOVE, actionButton=0, id[0]=0, x[0]=360.0, y[0]=727.0, toolType[0]=TOOL_TYPE_UNKNOWN, buttonState=0, metaState=0, flags=0x0, edgeFlags=0x0, pointerCount=1, historySize=0, eventTime=303515565, downTime=303515565, deviceId=3, source=0x1002 }
12-14 15:28:01.460 24325 24325 I Input   : injectMotionEvent: MotionEvent { action=ACTION_MOVE, actionButton=0, id[0]=0, x[0]=360.0, y[0]=727.0, toolType[0]=TOOL_TYPE_UNKNOWN, buttonState=0, metaState=0, flags=0x0, edgeFlags=0x0, pointerCount=1, historySize=0, eventTime=303515589, downTime=303515589, deviceId=3, source=0x1002 }
12-14 15:28:01.482 24325 24325 I Input   : injectMotionEvent: MotionEvent { action=ACTION_MOVE, actionButton=0, id[0]=0, x[0]=360.0, y[0]=727.0, toolType[0]=TOOL_TYPE_UNKNOWN, buttonState=0, metaState=0, flags=0x0, edgeFlags=0x0, pointerCount=1, historySize=0, eventTime=303515612, downTime=303515612, deviceId=3, source=0x1002 }
12-14 15:28:01.497 24325 24325 I Input   : injectMotionEvent: MotionEvent { action=ACTION_MOVE, actionButton=0, id[0]=0, x[0]=360.0, y[0]=727.0, toolType[0]=TOOL_TYPE_UNKNOWN, buttonState=0, metaState=0, flags=0x0, edgeFlags=0x0, pointerCount=1, historySize=0, eventTime=303515627, downTime=303515627, deviceId=3, source=0x1002 }
12-14 15:28:01.530 24325 24325 I Input   : injectMotionEvent: MotionEvent { action=ACTION_MOVE, actionButton=0, id[0]=0, x[0]=360.0, y[0]=727.0, toolType[0]=TOOL_TYPE_UNKNOWN, buttonState=0, metaState=0, flags=0x0, edgeFlags=0x0, pointerCount=1, historySize=0, eventTime=303515660, downTime=303515660, deviceId=3, source=0x1002 }
12-14 15:28:01.553 24325 24325 I Input   : injectMotionEvent: MotionEvent { action=ACTION_MOVE, actionButton=0, id[0]=0, x[0]=360.0, y[0]=727.0, toolType[0]=TOOL_TYPE_UNKNOWN, buttonState=0, metaState=0, flags=0x0, edgeFlags=0x0, pointerCount=1, historySize=0, eventTime=303515682, downTime=303515682, deviceId=3, source=0x1002 }
12-14 15:28:01.567 24325 24325 I Input   : injectMotionEvent: MotionEvent { action=ACTION_MOVE, actionButton=0, id[0]=0, x[0]=360.0, y[0]=727.0, toolType[0]=TOOL_TYPE_UNKNOWN, buttonState=0, metaState=0, flags=0x0, edgeFlags=0x0, pointerCount=1, historySize=0, eventTime=303515697, downTime=303515697, deviceId=3, source=0x1002 }
12-14 15:28:01.597 24325 24325 I Input   : injectMotionEvent: MotionEvent { action=ACTION_MOVE, actionButton=0, id[0]=0, x[0]=360.0, y[0]=727.0, toolType[0]=TOOL_TYPE_UNKNOWN, buttonState=0, metaState=0, flags=0x0, edgeFlags=0x0, pointerCount=1, historySize=0, eventTime=303515727, downTime=303515727, deviceId=3, source=0x1002 }
12-14 15:28:01.619 24325 24325 I Input   : injectMotionEvent: MotionEvent { action=ACTION_MOVE, actionButton=0, id[0]=0, x[0]=360.0, y[0]=727.0, toolType[0]=TOOL_TYPE_UNKNOWN, buttonState=0, metaState=0, flags=0x0, edgeFlags=0x0, pointerCount=1, historySize=0, eventTime=303515750, downTime=303515750, deviceId=3, source=0x1002 }
12-14 15:28:01.642 24325 24325 I Input   : injectMotionEvent: MotionEvent { action=ACTION_MOVE, actionButton=0, id[0]=0, x[0]=360.0, y[0]=727.0, toolType[0]=TOOL_TYPE_UNKNOWN, buttonState=0, metaState=0, flags=0x0, edgeFlags=0x0, pointerCount=1, historySize=0, eventTime=303515772, downTime=303515772, deviceId=3, source=0x1002 }
12-14 15:28:01.664 24325 24325 I Input   : injectMotionEvent: MotionEvent { action=ACTION_MOVE, actionButton=0, id[0]=0, x[0]=360.0, y[0]=727.0, toolType[0]=TOOL_TYPE_UNKNOWN, buttonState=0, metaState=0, flags=0x0, edgeFlags=0x0, pointerCount=1, historySize=0, eventTime=303515794, downTime=303515794, deviceId=3, source=0x1002 }
12-14 15:28:01.687 24325 24325 I Input   : injectMotionEvent: MotionEvent { action=ACTION_MOVE, actionButton=0, id[0]=0, x[0]=360.0, y[0]=727.0, toolType[0]=TOOL_TYPE_UNKNOWN, buttonState=0, metaState=0, flags=0x0, edgeFlags=0x0, pointerCount=1, historySize=0, eventTime=303515818, downTime=303515818, deviceId=3, source=0x1002 }
12-14 15:28:01.708 24325 24325 I Input   : injectMotionEvent: MotionEvent { action=ACTION_MOVE, actionButton=0, id[0]=0, x[0]=360.0, y[0]=727.0, toolType[0]=TOOL_TYPE_UNKNOWN, buttonState=0, metaState=0, flags=0x0, edgeFlags=0x0, pointerCount=1, historySize=0, eventTime=303515838, downTime=303515838, deviceId=3, source=0x1002 }
12-14 15:28:01.730 24325 24325 I Input   : injectMotionEvent: MotionEvent { action=ACTION_MOVE, actionButton=0, id[0]=0, x[0]=360.0, y[0]=727.0, toolType[0]=TOOL_TYPE_UNKNOWN, buttonState=0, metaState=0, flags=0x0, edgeFlags=0x0, pointerCount=1, historySize=0, eventTime=303515861, downTime=303515861, deviceId=3, source=0x1002 }
12-14 15:28:01.742 24325 24325 I Input   : injectMotionEvent: MotionEvent { action=ACTION_MOVE, actionButton=0, id[0]=0, x[0]=360.0, y[0]=727.0, toolType[0]=TOOL_TYPE_UNKNOWN, buttonState=0, metaState=0, flags=0x0, edgeFlags=0x0, pointerCount=1, historySize=0, eventTime=303515872, downTime=303515872, deviceId=3, source=0x1002 }
12-14 15:28:01.760 24325 24325 I Input   : injectMotionEvent: MotionEvent { action=ACTION_MOVE, actionButton=0, id[0]=0, x[0]=360.0, y[0]=727.0, toolType[0]=TOOL_TYPE_UNKNOWN, buttonState=0, metaState=0, flags=0x0, edgeFlags=0x0, pointerCount=1, historySize=0, eventTime=303515890, downTime=303515890, deviceId=3, source=0x1002 }
12-14 15:28:01.784 24325 24325 I Input   : injectMotionEvent: MotionEvent { action=ACTION_MOVE, actionButton=0, id[0]=0, x[0]=360.0, y[0]=727.0, toolType[0]=TOOL_TYPE_UNKNOWN, buttonState=0, metaState=0, flags=0x0, edgeFlags=0x0, pointerCount=1, historySize=0, eventTime=303515914, downTime=303515914, deviceId=3, source=0x1002 }
12-14 15:28:01.805 24325 24325 I Input   : injectMotionEvent: MotionEvent { action=ACTION_MOVE, actionButton=0, id[0]=0, x[0]=360.0, y[0]=727.0, toolType[0]=TOOL_TYPE_UNKNOWN, buttonState=0, metaState=0, flags=0x0, edgeFlags=0x0, pointerCount=1, historySize=0, eventTime=303515936, downTime=303515936, deviceId=3, source=0x1002 }
12-14 15:28:01.830 24325 24325 I Input   : injectMotionEvent: MotionEvent { action=ACTION_MOVE, actionButton=0, id[0]=0, x[0]=360.0, y[0]=727.0, toolType[0]=TOOL_TYPE_UNKNOWN, buttonState=0, metaState=0, flags=0x0, edgeFlags=0x0, pointerCount=1, historySize=0, eventTime=303515960, downTime=303515960, deviceId=3, source=0x1002 }
12-14 15:28:01.842 24325 24325 I Input   : injectMotionEvent: MotionEvent { action=ACTION_MOVE, actionButton=0, id[0]=0, x[0]=360.0, y[0]=727.0, toolType[0]=TOOL_TYPE_UNKNOWN, buttonState=0, metaState=0, flags=0x0, edgeFlags=0x0, pointerCount=1, historySize=0, eventTime=303515972, downTime=303515972, deviceId=3, source=0x1002 }
12-14 15:28:01.857 24325 24325 I Input   : injectMotionEvent: MotionEvent { action=ACTION_MOVE, actionButton=0, id[0]=0, x[0]=360.0, y[0]=727.0, toolType[0]=TOOL_TYPE_UNKNOWN, buttonState=0, metaState=0, flags=0x0, edgeFlags=0x0, pointerCount=1, historySize=0, eventTime=303515988, downTime=303515988, deviceId=3, source=0x1002 }
12-14 15:28:01.875 24325 24325 I Input   : injectMotionEvent: MotionEvent { action=ACTION_MOVE, actionButton=0, id[0]=0, x[0]=360.0, y[0]=727.0, toolType[0]=TOOL_TYPE_UNKNOWN, buttonState=0, metaState=0, flags=0x0, edgeFlags=0x0, pointerCount=1, historySize=0, eventTime=303516005, downTime=303516005, deviceId=3, source=0x1002 }
12-14 15:28:01.897 24325 24325 I Input   : injectMotionEvent: MotionEvent { action=ACTION_MOVE, actionButton=0, id[0]=0, x[0]=360.0, y[0]=727.0, toolType[0]=TOOL_TYPE_UNKNOWN, buttonState=0, metaState=0, flags=0x0, edgeFlags=0x0, pointerCount=1, historySize=0, eventTime=303516027, downTime=303516027, deviceId=3, source=0x1002 }
12-14 15:28:01.919 24325 24325 I Input   : injectMotionEvent: MotionEvent { action=ACTION_MOVE, actionButton=0, id[0]=0, x[0]=360.0, y[0]=727.0, toolType[0]=TOOL_TYPE_UNKNOWN, buttonState=0, metaState=0, flags=0x0, edgeFlags=0x0, pointerCount=1, historySize=0, eventTime=303516050, downTime=303516050, deviceId=3, source=0x1002 }
12-14 15:28:01.934 24325 24325 I Input   : injectMotionEvent: MotionEvent { action=ACTION_MOVE, actionButton=0, id[0]=0, x[0]=360.0, y[0]=727.0, toolType[0]=TOOL_TYPE_UNKNOWN, buttonState=0, metaState=0, flags=0x0, edgeFlags=0x0, pointerCount=1, historySize=0, eventTime=303516065, downTime=303516065, deviceId=3, source=0x1002 }
12-14 15:28:01.946 24325 24325 I Input   : injectMotionEvent: MotionEvent { action=ACTION_MOVE, actionButton=0, id[0]=0, x[0]=360.0, y[0]=727.0, toolType[0]=TOOL_TYPE_UNKNOWN, buttonState=0, metaState=0, flags=0x0, edgeFlags=0x0, pointerCount=1, historySize=0, eventTime=303516077, downTime=303516077, deviceId=3, source=0x1002 }
12-14 15:28:01.966 24325 24325 I Input   : injectMotionEvent: MotionEvent { action=ACTION_MOVE, actionButton=0, id[0]=0, x[0]=360.0, y[0]=727.0, toolType[0]=TOOL_TYPE_UNKNOWN, buttonState=0, metaState=0, flags=0x0, edgeFlags=0x0, pointerCount=1, historySize=0, eventTime=303516096, downTime=303516096, deviceId=3, source=0x1002 }
12-14 15:28:01.980 24325 24325 I Input   : injectMotionEvent: MotionEvent { action=ACTION_MOVE, actionButton=0, id[0]=0, x[0]=360.0, y[0]=727.0, toolType[0]=TOOL_TYPE_UNKNOWN, buttonState=0, metaState=0, flags=0x0, edgeFlags=0x0, pointerCount=1, historySize=0, eventTime=303516111, downTime=303516111, deviceId=3, source=0x1002 }
12-14 15:28:01.988 24325 24325 I Input   : injectMotionEvent: MotionEvent { action=ACTION_MOVE, actionButton=0, id[0]=0, x[0]=360.0, y[0]=727.0, toolType[0]=TOOL_TYPE_UNKNOWN, buttonState=0, metaState=0, flags=0x0, edgeFlags=0x0, pointerCount=1, historySize=0, eventTime=303516119, downTime=303516119, deviceId=3, source=0x1002 }
12-14 15:28:01.992  3185  3185 I android.hardware.wifi@1.0-service: getLinkLayerStats
12-14 15:28:02.003 24325 24325 I Input   : injectMotionEvent: MotionEvent { action=ACTION_MOVE, actionButton=0, id[0]=0, x[0]=360.0, y[0]=727.0, toolType[0]=TOOL_TYPE_UNKNOWN, buttonState=0, metaState=0, flags=0x0, edgeFlags=0x0, pointerCount=1, historySize=0, eventTime=303516133, downTime=303516133, deviceId=3, source=0x1002 }
12-14 15:28:02.023 24325 24325 I Input   : injectMotionEvent: MotionEvent { action=ACTION_UP, actionButton=0, id[0]=0, x[0]=360.0, y[0]=727.0, toolType[0]=TOOL_TYPE_UNKNOWN, buttonState=0, metaState=0, flags=0x0, edgeFlags=0x0, pointerCount=1, historySize=0, eventTime=303516154, downTime=303516154, deviceId=3, source=0x1002 }
12-14 15:28:02.025  3655  3785 I InputDispatcher: Delivering touch to (23594): action: 0x1, toolType: 0
12-14 15:28:02.233  7623  7623 E adbd    : recv: OPEN 00003112 00000000 0024:73 68 65 6C 6C 2C 76 32 2C 54 45 52 4D 3D 78 74 65 72 6D 2D 32 35 36 63 6F 6C 6F 72 2C 72 61 77 3A 70 73 00 
12-14 15:28:02.233  7623  7623 E adbd    : service_to_fd: shell,v2,TERM=xterm-256color,raw:ps
12-14 15:28:03.123  7623  7623 E adbd    : recv: OPEN 00003115 00000000 003d:73 68 65 6C 6C 2C 76 32 2C 54 45 52 4D 3D 78 74 65 72 6D 2D 32 35 36 63 6F 6C 6F 72 2C 72 61 77 3A 64 75 6D 70 73 79 73 20 61 63 74 69 76 69 74 79 20 61 63 74 69 76 69 74 69 65 73 00 
12-14 15:28:03.124  7623  7623 E adbd    : service_to_fd: shell,v2,TERM=xterm-256color,raw:dumpsys activity activities
12-14 15:28:03.218  7623  7623 E adbd    : recv: OPEN 00003118 00000000 003d:73 68 65 6C 6C 2C 76 32 2C 54 45 52 4D 3D 78 74 65 72 6D 2D 32 35 36 63 6F 6C 6F 72 2C 72 61 77 3A 64 75 6D 70 73 79 73 20 61 63 74 69 76 69 74 79 20 61 63 74 69 76 69 74 69 65 73 00 
12-14 15:28:03.219  7623  7623 E adbd    : service_to_fd: shell,v2,TERM=xterm-256color,raw:dumpsys activity activities
12-14 15:28:03.299  7623  7623 E adbd    : recv: OPEN 0000311b 00000000 003d:73 68 65 6C 6C 2C 76 32 2C 54 45 52 4D 3D 78 74 65 72 6D 2D 32 35 36 63 6F 6C 6F 72 2C 72 61 77 3A 64 75 6D 70 73 79 73 20 61 63 74 69 76 69 74 79 20 61 63 74 69 76 69 74 69 65 73 00 
12-14 15:28:03.299  7623  7623 E adbd    : service_to_fd: shell,v2,TERM=xterm-256color,raw:dumpsys activity activities
12-14 15:28:03.379  7623  7623 E adbd    : recv: OPEN 00003120 00000000 003b:73 68 65 6C 6C 2C 76 32 2C 54 45 52 4D 3D 78 74 65 72 6D 2D 32 35 36 63 6F 6C 6F 72 2C 72 61 77 3A 64 75 6D 70 73 79 73 20 61 63 74 69 76 69 74 79 20 73 65 72 76 69 63 65 73 00 
12-14 15:28:03.379  7623  7623 E adbd    : service_to_fd: shell,v2,TERM=xterm-256color,raw:dumpsys activity services
12-14 15:28:03.386  7623  7623 E adbd    : recv: OPEN 00003121 00000000 0024:73 68 65 6C 6C 2C 76 32 2C 54 45 52 4D 3D 78 74 65 72 6D 2D 32 35 36 63 6F 6C 6F 72 2C 72 61 77 3A 70 73 00 
12-14 15:28:03.386  7623  7623 E adbd    : service_to_fd: shell,v2,TERM=xterm-256color,raw:ps
12-14 15:28:03.477  7623  7623 E adbd    : recv: OPEN 00003124 00000000 0053:73 68 65 6C 6C 2C 76 32 2C 54 45 52 4D 3D 78 74 65 72 6D 2D 32 35 36 63 6F 6C 6F 72 2C 72 61 77 3A 73 63 72 65 65 6E 63 61 70 20 2D 70 20 2F 73 64 63 61 72 64 2F 73 63 72 65 65 6E 5F 32 30 32 34 2D 31 32 2D 31 34 5F 31 35 31 36 33 34 2E 70 6E 67 00 
12-14 15:28:03.477  7623  7623 E adbd    : service_to_fd: shell,v2,TERM=xterm-256color,raw:screencap -p /sdcard/screen_2024-12-14_151634.png
12-14 15:28:03.593  3655  3665 I EDMNativeHelperService: isScreenCaptureEnabled
12-14 15:28:03.712  3655  3686 E memtrack: Couldn't load memtrack module
12-14 15:28:03.712  3655  3686 W android.os.Debug: failed to get memory consumption info: -1
12-14 15:28:03.746 25109 24362 I GmscoreIpa: Starting mediastore instant index [CONTEXT service_id=255 ]
12-14 15:28:03.810  3655  3686 E memtrack: Couldn't load memtrack module
12-14 15:28:03.810  3655  3686 W android.os.Debug: failed to get memory consumption info: -1
12-14 15:28:03.845  3655  3686 E memtrack: Couldn't load memtrack module
12-14 15:28:03.845  3655  3686 W android.os.Debug: failed to get memory consumption info: -1
12-14 15:28:03.856  3655  3687 E ActivityManager: getPackageFromAppProcesses, return null :24366
12-14 15:28:03.867  3655  3665 W StorageManager: getStorageLowBytes lowPercent : 5, lowBytes : 1324890931, maxLowBytes : 524288000
12-14 15:28:03.875  3655  3686 E memtrack: Couldn't load memtrack module
12-14 15:28:03.875  3655  3686 W android.os.Debug: failed to get memory consumption info: -1
12-14 15:28:03.904  7623  7623 E adbd    : recv: OPEN 00003127 00000000 0006:73 79 6E 63 3A 00 
12-14 15:28:03.904  7623  7623 E adbd    : service_to_fd: sync:
12-14 15:28:03.925  7623  7623 E adbd    : recv: OPEN 0000312a 00000000 0049:73 68 65 6C 6C 2C 76 32 2C 54 45 52 4D 3D 78 74 65 72 6D 2D 32 35 36 63 6F 6C 6F 72 2C 72 61 77 3A 72 6D 20 2F 73 64 63 61 72 64 2F 73 63 72 65 65 6E 5F 32 30 32 34 2D 31 32 2D 31 34 5F 31 35 31 36 33 34 2E 70 6E 67 00 
12-14 15:28:03.925  7623  7623 E adbd    : service_to_fd: shell,v2,TERM=xterm-256color,raw:rm /sdcard/screen_2024-12-14_151634.png
12-14 15:28:03.995  7623  7623 E adbd    : recv: OPEN 0000312d 00000000 0031:73 68 65 6C 6C 2C 76 32 2C 54 45 52 4D 3D 78 74 65 72 6D 2D 32 35 36 63 6F 6C 6F 72 2C 72 61 77 3A 64 75 6D 70 73 79 73 20 64 69 73 70 6C 61 79 00 
12-14 15:28:03.996  7623  7623 E adbd    : service_to_fd: shell,v2,TERM=xterm-256color,raw:dumpsys display
12-14 15:28:04.084  7623  7623 E adbd    : recv: OPEN 00003130 00000000 003b:73 68 65 6C 6C 2C 76 32 2C 54 45 52 4D 3D 78 74 65 72 6D 2D 32 35 36 63 6F 6C 6F 72 2C 72 61 77 3A 67 65 74 70 72 6F 70 20 72 6F 2E 73 66 2E 6C 63 64 5F 64 65 6E 73 69 74 79 00 
12-14 15:28:04.085  7623  7623 E adbd    : service_to_fd: shell,v2,TERM=xterm-256color,raw:getprop ro.sf.lcd_density
12-14 15:28:04.155  7623  7623 E adbd    : recv: OPEN 00003133 00000000 003d:73 68 65 6C 6C 2C 76 32 2C 54 45 52 4D 3D 78 74 65 72 6D 2D 32 35 36 63 6F 6C 6F 72 2C 72 61 77 3A 64 75 6D 70 73 79 73 20 61 63 74 69 76 69 74 79 20 61 63 74 69 76 69 74 69 65 73 00 
12-14 15:28:04.156  7623  7623 E adbd    : service_to_fd: shell,v2,TERM=xterm-256color,raw:dumpsys activity activities
12-14 15:28:04.234  7623  7623 E adbd    : recv: OPEN 00003136 00000000 003d:73 68 65 6C 6C 2C 76 32 2C 54 45 52 4D 3D 78 74 65 72 6D 2D 32 35 36 63 6F 6C 6F 72 2C 72 61 77 3A 64 75 6D 70 73 79 73 20 61 63 74 69 76 69 74 79 20 61 63 74 69 76 69 74 69 65 73 00 
12-14 15:28:04.234  7623  7623 E adbd    : service_to_fd: shell,v2,TERM=xterm-256color,raw:dumpsys activity activities
12-14 15:28:04.316  7623  7623 E adbd    : recv: OPEN 00003139 00000000 003d:73 68 65 6C 6C 2C 76 32 2C 54 45 52 4D 3D 78 74 65 72 6D 2D 32 35 36 63 6F 6C 6F 72 2C 72 61 77 3A 64 75 6D 70 73 79 73 20 61 63 74 69 76 69 74 79 20 61 63 74 69 76 69 74 69 65 73 00 
12-14 15:28:04.316  7623  7623 E adbd    : service_to_fd: shell,v2,TERM=xterm-256color,raw:dumpsys activity activities
12-14 15:28:04.387  7623  7623 E adbd    : recv: OPEN 0000313c 00000000 003b:73 68 65 6C 6C 2C 76 32 2C 54 45 52 4D 3D 78 74 65 72 6D 2D 32 35 36 63 6F 6C 6F 72 2C 72 61 77 3A 64 75 6D 70 73 79 73 20 61 63 74 69 76 69 74 79 20 73 65 72 76 69 63 65 73 00 
12-14 15:28:04.387  7623  7623 E adbd    : service_to_fd: shell,v2,TERM=xterm-256color,raw:dumpsys activity services
12-14 15:28:04.472  7623  7623 E adbd    : recv: OPEN 0000313f 00000000 0053:73 68 65 6C 6C 2C 76 32 2C 54 45 52 4D 3D 78 74 65 72 6D 2D 32 35 36 63 6F 6C 6F 72 2C 72 61 77 3A 73 63 72 65 65 6E 63 61 70 20 2D 70 20 2F 73 64 63 61 72 64 2F 73 63 72 65 65 6E 5F 32 30 32 34 2D 31 32 2D 31 34 5F 31 35 31 36 33 35 2E 70 6E 67 00 
12-14 15:28:04.473  7623  7623 E adbd    : service_to_fd: shell,v2,TERM=xterm-256color,raw:screencap -p /sdcard/screen_2024-12-14_151635.png
12-14 15:28:04.559  7623  7623 E adbd    : recv: OPEN 00003142 00000000 0024:73 68 65 6C 6C 2C 76 32 2C 54 45 52 4D 3D 78 74 65 72 6D 2D 32 35 36 63 6F 6C 6F 72 2C 72 61 77 3A 70 73 00 
12-14 15:28:04.559  7623  7623 E adbd    : service_to_fd: shell,v2,TERM=xterm-256color,raw:ps
12-14 15:28:04.627  3655  3666 I EDMNativeHelperService: isScreenCaptureEnabled
12-14 15:28:04.821  3655  3687 E ActivityManager: getPackageFromAppProcesses, return null :24398
12-14 15:28:04.832  3655  3665 W StorageManager: getStorageLowBytes lowPercent : 5, lowBytes : 1324890931, maxLowBytes : 524288000
12-14 15:28:04.884  7623  7623 E adbd    : recv: OPEN 00003145 00000000 0006:73 79 6E 63 3A 00 
12-14 15:28:04.885  7623  7623 E adbd    : service_to_fd: sync:
12-14 15:28:04.910  7623  7623 E adbd    : recv: OPEN 00003148 00000000 0049:73 68 65 6C 6C 2C 76 32 2C 54 45 52 4D 3D 78 74 65 72 6D 2D 32 35 36 63 6F 6C 6F 72 2C 72 61 77 3A 72 6D 20 2F 73 64 63 61 72 64 2F 73 63 72 65 65 6E 5F 32 30 32 34 2D 31 32 2D 31 34 5F 31 35 31 36 33 35 2E 70 6E 67 00 
12-14 15:28:04.910  7623  7623 E adbd    : service_to_fd: shell,v2,TERM=xterm-256color,raw:rm /sdcard/screen_2024-12-14_151635.png
12-14 15:28:04.981  7623  7623 E adbd    : recv: OPEN 0000314b 00000000 0031:73 68 65 6C 6C 2C 76 32 2C 54 45 52 4D 3D 78 74 65 72 6D 2D 32 35 36 63 6F 6C 6F 72 2C 72 61 77 3A 64 75 6D 70 73 79 73 20 64 69 73 70 6C 61 79 00 
12-14 15:28:04.981  7623  7623 E adbd    : service_to_fd: shell,v2,TERM=xterm-256color,raw:dumpsys display
12-14 15:28:05.020  3185  3185 I android.hardware.wifi@1.0-service: getLinkLayerStats
12-14 15:28:05.060  7623  7623 E adbd    : recv: OPEN 0000314e 00000000 003b:73 68 65 6C 6C 2C 76 32 2C 54 45 52 4D 3D 78 74 65 72 6D 2D 32 35 36 63 6F 6C 6F 72 2C 72 61 77 3A 67 65 74 70 72 6F 70 20 72 6F 2E 73 66 2E 6C 63 64 5F 64 65 6E 73 69 74 79 00 
12-14 15:28:05.061  7623  7623 E adbd    : service_to_fd: shell,v2,TERM=xterm-256color,raw:getprop ro.sf.lcd_density
12-14 15:28:05.158  7623  7623 E adbd    : recv: OPEN 00003151 00000000 003d:73 68 65 6C 6C 2C 76 32 2C 54 45 52 4D 3D 78 74 65 72 6D 2D 32 35 36 63 6F 6C 6F 72 2C 72 61 77 3A 64 75 6D 70 73 79 73 20 61 63 74 69 76 69 74 79 20 61 63 74 69 76 69 74 69 65 73 00 
12-14 15:28:05.158  7623  7623 E adbd    : service_to_fd: shell,v2,TERM=xterm-256color,raw:dumpsys activity activities
12-14 15:28:05.245  7623  7623 E adbd    : recv: OPEN 00003154 00000000 003d:73 68 65 6C 6C 2C 76 32 2C 54 45 52 4D 3D 78 74 65 72 6D 2D 32 35 36 63 6F 6C 6F 72 2C 72 61 77 3A 64 75 6D 70 73 79 73 20 61 63 74 69 76 69 74 79 20 61 63 74 69 76 69 74 69 65 73 00 
12-14 15:28:05.245  7623  7623 E adbd    : service_to_fd: shell,v2,TERM=xterm-256color,raw:dumpsys activity activities
12-14 15:28:05.313  7623  7623 E adbd    : recv: OPEN 00003157 00000000 003d:73 68 65 6C 6C 2C 76 32 2C 54 45 52 4D 3D 78 74 65 72 6D 2D 32 35 36 63 6F 6C 6F 72 2C 72 61 77 3A 64 75 6D 70 73 79 73 20 61 63 74 69 76 69 74 79 20 61 63 74 69 76 69 74 69 65 73 00 
12-14 15:28:05.313  7623  7623 E adbd    : service_to_fd: shell,v2,TERM=xterm-256color,raw:dumpsys activity activities
12-14 15:28:05.384  7623  7623 E adbd    : recv: OPEN 0000315a 00000000 003b:73 68 65 6C 6C 2C 76 32 2C 54 45 52 4D 3D 78 74 65 72 6D 2D 32 35 36 63 6F 6C 6F 72 2C 72 61 77 3A 64 75 6D 70 73 79 73 20 61 63 74 69 76 69 74 79 20 73 65 72 76 69 63 65 73 00 
12-14 15:28:05.384  7623  7623 E adbd    : service_to_fd: shell,v2,TERM=xterm-256color,raw:dumpsys activity services
12-14 15:28:05.492  7623  7623 E adbd    : recv: OPEN 0000315d 00000000 0053:73 68 65 6C 6C 2C 76 32 2C 54 45 52 4D 3D 78 74 65 72 6D 2D 32 35 36 63 6F 6C 6F 72 2C 72 61 77 3A 73 63 72 65 65 6E 63 61 70 20 2D 70 20 2F 73 64 63 61 72 64 2F 73 63 72 65 65 6E 5F 32 30 32 34 2D 31 32 2D 31 34 5F 31 35 31 36 33 36 2E 70 6E 67 00 
12-14 15:28:05.492  7623  7623 E adbd    : service_to_fd: shell,v2,TERM=xterm-256color,raw:screencap -p /sdcard/screen_2024-12-14_151636.png
12-14 15:28:05.639  3655  3665 I EDMNativeHelperService: isScreenCaptureEnabled
12-14 15:28:05.701  7623  7623 E adbd    : recv: OPEN 00003160 00000000 0024:73 68 65 6C 6C 2C 76 32 2C 54 45 52 4D 3D 78 74 65 72 6D 2D 32 35 36 63 6F 6C 6F 72 2C 72 61 77 3A 70 73 00 
12-14 15:28:05.702  7623  7623 E adbd    : service_to_fd: shell,v2,TERM=xterm-256color,raw:ps
12-14 15:28:05.928  3655  3687 E ActivityManager: getPackageFromAppProcesses, return null :24431
12-14 15:28:05.939  3655  3666 W StorageManager: getStorageLowBytes lowPercent : 5, lowBytes : 1324890931, maxLowBytes : 524288000
12-14 15:28:05.988  7623  7623 E adbd    : recv: OPEN 00003163 00000000 0006:73 79 6E 63 3A 00 
12-14 15:28:05.988  7623  7623 E adbd    : service_to_fd: sync:
12-14 15:28:06.015  7623  7623 E adbd    : recv: OPEN 00003166 00000000 0049:73 68 65 6C 6C 2C 76 32 2C 54 45 52 4D 3D 78 74 65 72 6D 2D 32 35 36 63 6F 6C 6F 72 2C 72 61 77 3A 72 6D 20 2F 73 64 63 61 72 64 2F 73 63 72 65 65 6E 5F 32 30 32 34 2D 31 32 2D 31 34 5F 31 35 31 36 33 36 2E 70 6E 67 00 
12-14 15:28:06.015  7623  7623 E adbd    : service_to_fd: shell,v2,TERM=xterm-256color,raw:rm /sdcard/screen_2024-12-14_151636.png
12-14 15:28:06.084  7623  7623 E adbd    : recv: OPEN 00003169 00000000 0031:73 68 65 6C 6C 2C 76 32 2C 54 45 52 4D 3D 78 74 65 72 6D 2D 32 35 36 63 6F 6C 6F 72 2C 72 61 77 3A 64 75 6D 70 73 79 73 20 64 69 73 70 6C 61 79 00 
12-14 15:28:06.084  7623  7623 E adbd    : service_to_fd: shell,v2,TERM=xterm-256color,raw:dumpsys display
12-14 15:28:06.084  7623  7623 E adbd    : service_to_fd: shell,v2,TERM=xterm-256color,raw:dumpsys display
12-14 15:28:06.162  7623  7623 E adbd    : recv: OPEN 0000316c 00000000 003b:73 68 65 6C 6C 2C 76 32 2C 54 45 52 4D 3D 78 74 65 72 6D 2D 32 35 36 63 6F 6C 6F 72 2C 72 61 77 3A 67 65 74 70 72 6F 70 20 72 6F 2E 73 66 2E 6C 63 64 5F 64 65 6E 73 69 74 79 00 
12-14 15:28:06.162  7623  7623 E adbd    : service_to_fd: shell,v2,TERM=xterm-256color,raw:getprop ro.sf.lcd_density
12-14 15:28:06.219  7623  7623 E adbd    : recv: OPEN 0000316f 00000000 0031:73 68 65 6C 6C 2C 76 32 2C 54 45 52 4D 3D 78 74 65 72 6D 2D 32 35 36 63 6F 6C 6F 72 2C 72 61 77 3A 64 75 6D 70 73 79 73 20 64 69 73 70 6C 61 79 00 
12-14 15:28:06.219  7623  7623 E adbd    : service_to_fd: shell,v2,TERM=xterm-256color,raw:dumpsys display
12-14 15:28:06.298  7623  7623 E adbd    : recv: OPEN 00003172 00000000 003b:73 68 65 6C 6C 2C 76 32 2C 54 45 52 4D 3D 78 74 65 72 6D 2D 32 35 36 63 6F 6C 6F 72 2C 72 61 77 3A 67 65 74 70 72 6F 70 20 72 6F 2E 73 66 2E 6C 63 64 5F 64 65 6E 73 69 74 79 00 
12-14 15:28:06.298  7623  7623 E adbd    : service_to_fd: shell,v2,TERM=xterm-256color,raw:getprop ro.sf.lcd_density
12-14 15:28:06.361  7623  7623 E adbd    : recv: OPEN 00003175 00000000 0031:73 68 65 6C 6C 2C 76 32 2C 54 45 52 4D 3D 78 74 65 72 6D 2D 32 35 36 63 6F 6C 6F 72 2C 72 61 77 3A 64 75 6D 70 73 79 73 20 64 69 73 70 6C 61 79 00 
12-14 15:28:06.362  7623  7623 E adbd    : service_to_fd: shell,v2,TERM=xterm-256color,raw:dumpsys display
12-14 15:28:06.430  7623  7623 E adbd    : recv: OPEN 00003178 00000000 003b:73 68 65 6C 6C 2C 76 32 2C 54 45 52 4D 3D 78 74 65 72 6D 2D 32 35 36 63 6F 6C 6F 72 2C 72 61 77 3A 67 65 74 70 72 6F 70 20 72 6F 2E 73 66 2E 6C 63 64 5F 64 65 6E 73 69 74 79 00 
12-14 15:28:06.430  7623  7623 E adbd    : service_to_fd: shell,v2,TERM=xterm-256color,raw:getprop ro.sf.lcd_density
12-14 15:28:06.482  7623  7623 E adbd    : recv: OPEN 0000317b 00000000 0031:73 68 65 6C 6C 2C 76 32 2C 54 45 52 4D 3D 78 74 65 72 6D 2D 32 35 36 63 6F 6C 6F 72 2C 72 61 77 3A 64 75 6D 70 73 79 73 20 64 69 73 70 6C 61 79 00 
12-14 15:28:06.482  7623  7623 E adbd    : service_to_fd: shell,v2,TERM=xterm-256color,raw:dumpsys display
12-14 15:28:06.561  7623  7623 E adbd    : recv: OPEN 0000317e 00000000 003b:73 68 65 6C 6C 2C 76 32 2C 54 45 52 4D 3D 78 74 65 72 6D 2D 32 35 36 63 6F 6C 6F 72 2C 72 61 77 3A 67 65 74 70 72 6F 70 20 72 6F 2E 73 66 2E 6C 63 64 5F 64 65 6E 73 69 74 79 00 
12-14 15:28:06.561  7623  7623 E adbd    : service_to_fd: shell,v2,TERM=xterm-256color,raw:getprop ro.sf.lcd_density
12-14 15:28:06.626  7623  7623 E adbd    : recv: OPEN 00003181 00000000 003e:73 68 65 6C 6C 2C 76 32 2C 54 45 52 4D 3D 78 74 65 72 6D 2D 32 35 36 63 6F 6C 6F 72 2C 72 61 77 3A 67 65 74 70 72 6F 70 20 72 6F 2E 62 75 69 6C 64 2E 76 65 72 73 69 6F 6E 2E 73 64 6B 00 
12-14 15:28:06.626  7623  7623 E adbd    : service_to_fd: shell,v2,TERM=xterm-256color,raw:getprop ro.build.version.sdk
12-14 15:28:06.688  7623  7623 E adbd    : recv: OPEN 00003184 00000000 004d:73 68 65 6C 6C 2C 76 32 2C 54 45 52 4D 3D 78 74 65 72 6D 2D 32 35 36 63 6F 6C 6F 72 2C 72 61 77 3A 69 6E 70 75 74 20 74 6F 75 63 68 73 63 72 65 65 6E 20 73 77 69 70 65 20 33 36 30 20 36 30 30 20 33 36 30 20 36 30 30 20 32 30 30 00 
12-14 15:28:06.689  7623  7623 E adbd    : service_to_fd: shell,v2,TERM=xterm-256color,raw:input touchscreen swipe 360 600 360 600 200
12-14 15:28:06.856  7623  7623 E adbd    : recv: OPEN 00003187 00000000 0024:73 68 65 6C 6C 2C 76 32 2C 54 45 52 4D 3D 78 74 65 72 6D 2D 32 35 36 63 6F 6C 6F 72 2C 72 61 77 3A 70 73 00 
12-14 15:28:06.856  7623  7623 E adbd    : service_to_fd: shell,v2,TERM=xterm-256color,raw:ps
12-14 15:28:07.064 24459 24459 W ADebug  : Failed to get property persist.sys.media.traces
12-14 15:28:07.069 24459 24459 E appproc : Enhanced Zygote ASLR: ro.knox.enhance.zygote.aslr != 1. Enhanced Zygote ASLR is DISABLED!
12-14 15:28:07.166 24459 24459 I app_process: find the special shared library, skip check
12-14 15:28:07.188 24459 24459 E SemAffinityControl: SemAffinityControl: registerfunction enter
12-14 15:28:07.200 24459 24459 I Input   : injectMotionEvent: MotionEvent { action=ACTION_DOWN, actionButton=0, id[0]=0, x[0]=360.0, y[0]=600.0, toolType[0]=TOOL_TYPE_UNKNOWN, buttonState=0, metaState=0, flags=0x0, edgeFlags=0x0, pointerCount=1, historySize=0, eventTime=303521324, downTime=303521324, deviceId=3, source=0x1002 }
12-14 15:28:07.203  3655  3785 I InputDispatcher: Delivering touch to (4132): action: 0x4, toolType: 0
12-14 15:28:07.204  3655  3785 I InputDispatcher: Delivering touch to (23594): action: 0x0, toolType: 0
12-14 15:28:07.231 24459 24459 I Input   : injectMotionEvent: MotionEvent { action=ACTION_MOVE, actionButton=0, id[0]=0, x[0]=360.0, y[0]=600.0, toolType[0]=TOOL_TYPE_UNKNOWN, buttonState=0, metaState=0, flags=0x0, edgeFlags=0x0, pointerCount=1, historySize=0, eventTime=303521324, downTime=303521324, deviceId=3, source=0x1002 }
12-14 15:28:07.252 24459 24459 I Input   : injectMotionEvent: MotionEvent { action=ACTION_MOVE, actionButton=0, id[0]=0, x[0]=360.0, y[0]=600.0, toolType[0]=TOOL_TYPE_UNKNOWN, buttonState=0, metaState=0, flags=0x0, edgeFlags=0x0, pointerCount=1, historySize=0, eventTime=303521383, downTime=303521383, deviceId=3, source=0x1002 }
12-14 15:28:07.272 24459 24459 I Input   : injectMotionEvent: MotionEvent { action=ACTION_MOVE, actionButton=0, id[0]=0, x[0]=360.0, y[0]=600.0, toolType[0]=TOOL_TYPE_UNKNOWN, buttonState=0, metaState=0, flags=0x0, edgeFlags=0x0, pointerCount=1, historySize=0, eventTime=303521402, downTime=303521402, deviceId=3, source=0x1002 }
12-14 15:28:07.290 24459 24459 I Input   : injectMotionEvent: MotionEvent { action=ACTION_MOVE, actionButton=0, id[0]=0, x[0]=360.0, y[0]=600.0, toolType[0]=TOOL_TYPE_UNKNOWN, buttonState=0, metaState=0, flags=0x0, edgeFlags=0x0, pointerCount=1, historySize=0, eventTime=303521421, downTime=303521421, deviceId=3, source=0x1002 }
12-14 15:28:07.302 24459 24459 I Input   : injectMotionEvent: MotionEvent { action=ACTION_MOVE, actionButton=0, id[0]=0, x[0]=360.0, y[0]=600.0, toolType[0]=TOOL_TYPE_UNKNOWN, buttonState=0, metaState=0, flags=0x0, edgeFlags=0x0, pointerCount=1, historySize=0, eventTime=303521433, downTime=303521433, deviceId=3, source=0x1002 }
12-14 15:28:07.309 24459 24459 I Input   : injectMotionEvent: MotionEvent { action=ACTION_MOVE, actionButton=0, id[0]=0, x[0]=360.0, y[0]=600.0, toolType[0]=TOOL_TYPE_UNKNOWN, buttonState=0, metaState=0, flags=0x0, edgeFlags=0x0, pointerCount=1, historySize=0, eventTime=303521440, downTime=303521440, deviceId=3, source=0x1002 }
12-14 15:28:07.326 24459 24459 I Input   : injectMotionEvent: MotionEvent { action=ACTION_MOVE, actionButton=0, id[0]=0, x[0]=360.0, y[0]=600.0, toolType[0]=TOOL_TYPE_UNKNOWN, buttonState=0, metaState=0, flags=0x0, edgeFlags=0x0, pointerCount=1, historySize=0, eventTime=303521457, downTime=303521457, deviceId=3, source=0x1002 }
12-14 15:28:07.345 24459 24459 I Input   : injectMotionEvent: MotionEvent { action=ACTION_MOVE, actionButton=0, id[0]=0, x[0]=360.0, y[0]=600.0, toolType[0]=TOOL_TYPE_UNKNOWN, buttonState=0, metaState=0, flags=0x0, edgeFlags=0x0, pointerCount=1, historySize=0, eventTime=303521476, downTime=303521476, deviceId=3, source=0x1002 }
12-14 15:28:07.364 24459 24459 I Input   : injectMotionEvent: MotionEvent { action=ACTION_MOVE, actionButton=0, id[0]=0, x[0]=360.0, y[0]=600.0, toolType[0]=TOOL_TYPE_UNKNOWN, buttonState=0, metaState=0, flags=0x0, edgeFlags=0x0, pointerCount=1, historySize=0, eventTime=303521495, downTime=303521495, deviceId=3, source=0x1002 }
12-14 15:28:07.383 24459 24459 I Input   : injectMotionEvent: MotionEvent { action=ACTION_MOVE, actionButton=0, id[0]=0, x[0]=360.0, y[0]=600.0, toolType[0]=TOOL_TYPE_UNKNOWN, buttonState=0, metaState=0, flags=0x0, edgeFlags=0x0, pointerCount=1, historySize=0, eventTime=303521514, downTime=303521514, deviceId=3, source=0x1002 }
12-14 15:28:07.402 24459 24459 I Input   : injectMotionEvent: MotionEvent { action=ACTION_UP, actionButton=0, id[0]=0, x[0]=360.0, y[0]=600.0, toolType[0]=TOOL_TYPE_UNKNOWN, buttonState=0, metaState=0, flags=0x0, edgeFlags=0x0, pointerCount=1, historySize=0, eventTime=303521533, downTime=303521533, deviceId=3, source=0x1002 }
12-14 15:28:07.403  3655  3785 I InputDispatcher: Delivering touch to (23594): action: 0x1, toolType: 0
12-14 15:28:07.444 23594 23594 W View    : couldn't find view with id 2131231150
12-14 15:28:07.446 23594 23594 W View    : couldn't find view with id 2131231150
12-14 15:28:07.518  7623  7623 E adbd    : recv: OPEN 0000318a 00000000 0068:73 68 65 6C 6C 2C 76 32 2C 54 45 52 4D 3D 78 74 65 72 6D 2D 32 35 36 63 6F 6C 6F 72 2C 72 61 77 3A 61 6D 20 62 72 6F 61 64 63 61 73 74 20 2D 61 20 44 52 4F 49 44 42 4F 54 5F 49 4E 50 55 54 5F 54 45 58 54 20 2D 2D 65 73 20 74 65 78 74 20 48 65 6C 6C 6F 2D 2D 57 6F 72 6C 64 20 2D 2D 65 69 20 6D 6F 64 65 20 30 00 
12-14 15:28:07.519  7623  7623 E adbd    : service_to_fd: shell,v2,TERM=xterm-256color,raw:am broadcast -a DROIDBOT_INPUT_TEXT --es text Hello--World --ei mode 0
12-14 15:28:07.591 23594 23594 W View    : couldn't find view with id 2131231150
12-14 15:28:07.965  7623  7623 E adbd    : recv: OPEN 0000318d 00000000 0024:73 68 65 6C 6C 2C 76 32 2C 54 45 52 4D 3D 78 74 65 72 6D 2D 32 35 36 63 6F 6C 6F 72 2C 72 61 77 3A 70 73 00 
12-14 15:28:07.965  7623  7623 E adbd    : service_to_fd: shell,v2,TERM=xterm-256color,raw:ps
12-14 15:28:08.042  3185  3185 I android.hardware.wifi@1.0-service: getLinkLayerStats
12-14 15:28:08.606  7623  7623 E adbd    : recv: OPEN 00003190 00000000 003d:73 68 65 6C 6C 2C 76 32 2C 54 45 52 4D 3D 78 74 65 72 6D 2D 32 35 36 63 6F 6C 6F 72 2C 72 61 77 3A 64 75 6D 70 73 79 73 20 61 63 74 69 76 69 74 79 20 61 63 74 69 76 69 74 69 65 73 00 
12-14 15:28:08.607  7623  7623 E adbd    : service_to_fd: shell,v2,TERM=xterm-256color,raw:dumpsys activity activities
12-14 15:28:08.698  7623  7623 E adbd    : recv: OPEN 00003193 00000000 003d:73 68 65 6C 6C 2C 76 32 2C 54 45 52 4D 3D 78 74 65 72 6D 2D 32 35 36 63 6F 6C 6F 72 2C 72 61 77 3A 64 75 6D 70 73 79 73 20 61 63 74 69 76 69 74 79 20 61 63 74 69 76 69 74 69 65 73 00 
12-14 15:28:08.699  7623  7623 E adbd    : service_to_fd: shell,v2,TERM=xterm-256color,raw:dumpsys activity activities
12-14 15:28:08.785  7623  7623 E adbd    : recv: OPEN 00003196 00000000 003d:73 68 65 6C 6C 2C 76 32 2C 54 45 52 4D 3D 78 74 65 72 6D 2D 32 35 36 63 6F 6C 6F 72 2C 72 61 77 3A 64 75 6D 70 73 79 73 20 61 63 74 69 76 69 74 79 20 61 63 74 69 76 69 74 69 65 73 00 
12-14 15:28:08.785  7623  7623 E adbd    : service_to_fd: shell,v2,TERM=xterm-256color,raw:dumpsys activity activities
12-14 15:28:08.869  7623  7623 E adbd    : recv: OPEN 00003199 00000000 003b:73 68 65 6C 6C 2C 76 32 2C 54 45 52 4D 3D 78 74 65 72 6D 2D 32 35 36 63 6F 6C 6F 72 2C 72 61 77 3A 64 75 6D 70 73 79 73 20 61 63 74 69 76 69 74 79 20 73 65 72 76 69 63 65 73 00 
12-14 15:28:08.869  7623  7623 E adbd    : service_to_fd: shell,v2,TERM=xterm-256color,raw:dumpsys activity services
12-14 15:28:08.945  7623  7623 E adbd    : recv: OPEN 0000319c 00000000 0053:73 68 65 6C 6C 2C 76 32 2C 54 45 52 4D 3D 78 74 65 72 6D 2D 32 35 36 63 6F 6C 6F 72 2C 72 61 77 3A 73 63 72 65 65 6E 63 61 70 20 2D 70 20 2F 73 64 63 61 72 64 2F 73 63 72 65 65 6E 5F 32 30 32 34 2D 31 32 2D 31 34 5F 31 35 31 36 33 39 2E 70 6E 67 00 
12-14 15:28:08.945  7623  7623 E adbd    : service_to_fd: shell,v2,TERM=xterm-256color,raw:screencap -p /sdcard/screen_2024-12-14_151639.png
12-14 15:28:09.060 22277 22294 I Finsky  : [6163] mof.run(239): Stats for Executor: BlockingExecutor rbt@b961de4[Running, pool size = 5, active threads = 0, queued tasks = 0, completed tasks = 32]
12-14 15:28:09.062 22277 22294 I Finsky  : [6163] mof.run(239): Stats for Executor: LightweightExecutor rbt@e5e624d[Running, pool size = 4, active threads = 0, queued tasks = 0, completed tasks = 215]
12-14 15:28:09.091  3655  3665 I EDMNativeHelperService: isScreenCaptureEnabled
12-14 15:28:09.131  7623  7623 E adbd    : recv: OPEN 0000319f 00000000 0024:73 68 65 6C 6C 2C 76 32 2C 54 45 52 4D 3D 78 74 65 72 6D 2D 32 35 36 63 6F 6C 6F 72 2C 72 61 77 3A 70 73 00 
12-14 15:28:09.131  7623  7623 E adbd    : service_to_fd: shell,v2,TERM=xterm-256color,raw:ps
12-14 15:28:09.133 22277 22294 I Finsky  : [6163] mof.run(239): Stats for Executor: bgExecutor rbt@4b18102[Running, pool size = 4, active threads = 0, queued tasks = 0, completed tasks = 344]
12-14 15:28:09.304  3655  3687 E ActivityManager: getPackageFromAppProcesses, return null :24506
12-14 15:28:09.315  3655  3666 W StorageManager: getStorageLowBytes lowPercent : 5, lowBytes : 1324890931, maxLowBytes : 524288000
12-14 15:28:09.361  7623  7623 E adbd    : recv: OPEN 000031a2 00000000 0006:73 79 6E 63 3A 00 
12-14 15:28:09.361  7623  7623 E adbd    : service_to_fd: sync:
12-14 15:28:09.384  7623  7623 E adbd    : recv: OPEN 000031a5 00000000 0049:73 68 65 6C 6C 2C 76 32 2C 54 45 52 4D 3D 78 74 65 72 6D 2D 32 35 36 63 6F 6C 6F 72 2C 72 61 77 3A 72 6D 20 2F 73 64 63 61 72 64 2F 73 63 72 65 65 6E 5F 32 30 32 34 2D 31 32 2D 31 34 5F 31 35 31 36 33 39 2E 70 6E 67 00 
12-14 15:28:09.385  7623  7623 E adbd    : service_to_fd: shell,v2,TERM=xterm-256color,raw:rm /sdcard/screen_2024-12-14_151639.png
12-14 15:28:09.455  7623  7623 E adbd    : recv: OPEN 000031a8 00000000 0031:73 68 65 6C 6C 2C 76 32 2C 54 45 52 4D 3D 78 74 65 72 6D 2D 32 35 36 63 6F 6C 6F 72 2C 72 61 77 3A 64 75 6D 70 73 79 73 20 64 69 73 70 6C 61 79 00 
12-14 15:28:09.455  7623  7623 E adbd    : service_to_fd: shell,v2,TERM=xterm-256color,raw:dumpsys display
12-14 15:28:09.544  7623  7623 E adbd    : recv: OPEN 000031ab 00000000 003b:73 68 65 6C 6C 2C 76 32 2C 54 45 52 4D 3D 78 74 65 72 6D 2D 32 35 36 63 6F 6C 6F 72 2C 72 61 77 3A 67 65 74 70 72 6F 70 20 72 6F 2E 73 66 2E 6C 63 64 5F 64 65 6E 73 69 74 79 00 
12-14 15:28:09.544  7623  7623 E adbd    : service_to_fd: shell,v2,TERM=xterm-256color,raw:getprop ro.sf.lcd_density
12-14 15:28:09.604  7623  7623 E adbd    : recv: OPEN 000031ae 00000000 003d:73 68 65 6C 6C 2C 76 32 2C 54 45 52 4D 3D 78 74 65 72 6D 2D 32 35 36 63 6F 6C 6F 72 2C 72 61 77 3A 64 75 6D 70 73 79 73 20 61 63 74 69 76 69 74 79 20 61 63 74 69 76 69 74 69 65 73 00 
12-14 15:28:09.604  7623  7623 E adbd    : service_to_fd: shell,v2,TERM=xterm-256color,raw:dumpsys activity activities
12-14 15:28:09.669  7623  7623 E adbd    : recv: OPEN 000031b1 00000000 003d:73 68 65 6C 6C 2C 76 32 2C 54 45 52 4D 3D 78 74 65 72 6D 2D 32 35 36 63 6F 6C 6F 72 2C 72 61 77 3A 64 75 6D 70 73 79 73 20 61 63 74 69 76 69 74 79 20 61 63 74 69 76 69 74 69 65 73 00 
12-14 15:28:09.670  7623  7623 E adbd    : service_to_fd: shell,v2,TERM=xterm-256color,raw:dumpsys activity activities
12-14 15:28:09.729  7623  7623 E adbd    : recv: OPEN 000031b4 00000000 003d:73 68 65 6C 6C 2C 76 32 2C 54 45 52 4D 3D 78 74 65 72 6D 2D 32 35 36 63 6F 6C 6F 72 2C 72 61 77 3A 64 75 6D 70 73 79 73 20 61 63 74 69 76 69 74 79 20 61 63 74 69 76 69 74 69 65 73 00 
12-14 15:28:09.729  7623  7623 E adbd    : service_to_fd: shell,v2,TERM=xterm-256color,raw:dumpsys activity activities
12-14 15:28:09.792  7623  7623 E adbd    : recv: OPEN 000031b7 00000000 003b:73 68 65 6C 6C 2C 76 32 2C 54 45 52 4D 3D 78 74 65 72 6D 2D 32 35 36 63 6F 6C 6F 72 2C 72 61 77 3A 64 75 6D 70 73 79 73 20 61 63 74 69 76 69 74 79 20 73 65 72 76 69 63 65 73 00 
12-14 15:28:09.792  7623  7623 E adbd    : service_to_fd: shell,v2,TERM=xterm-256color,raw:dumpsys activity services
12-14 15:28:09.819  3655  3664 I zygote64: Background concurrent copying GC freed 283858(21MB) AllocSpace objects, 168(3MB) LOS objects, 34% free, 46MB/70MB, paused 1.200ms total 312.384ms
12-14 15:28:09.848  7623  7623 E adbd    : recv: OPEN 000031ba 00000000 0053:73 68 65 6C 6C 2C 76 32 2C 54 45 52 4D 3D 78 74 65 72 6D 2D 32 35 36 63 6F 6C 6F 72 2C 72 61 77 3A 73 63 72 65 65 6E 63 61 70 20 2D 70 20 2F 73 64 63 61 72 64 2F 73 63 72 65 65 6E 5F 32 30 32 34 2D 31 32 2D 31 34 5F 31 35 31 36 34 30 2E 70 6E 67 00 
12-14 15:28:09.848  7623  7623 E adbd    : service_to_fd: shell,v2,TERM=xterm-256color,raw:screencap -p /sdcard/screen_2024-12-14_151640.png
12-14 15:28:09.888 25109 24522 E memtrack: Couldn't load memtrack module
12-14 15:28:09.888 25109 24522 W android.os.Debug: failed to get memory consumption info: -1
12-14 15:28:09.970 22277 22294 I Finsky  : [6163] mof.run(239): Stats for Executor: GrpcBackgroundExecutor rbt@e6eba13[Running, pool size = 2, active threads = 0, queued tasks = 0, completed tasks = 2]
12-14 15:28:09.981  3655  3666 I EDMNativeHelperService: isScreenCaptureEnabled
12-14 15:28:10.241  3655  3687 E ActivityManager: getPackageFromAppProcesses, return null :24538
12-14 15:28:10.245  7623  7623 E adbd    : recv: OPEN 000031bd 00000000 0024:73 68 65 6C 6C 2C 76 32 2C 54 45 52 4D 3D 78 74 65 72 6D 2D 32 35 36 63 6F 6C 6F 72 2C 72 61 77 3A 70 73 00 
12-14 15:28:10.245  7623  7623 E adbd    : service_to_fd: shell,v2,TERM=xterm-256color,raw:ps
12-14 15:28:10.254  3655  3665 W StorageManager: getStorageLowBytes lowPercent : 5, lowBytes : 1324890931, maxLowBytes : 524288000
12-14 15:28:10.296  7623  7623 E adbd    : recv: OPEN 000031c0 00000000 0006:73 79 6E 63 3A 00 
12-14 15:28:10.296  7623  7623 E adbd    : service_to_fd: sync:
12-14 15:28:10.315  7623  7623 E adbd    : recv: OPEN 000031c3 00000000 0049:73 68 65 6C 6C 2C 76 32 2C 54 45 52 4D 3D 78 74 65 72 6D 2D 32 35 36 63 6F 6C 6F 72 2C 72 61 77 3A 72 6D 20 2F 73 64 63 61 72 64 2F 73 63 72 65 65 6E 5F 32 30 32 34 2D 31 32 2D 31 34 5F 31 35 31 36 34 30 2E 70 6E 67 00 
12-14 15:28:10.315  7623  7623 E adbd    : service_to_fd: shell,v2,TERM=xterm-256color,raw:rm /sdcard/screen_2024-12-14_151640.png
12-14 15:28:10.349  7623  7623 E adbd    : recv: OPEN 000031c6 00000000 0031:73 68 65 6C 6C 2C 76 32 2C 54 45 52 4D 3D 78 74 65 72 6D 2D 32 35 36 63 6F 6C 6F 72 2C 72 61 77 3A 64 75 6D 70 73 79 73 20 64 69 73 70 6C 61 79 00 
12-14 15:28:10.350  7623  7623 E adbd    : service_to_fd: shell,v2,TERM=xterm-256color,raw:dumpsys display
12-14 15:28:10.416  7623  7623 E adbd    : recv: OPEN 000031c9 00000000 003b:73 68 65 6C 6C 2C 76 32 2C 54 45 52 4D 3D 78 74 65 72 6D 2D 32 35 36 63 6F 6C 6F 72 2C 72 61 77 3A 67 65 74 70 72 6F 70 20 72 6F 2E 73 66 2E 6C 63 64 5F 64 65 6E 73 69 74 79 00 
12-14 15:28:10.416  7623  7623 E adbd    : service_to_fd: shell,v2,TERM=xterm-256color,raw:getprop ro.sf.lcd_density
12-14 15:28:10.484  7623  7623 E adbd    : recv: OPEN 000031cc 00000000 003d:73 68 65 6C 6C 2C 76 32 2C 54 45 52 4D 3D 78 74 65 72 6D 2D 32 35 36 63 6F 6C 6F 72 2C 72 61 77 3A 64 75 6D 70 73 79 73 20 61 63 74 69 76 69 74 79 20 61 63 74 69 76 69 74 69 65 73 00 
12-14 15:28:10.484  7623  7623 E adbd    : service_to_fd: shell,v2,TERM=xterm-256color,raw:dumpsys activity activities
12-14 15:28:10.555  7623  7623 E adbd    : recv: OPEN 000031cf 00000000 003d:73 68 65 6C 6C 2C 76 32 2C 54 45 52 4D 3D 78 74 65 72 6D 2D 32 35 36 63 6F 6C 6F 72 2C 72 61 77 3A 64 75 6D 70 73 79 73 20 61 63 74 69 76 69 74 79 20 61 63 74 69 76 69 74 69 65 73 00 
12-14 15:28:10.555  7623  7623 E adbd    : service_to_fd: shell,v2,TERM=xterm-256color,raw:dumpsys activity activities
12-14 15:28:10.618  7623  7623 E adbd    : recv: OPEN 000031d2 00000000 003d:73 68 65 6C 6C 2C 76 32 2C 54 45 52 4D 3D 78 74 65 72 6D 2D 32 35 36 63 6F 6C 6F 72 2C 72 61 77 3A 64 75 6D 70 73 79 73 20 61 63 74 69 76 69 74 79 20 61 63 74 69 76 69 74 69 65 73 00 
12-14 15:28:10.618  7623  7623 E adbd    : service_to_fd: shell,v2,TERM=xterm-256color,raw:dumpsys activity activities
12-14 15:28:10.691  7623  7623 E adbd    : recv: OPEN 000031d5 00000000 003b:73 68 65 6C 6C 2C 76 32 2C 54 45 52 4D 3D 78 74 65 72 6D 2D 32 35 36 63 6F 6C 6F 72 2C 72 61 77 3A 64 75 6D 70 73 79 73 20 61 63 74 69 76 69 74 79 20 73 65 72 76 69 63 65 73 00 
12-14 15:28:10.691  7623  7623 E adbd    : service_to_fd: shell,v2,TERM=xterm-256color,raw:dumpsys activity services
12-14 15:28:10.788  7623  7623 E adbd    : recv: OPEN 000031d8 00000000 0053:73 68 65 6C 6C 2C 76 32 2C 54 45 52 4D 3D 78 74 65 72 6D 2D 32 35 36 63 6F 6C 6F 72 2C 72 61 77 3A 73 63 72 65 65 6E 63 61 70 20 2D 70 20 2F 73 64 63 61 72 64 2F 73 63 72 65 65 6E 5F 32 30 32 34 2D 31 32 2D 31 34 5F 31 35 31 36 34 31 2E 70 6E 67 00 
12-14 15:28:10.788  7623  7623 E adbd    : service_to_fd: shell,v2,TERM=xterm-256color,raw:screencap -p /sdcard/screen_2024-12-14_151641.png
12-14 15:28:10.923  3655  3666 I EDMNativeHelperService: isScreenCaptureEnabled
12-14 15:28:11.067  3185  3185 I android.hardware.wifi@1.0-service: getLinkLayerStats
12-14 15:28:11.120  3655  3687 E ActivityManager: getPackageFromAppProcesses, return null :24570
12-14 15:28:11.132  3655  7966 W StorageManager: getStorageLowBytes lowPercent : 5, lowBytes : 1324890931, maxLowBytes : 524288000
12-14 15:28:11.173  7623  7623 E adbd    : recv: OPEN 000031db 00000000 0006:73 79 6E 63 3A 00 
12-14 15:28:11.173  7623  7623 E adbd    : service_to_fd: sync:
12-14 15:28:11.193  7623  7623 E adbd    : recv: OPEN 000031de 00000000 0049:73 68 65 6C 6C 2C 76 32 2C 54 45 52 4D 3D 78 74 65 72 6D 2D 32 35 36 63 6F 6C 6F 72 2C 72 61 77 3A 72 6D 20 2F 73 64 63 61 72 64 2F 73 63 72 65 65 6E 5F 32 30 32 34 2D 31 32 2D 31 34 5F 31 35 31 36 34 31 2E 70 6E 67 00 
12-14 15:28:11.193  7623  7623 E adbd    : service_to_fd: shell,v2,TERM=xterm-256color,raw:rm /sdcard/screen_2024-12-14_151641.png
12-14 15:28:11.259  7623  7623 E adbd    : recv: OPEN 000031e1 00000000 0031:73 68 65 6C 6C 2C 76 32 2C 54 45 52 4D 3D 78 74 65 72 6D 2D 32 35 36 63 6F 6C 6F 72 2C 72 61 77 3A 64 75 6D 70 73 79 73 20 64 69 73 70 6C 61 79 00 
12-14 15:28:11.259  7623  7623 E adbd    : service_to_fd: shell,v2,TERM=xterm-256color,raw:dumpsys display
12-14 15:28:11.346  7623  7623 E adbd    : recv: OPEN 000031e6 00000000 0024:73 68 65 6C 6C 2C 76 32 2C 54 45 52 4D 3D 78 74 65 72 6D 2D 32 35 36 63 6F 6C 6F 72 2C 72 61 77 3A 70 73 00 
12-14 15:28:11.346  7623  7623 E adbd    : service_to_fd: shell,v2,TERM=xterm-256color,raw:ps
12-14 15:28:11.353  7623  7623 E adbd    : recv: OPEN 000031e7 00000000 003b:73 68 65 6C 6C 2C 76 32 2C 54 45 52 4D 3D 78 74 65 72 6D 2D 32 35 36 63 6F 6C 6F 72 2C 72 61 77 3A 67 65 74 70 72 6F 70 20 72 6F 2E 73 66 2E 6C 63 64 5F 64 65 6E 73 69 74 79 00 
12-14 15:28:11.353  7623  7623 E adbd    : service_to_fd: shell,v2,TERM=xterm-256color,raw:getprop ro.sf.lcd_density
12-14 15:28:11.368 22414 22443 I Finsky:background: [6172] mof.run(239): Stats for Executor: bgExecutor rbt@ed20d06[Running, pool size = 4, active threads = 0, queued tasks = 0, completed tasks = 11]
12-14 15:28:11.411  7623  7623 E adbd    : recv: OPEN 000031ea 00000000 0031:73 68 65 6C 6C 2C 76 32 2C 54 45 52 4D 3D 78 74 65 72 6D 2D 32 35 36 63 6F 6C 6F 72 2C 72 61 77 3A 64 75 6D 70 73 79 73 20 64 69 73 70 6C 61 79 00 
12-14 15:28:11.411  7623  7623 E adbd    : service_to_fd: shell,v2,TERM=xterm-256color,raw:dumpsys display
12-14 15:28:11.423 22414 22443 I Finsky:background: [6172] mof.run(239): Stats for Executor: LightweightExecutor rbt@80b8fc7[Running, pool size = 3, active threads = 0, queued tasks = 0, completed tasks = 3]
12-14 15:28:11.480  7623  7623 E adbd    : recv: OPEN 000031ed 00000000 003b:73 68 65 6C 6C 2C 76 32 2C 54 45 52 4D 3D 78 74 65 72 6D 2D 32 35 36 63 6F 6C 6F 72 2C 72 61 77 3A 67 65 74 70 72 6F 70 20 72 6F 2E 73 66 2E 6C 63 64 5F 64 65 6E 73 69 74 79 00 
12-14 15:28:11.481  7623  7623 E adbd    : service_to_fd: shell,v2,TERM=xterm-256color,raw:getprop ro.sf.lcd_density
12-14 15:28:11.524  7623  7623 E adbd    : recv: OPEN 000031f0 00000000 0031:73 68 65 6C 6C 2C 76 32 2C 54 45 52 4D 3D 78 74 65 72 6D 2D 32 35 36 63 6F 6C 6F 72 2C 72 61 77 3A 64 75 6D 70 73 79 73 20 64 69 73 70 6C 61 79 00 
12-14 15:28:11.524  7623  7623 E adbd    : service_to_fd: shell,v2,TERM=xterm-256color,raw:dumpsys display
12-14 15:28:11.617  7623  7623 E adbd    : recv: OPEN 000031f3 00000000 003b:73 68 65 6C 6C 2C 76 32 2C 54 45 52 4D 3D 78 74 65 72 6D 2D 32 35 36 63 6F 6C 6F 72 2C 72 61 77 3A 67 65 74 70 72 6F 70 20 72 6F 2E 73 66 2E 6C 63 64 5F 64 65 6E 73 69 74 79 00 
12-14 15:28:11.617  7623  7623 E adbd    : service_to_fd: shell,v2,TERM=xterm-256color,raw:getprop ro.sf.lcd_density
12-14 15:28:11.675  7623  7623 E adbd    : recv: OPEN 000031f6 00000000 0031:73 68 65 6C 6C 2C 76 32 2C 54 45 52 4D 3D 78 74 65 72 6D 2D 32 35 36 63 6F 6C 6F 72 2C 72 61 77 3A 64 75 6D 70 73 79 73 20 64 69 73 70 6C 61 79 00 
12-14 15:28:11.675  7623  7623 E adbd    : service_to_fd: shell,v2,TERM=xterm-256color,raw:dumpsys display
12-14 15:28:11.754  7623  7623 E adbd    : recv: OPEN 000031f9 00000000 003b:73 68 65 6C 6C 2C 76 32 2C 54 45 52 4D 3D 78 74 65 72 6D 2D 32 35 36 63 6F 6C 6F 72 2C 72 61 77 3A 67 65 74 70 72 6F 70 20 72 6F 2E 73 66 2E 6C 63 64 5F 64 65 6E 73 69 74 79 00 
12-14 15:28:11.754  7623  7623 E adbd    : service_to_fd: shell,v2,TERM=xterm-256color,raw:getprop ro.sf.lcd_density
12-14 15:28:11.820  7623  7623 E adbd    : recv: OPEN 000031fc 00000000 003e:73 68 65 6C 6C 2C 76 32 2C 54 45 52 4D 3D 78 74 65 72 6D 2D 32 35 36 63 6F 6C 6F 72 2C 72 61 77 3A 67 65 74 70 72 6F 70 20 72 6F 2E 62 75 69 6C 64 2E 76 65 72 73 69 6F 6E 2E 73 64 6B 00 
12-14 15:28:11.820  7623  7623 E adbd    : service_to_fd: shell,v2,TERM=xterm-256color,raw:getprop ro.build.version.sdk
12-14 15:28:11.864  7623  7623 E adbd    : recv: OPEN 000031ff 00000000 004d:73 68 65 6C 6C 2C 76 32 2C 54 45 52 4D 3D 78 74 65 72 6D 2D 32 35 36 63 6F 6C 6F 72 2C 72 61 77 3A 69 6E 70 75 74 20 74 6F 75 63 68 73 63 72 65 65 6E 20 73 77 69 70 65 20 33 36 30 20 36 30 30 20 33 36 30 20 36 30 30 20 32 30 30 00 
12-14 15:28:11.864  7623  7623 E adbd    : service_to_fd: shell,v2,TERM=xterm-256color,raw:input touchscreen swipe 360 600 360 600 200
12-14 15:28:12.242 24602 24602 W ADebug  : Failed to get property persist.sys.media.traces
12-14 15:28:12.246 24602 24602 E appproc : Enhanced Zygote ASLR: ro.knox.enhance.zygote.aslr != 1. Enhanced Zygote ASLR is DISABLED!
12-14 15:28:12.344 24602 24602 I app_process: find the special shared library, skip check
12-14 15:28:12.368 24602 24602 E SemAffinityControl: SemAffinityControl: registerfunction enter
12-14 15:28:12.379 24602 24602 I Input   : injectMotionEvent: MotionEvent { action=ACTION_DOWN, actionButton=0, id[0]=0, x[0]=360.0, y[0]=600.0, toolType[0]=TOOL_TYPE_UNKNOWN, buttonState=0, metaState=0, flags=0x0, edgeFlags=0x0, pointerCount=1, historySize=0, eventTime=303526505, downTime=303526505, deviceId=3, source=0x1002 }
12-14 15:28:12.380  3655  3785 I InputDispatcher: Delivering touch to (4132): action: 0x4, toolType: 0
