12-14 15:27:54.885 24188 24188 I Input   : injectMotionEvent: MotionEvent { action=ACTION_MOVE, actionButton=0, id[0]=0, x[0]=360.0, y[0]=600.0, toolType[0]=TOOL_TYPE_UNKNOWN, buttonState=0, metaState=0, flags=0x0, edgeFlags=0x0, pointerCount=1, historySize=0, eventTime=303509016, downTime=303509016, deviceId=3, source=0x1002 }
12-14 15:27:54.904 24188 24188 I Input   : injectMotionEvent: MotionEvent { action=ACTION_MOVE, actionButton=0, id[0]=0, x[0]=360.0, y[0]=600.0, toolType[0]=TOOL_TYPE_UNKNOWN, buttonState=0, metaState=0, flags=0x0, edgeFlags=0x0, pointerCount=1, historySize=0, eventTime=303509035, downTime=303509035, deviceId=3, source=0x1002 }
12-14 15:27:54.910  3655  3686 E memtrack: Couldn't load memtrack module
12-14 15:27:54.910  3655  3686 W android.os.Debug: failed to get memory consumption info: -1
12-14 15:27:54.925 24188 24188 I Input   : injectMotionEvent: MotionEvent { action=ACTION_MOVE, actionButton=0, id[0]=0, x[0]=360.0, y[0]=600.0, toolType[0]=TOOL_TYPE_UNKNOWN, buttonState=0, metaState=0, flags=0x0, edgeFlags=0x0, pointerCount=1, historySize=0, eventTime=303509055, downTime=303509055, deviceId=3, source=0x1002 }
12-14 15:27:54.941  5148  5366 E ContactsProvider_EventLog: Flush buffer to file cnt : 1 size : 1Kb duration : 1ms lastUpdatedAfter : 45630 ms mFlush_time_threasold : 2000 mCurrentSize : 768
12-14 15:27:54.945 24188 24188 I Input   : injectMotionEvent: MotionEvent { action=ACTION_MOVE, actionButton=0, id[0]=0, x[0]=360.0, y[0]=600.0, toolType[0]=TOOL_TYPE_UNKNOWN, buttonState=0, metaState=0, flags=0x0, edgeFlags=0x0, pointerCount=1, historySize=0, eventTime=303509075, downTime=303509075, deviceId=3, source=0x1002 }
12-14 15:27:54.959  3655  3686 E memtrack: Couldn't load memtrack module
12-14 15:27:54.959  3655  3686 W android.os.Debug: failed to get memory consumption info: -1
12-14 15:27:54.964 24188 24188 I Input   : injectMotionEvent: MotionEvent { action=ACTION_MOVE, actionButton=0, id[0]=0, x[0]=360.0, y[0]=600.0, toolType[0]=TOOL_TYPE_UNKNOWN, buttonState=0, metaState=0, flags=0x0, edgeFlags=0x0, pointerCount=1, historySize=0, eventTime=303509094, downTime=303509094, deviceId=3, source=0x1002 }
12-14 15:27:54.983 24188 24188 I Input   : injectMotionEvent: MotionEvent { action=ACTION_UP, actionButton=0, id[0]=0, x[0]=360.0, y[0]=600.0, toolType[0]=TOOL_TYPE_UNKNOWN, buttonState=0, metaState=0, flags=0x0, edgeFlags=0x0, pointerCount=1, historySize=0, eventTime=303509113, downTime=303509113, deviceId=3, source=0x1002 }
12-14 15:27:54.984  3655  3785 I InputDispatcher: Delivering touch to (23594): action: 0x1, toolType: 0
12-14 15:27:55.010  3655  3686 E memtrack: Couldn't load memtrack module
12-14 15:27:55.010  3655  3686 W android.os.Debug: failed to get memory consumption info: -1
12-14 15:27:55.030 23594 23594 W View    : couldn't find view with id 2131231150
12-14 15:27:55.034 23594 23594 W View    : couldn't find view with id 2131231150
12-14 15:27:55.048  3655  3686 E memtrack: Couldn't load memtrack module
12-14 15:27:55.048  3655  3686 W android.os.Debug: failed to get memory consumption info: -1
12-14 15:27:55.380  7623  7623 E adbd    : recv: OPEN 00003097 00000000 0024:73 68 65 6C 6C 2C 76 32 2C 54 45 52 4D 3D 78 74 65 72 6D 2D 32 35 36 63 6F 6C 6F 72 2C 72 61 77 3A 70 73 00 
12-14 15:27:55.380  7623  7623 E adbd    : service_to_fd: shell,v2,TERM=xterm-256color,raw:ps
12-14 15:27:55.670  3655  3655 I MotionRecognitionService: Plugged
12-14 15:27:55.883 23464 23515 I ReschedulableTimer: [#CMH#] ReschedulableTimer started 
12-14 15:27:55.908 23464 23515 I ControllerEventHandler: [#CMH#] nonJustShotRunningPossible pendingCount 0
12-14 15:27:55.921 23831 23831 I FaceDetectionTask: [FaceService] setPolicy  false  15 3000 15
12-14 15:27:55.922 23831 23831 I FaceService: [FaceService] onStartService() called 
12-14 15:27:55.923 23831 23831 I BaseThreadPoolExecutor: [FaceService] Task com.samsung.faceservice.task.FaceDetectionTask@c195c45 is submitted
12-14 15:27:55.923 23831 24211 I FR_Native: release FC engine
12-14 15:27:55.951  3185  3185 I android.hardware.wifi@1.0-service: getLinkLayerStats
12-14 15:27:56.090 23831 24211 I FR_Native: init FR engine (FR_ENGINE_Version : DMC_FR_2015_[2016.10.11])
12-14 15:27:56.090 23831 24211 I FR_Native: init FC engine (FR_SOLUTION__Version : 2017.03.07)
12-14 15:27:56.090 23831 24211 I SAIV_FACE: DMC LMD ENGINE INIT 1.0.08 [Option-0/Profile-1]
12-14 15:27:56.094  7623  7623 E adbd    : recv: OPEN 0000309a 00000000 003d:73 68 65 6C 6C 2C 76 32 2C 54 45 52 4D 3D 78 74 65 72 6D 2D 32 35 36 63 6F 6C 6F 72 2C 72 61 77 3A 64 75 6D 70 73 79 73 20 61 63 74 69 76 69 74 79 20 61 63 74 69 76 69 74 69 65 73 00 
12-14 15:27:56.094  7623  7623 E adbd    : service_to_fd: shell,v2,TERM=xterm-256color,raw:dumpsys activity activities
12-14 15:27:56.095 23831 24211 I SAIV_FACE: DMC LMD ENGINE : ret 69632
12-14 15:27:56.095 23831 24211 I SAIV_FACE: create face recognition engine - 20170207
12-14 15:27:56.095 23831 24211 I SAIV_FACE: feature size : 1024
12-14 15:27:56.095 23831 24211 I SAIV_FACE: landmark points: 13
12-14 15:27:56.095 23831 24211 I SAIV_FACE: call FD init
12-14 15:27:56.102 23831 24211 I FaceDetectionTask: [FaceService] Face detection started 
12-14 15:27:56.102 23831 24211 I FaceDetectionTask: [FaceService] mImagesProcessedCount: 0
12-14 15:27:56.152 23831 24211 W SmartCropEngine: [FaceService] Smart cropper failed for  /storage/emulated/0/screen_2024-12-14_151620.png
12-14 15:27:56.167  7623  7623 E adbd    : recv: OPEN 0000309d 00000000 003d:73 68 65 6C 6C 2C 76 32 2C 54 45 52 4D 3D 78 74 65 72 6D 2D 32 35 36 63 6F 6C 6F 72 2C 72 61 77 3A 64 75 6D 70 73 79 73 20 61 63 74 69 76 69 74 79 20 61 63 74 69 76 69 74 69 65 73 00 
12-14 15:27:56.167  7623  7623 E adbd    : service_to_fd: shell,v2,TERM=xterm-256color,raw:dumpsys activity activities
12-14 15:27:56.221 23831 24211 I FaceDetectionTask: [FaceService] mImagesProcessedCount: 1
12-14 15:27:56.233  7623  7623 E adbd    : recv: OPEN 000030a0 00000000 003d:73 68 65 6C 6C 2C 76 32 2C 54 45 52 4D 3D 78 74 65 72 6D 2D 32 35 36 63 6F 6C 6F 72 2C 72 61 77 3A 64 75 6D 70 73 79 73 20 61 63 74 69 76 69 74 79 20 61 63 74 69 76 69 74 69 65 73 00 
12-14 15:27:56.233  7623  7623 E adbd    : service_to_fd: shell,v2,TERM=xterm-256color,raw:dumpsys activity activities
12-14 15:27:56.274 23831 24211 I FaceDetectionTask: [FaceService] No command. Exiting detection task 
12-14 15:27:56.274 23831 24211 I SAIV_FACE: call FD release
12-14 15:27:56.274 23831 24211 I SAIV_FACE: release face recognition engine
12-14 15:27:56.278 23831 24211 I FR_Native: release FC engine
12-14 15:27:56.288 23831 24211 I FR_Native: release FC engine
12-14 15:27:56.289 23831 24211 I BaseThreadPoolExecutor: [FaceService] afterExecute FutureTask
12-14 15:27:56.289  7623  7623 E adbd    : recv: OPEN 000030a3 00000000 003b:73 68 65 6C 6C 2C 76 32 2C 54 45 52 4D 3D 78 74 65 72 6D 2D 32 35 36 63 6F 6C 6F 72 2C 72 61 77 3A 64 75 6D 70 73 79 73 20 61 63 74 69 76 69 74 79 20 73 65 72 76 69 63 65 73 00 
12-14 15:27:56.289 23831 24211 I FaceController: [FaceService] onTaskCompleted 
12-14 15:27:56.289  7623  7623 E adbd    : service_to_fd: shell,v2,TERM=xterm-256color,raw:dumpsys activity services
12-14 15:27:56.310 23831 24211 I BaseThreadPoolExecutor: [FaceService] Task com.samsung.faceservice.task.FaceGroupingTask@87877c1 is submitted
12-14 15:27:56.310 23831 24211 I FaceGroupingTask: [FaceService] Grouping task Started 
12-14 15:27:56.319 23831 24211 I FaceGroupingTask: [FaceService] grouping batches :  0
12-14 15:27:56.319 23831 24211 I BaseThreadPoolExecutor: [FaceService] afterExecute FutureTask
12-14 15:27:56.320 23831 24211 I FaceController: [FaceService] onTaskCompleted 
12-14 15:27:56.362  7623  7623 E adbd    : recv: OPEN 000030a6 00000000 0053:73 68 65 6C 6C 2C 76 32 2C 54 45 52 4D 3D 78 74 65 72 6D 2D 32 35 36 63 6F 6C 6F 72 2C 72 61 77 3A 73 63 72 65 65 6E 63 61 70 20 2D 70 20 2F 73 64 63 61 72 64 2F 73 63 72 65 65 6E 5F 32 30 32 34 2D 31 32 2D 31 34 5F 31 35 31 36 32 37 2E 70 6E 67 00 
12-14 15:27:56.362  7623  7623 E adbd    : service_to_fd: shell,v2,TERM=xterm-256color,raw:screencap -p /sdcard/screen_2024-12-14_151627.png
12-14 15:27:56.499  3655  7966 I EDMNativeHelperService: isScreenCaptureEnabled
12-14 15:27:56.550  7623  7623 E adbd    : recv: OPEN 000030a9 00000000 0024:73 68 65 6C 6C 2C 76 32 2C 54 45 52 4D 3D 78 74 65 72 6D 2D 32 35 36 63 6F 6C 6F 72 2C 72 61 77 3A 70 73 00 
12-14 15:27:56.550  7623  7623 E adbd    : service_to_fd: shell,v2,TERM=xterm-256color,raw:ps
12-14 15:27:56.786  3655  3687 E ActivityManager: getPackageFromAppProcesses, return null :24233
12-14 15:27:56.799  3655  3665 W StorageManager: getStorageLowBytes lowPercent : 5, lowBytes : 1324890931, maxLowBytes : 524288000
12-14 15:27:56.835  7623  7623 E adbd    : recv: OPEN 000030ac 00000000 0006:73 79 6E 63 3A 00 
12-14 15:27:56.835  7623  7623 E adbd    : service_to_fd: sync:
12-14 15:27:56.856  7623  7623 E adbd    : recv: OPEN 000030af 00000000 0049:73 68 65 6C 6C 2C 76 32 2C 54 45 52 4D 3D 78 74 65 72 6D 2D 32 35 36 63 6F 6C 6F 72 2C 72 61 77 3A 72 6D 20 2F 73 64 63 61 72 64 2F 73 63 72 65 65 6E 5F 32 30 32 34 2D 31 32 2D 31 34 5F 31 35 31 36 32 37 2E 70 6E 67 00 
12-14 15:27:56.856  7623  7623 E adbd    : service_to_fd: shell,v2,TERM=xterm-256color,raw:rm /sdcard/screen_2024-12-14_151627.png
12-14 15:27:56.916  7623  7623 E adbd    : recv: OPEN 000030b2 00000000 0031:73 68 65 6C 6C 2C 76 32 2C 54 45 52 4D 3D 78 74 65 72 6D 2D 32 35 36 63 6F 6C 6F 72 2C 72 61 77 3A 64 75 6D 70 73 79 73 20 64 69 73 70 6C 61 79 00 
12-14 15:27:56.916  7623  7623 E adbd    : service_to_fd: shell,v2,TERM=xterm-256color,raw:dumpsys display
12-14 15:27:56.994  7623  7623 E adbd    : recv: OPEN 000030b5 00000000 003b:73 68 65 6C 6C 2C 76 32 2C 54 45 52 4D 3D 78 74 65 72 6D 2D 32 35 36 63 6F 6C 6F 72 2C 72 61 77 3A 67 65 74 70 72 6F 70 20 72 6F 2E 73 66 2E 6C 63 64 5F 64 65 6E 73 69 74 79 00 
12-14 15:27:56.994  7623  7623 E adbd    : service_to_fd: shell,v2,TERM=xterm-256color,raw:getprop ro.sf.lcd_density
12-14 15:27:57.042  7623  7623 E adbd    : recv: OPEN 000030b8 00000000 003d:73 68 65 6C 6C 2C 76 32 2C 54 45 52 4D 3D 78 74 65 72 6D 2D 32 35 36 63 6F 6C 6F 72 2C 72 61 77 3A 64 75 6D 70 73 79 73 20 61 63 74 69 76 69 74 79 20 61 63 74 69 76 69 74 69 65 73 00 
12-14 15:27:57.043  7623  7623 E adbd    : service_to_fd: shell,v2,TERM=xterm-256color,raw:dumpsys activity activities
12-14 15:27:57.121  7623  7623 E adbd    : recv: OPEN 000030bb 00000000 003d:73 68 65 6C 6C 2C 76 32 2C 54 45 52 4D 3D 78 74 65 72 6D 2D 32 35 36 63 6F 6C 6F 72 2C 72 61 77 3A 64 75 6D 70 73 79 73 20 61 63 74 69 76 69 74 79 20 61 63 74 69 76 69 74 69 65 73 00 
12-14 15:27:57.121  7623  7623 E adbd    : service_to_fd: shell,v2,TERM=xterm-256color,raw:dumpsys activity activities
12-14 15:27:57.193  7623  7623 E adbd    : recv: OPEN 000030be 00000000 003d:73 68 65 6C 6C 2C 76 32 2C 54 45 52 4D 3D 78 74 65 72 6D 2D 32 35 36 63 6F 6C 6F 72 2C 72 61 77 3A 64 75 6D 70 73 79 73 20 61 63 74 69 76 69 74 79 20 61 63 74 69 76 69 74 69 65 73 00 
12-14 15:27:57.193  7623  7623 E adbd    : service_to_fd: shell,v2,TERM=xterm-256color,raw:dumpsys activity activities
12-14 15:27:57.255  7623  7623 E adbd    : recv: OPEN 000030c1 00000000 003b:73 68 65 6C 6C 2C 76 32 2C 54 45 52 4D 3D 78 74 65 72 6D 2D 32 35 36 63 6F 6C 6F 72 2C 72 61 77 3A 64 75 6D 70 73 79 73 20 61 63 74 69 76 69 74 79 20 73 65 72 76 69 63 65 73 00 
12-14 15:27:57.255  7623  7623 E adbd    : service_to_fd: shell,v2,TERM=xterm-256color,raw:dumpsys activity services
12-14 15:27:57.362  7623  7623 E adbd    : recv: OPEN 000030c4 00000000 0053:73 68 65 6C 6C 2C 76 32 2C 54 45 52 4D 3D 78 74 65 72 6D 2D 32 35 36 63 6F 6C 6F 72 2C 72 61 77 3A 73 63 72 65 65 6E 63 61 70 20 2D 70 20 2F 73 64 63 61 72 64 2F 73 63 72 65 65 6E 5F 32 30 32 34 2D 31 32 2D 31 34 5F 31 35 31 36 32 38 2E 70 6E 67 00 
12-14 15:27:57.362  7623  7623 E adbd    : service_to_fd: shell,v2,TERM=xterm-256color,raw:screencap -p /sdcard/screen_2024-12-14_151628.png
12-14 15:27:57.497  3655  7966 I EDMNativeHelperService: isScreenCaptureEnabled
12-14 15:27:57.707  7623  7623 E adbd    : recv: OPEN 000030c7 00000000 0024:73 68 65 6C 6C 2C 76 32 2C 54 45 52 4D 3D 78 74 65 72 6D 2D 32 35 36 63 6F 6C 6F 72 2C 72 61 77 3A 70 73 00 
12-14 15:27:57.707  7623  7623 E adbd    : service_to_fd: shell,v2,TERM=xterm-256color,raw:ps
12-14 15:27:57.761  3655  3687 E ActivityManager: getPackageFromAppProcesses, return null :24265
12-14 15:27:57.771  3655  3665 W StorageManager: getStorageLowBytes lowPercent : 5, lowBytes : 1324890931, maxLowBytes : 524288000
12-14 15:27:57.806  7623  7623 E adbd    : recv: OPEN 000030ca 00000000 0006:73 79 6E 63 3A 00 
12-14 15:27:57.806  7623  7623 E adbd    : service_to_fd: sync:
12-14 15:27:57.828  7623  7623 E adbd    : recv: OPEN 000030cd 00000000 0049:73 68 65 6C 6C 2C 76 32 2C 54 45 52 4D 3D 78 74 65 72 6D 2D 32 35 36 63 6F 6C 6F 72 2C 72 61 77 3A 72 6D 20 2F 73 64 63 61 72 64 2F 73 63 72 65 65 6E 5F 32 30 32 34 2D 31 32 2D 31 34 5F 31 35 31 36 32 38 2E 70 6E 67 00 
12-14 15:27:57.828  7623  7623 E adbd    : service_to_fd: shell,v2,TERM=xterm-256color,raw:rm /sdcard/screen_2024-12-14_151628.png
12-14 15:27:57.901  7623  7623 E adbd    : recv: OPEN 000030d0 00000000 0031:73 68 65 6C 6C 2C 76 32 2C 54 45 52 4D 3D 78 74 65 72 6D 2D 32 35 36 63 6F 6C 6F 72 2C 72 61 77 3A 64 75 6D 70 73 79 73 20 64 69 73 70 6C 61 79 00 
12-14 15:27:57.901  7623  7623 E adbd    : service_to_fd: shell,v2,TERM=xterm-256color,raw:dumpsys display
12-14 15:27:57.971  7623  7623 E adbd    : recv: OPEN 000030d3 00000000 003b:73 68 65 6C 6C 2C 76 32 2C 54 45 52 4D 3D 78 74 65 72 6D 2D 32 35 36 63 6F 6C 6F 72 2C 72 61 77 3A 67 65 74 70 72 6F 70 20 72 6F 2E 73 66 2E 6C 63 64 5F 64 65 6E 73 69 74 79 00 
12-14 15:27:57.971  7623  7623 E adbd    : service_to_fd: shell,v2,TERM=xterm-256color,raw:getprop ro.sf.lcd_density
12-14 15:27:58.036  7623  7623 E adbd    : recv: OPEN 000030d6 00000000 003d:73 68 65 6C 6C 2C 76 32 2C 54 45 52 4D 3D 78 74 65 72 6D 2D 32 35 36 63 6F 6C 6F 72 2C 72 61 77 3A 64 75 6D 70 73 79 73 20 61 63 74 69 76 69 74 79 20 61 63 74 69 76 69 74 69 65 73 00 
12-14 15:27:58.036  7623  7623 E adbd    : service_to_fd: shell,v2,TERM=xterm-256color,raw:dumpsys activity activities
12-14 15:27:58.098  7623  7623 E adbd    : recv: OPEN 000030d9 00000000 003d:73 68 65 6C 6C 2C 76 32 2C 54 45 52 4D 3D 78 74 65 72 6D 2D 32 35 36 63 6F 6C 6F 72 2C 72 61 77 3A 64 75 6D 70 73 79 73 20 61 63 74 69 76 69 74 79 20 61 63 74 69 76 69 74 69 65 73 00 
12-14 15:27:58.098  7623  7623 E adbd    : service_to_fd: shell,v2,TERM=xterm-256color,raw:dumpsys activity activities
12-14 15:27:58.174  7623  7623 E adbd    : recv: OPEN 000030dc 00000000 003d:73 68 65 6C 6C 2C 76 32 2C 54 45 52 4D 3D 78 74 65 72 6D 2D 32 35 36 63 6F 6C 6F 72 2C 72 61 77 3A 64 75 6D 70 73 79 73 20 61 63 74 69 76 69 74 79 20 61 63 74 69 76 69 74 69 65 73 00 
12-14 15:27:58.174  7623  7623 E adbd    : service_to_fd: shell,v2,TERM=xterm-256color,raw:dumpsys activity activities
12-14 15:27:58.205  3655  4215 E Watchdog: !@Sync 10113 [2024-12-14 15:27:58.205]
12-14 15:27:58.258  7623  7623 E adbd    : recv: OPEN 000030df 00000000 003b:73 68 65 6C 6C 2C 76 32 2C 54 45 52 4D 3D 78 74 65 72 6D 2D 32 35 36 63 6F 6C 6F 72 2C 72 61 77 3A 64 75 6D 70 73 79 73 20 61 63 74 69 76 69 74 79 20 73 65 72 76 69 63 65 73 00 
12-14 15:27:58.258  7623  7623 E adbd    : service_to_fd: shell,v2,TERM=xterm-256color,raw:dumpsys activity services
12-14 15:27:58.360  7623  7623 E adbd    : recv: OPEN 000030e2 00000000 0053:73 68 65 6C 6C 2C 76 32 2C 54 45 52 4D 3D 78 74 65 72 6D 2D 32 35 36 63 6F 6C 6F 72 2C 72 61 77 3A 73 63 72 65 65 6E 63 61 70 20 2D 70 20 2F 73 64 63 61 72 64 2F 73 63 72 65 65 6E 5F 32 30 32 34 2D 31 32 2D 31 34 5F 31 35 31 36 32 39 2E 70 6E 67 00 
12-14 15:27:58.360  7623  7623 E adbd    : service_to_fd: shell,v2,TERM=xterm-256color,raw:screencap -p /sdcard/screen_2024-12-14_151629.png
12-14 15:27:58.501  3655  7966 I EDMNativeHelperService: isScreenCaptureEnabled
12-14 15:27:58.770  3655  3687 E ActivityManager: getPackageFromAppProcesses, return null :24295
12-14 15:27:58.777  3655  3686 E memtrack: Couldn't load memtrack module
12-14 15:27:58.778  3655  3686 W android.os.Debug: failed to get memory consumption info: -1
12-14 15:27:58.786  3655  3665 W StorageManager: getStorageLowBytes lowPercent : 5, lowBytes : 1324890931, maxLowBytes : 524288000
12-14 15:27:58.816  7623  7623 E adbd    : recv: OPEN 000030e5 00000000 0024:73 68 65 6C 6C 2C 76 32 2C 54 45 52 4D 3D 78 74 65 72 6D 2D 32 35 36 63 6F 6C 6F 72 2C 72 61 77 3A 70 73 00 
12-14 15:27:58.816  7623  7623 E adbd    : service_to_fd: shell,v2,TERM=xterm-256color,raw:ps
12-14 15:27:58.842  7623  7623 E adbd    : recv: OPEN 000030e8 00000000 0006:73 79 6E 63 3A 00 
12-14 15:27:58.842  7623  7623 E adbd    : service_to_fd: sync:
12-14 15:27:58.864  7623  7623 E adbd    : recv: OPEN 000030eb 00000000 0049:73 68 65 6C 6C 2C 76 32 2C 54 45 52 4D 3D 78 74 65 72 6D 2D 32 35 36 63 6F 6C 6F 72 2C 72 61 77 3A 72 6D 20 2F 73 64 63 61 72 64 2F 73 63 72 65 65 6E 5F 32 30 32 34 2D 31 32 2D 31 34 5F 31 35 31 36 32 39 2E 70 6E 67 00 
12-14 15:27:58.864  7623  7623 E adbd    : service_to_fd: shell,v2,TERM=xterm-256color,raw:rm /sdcard/screen_2024-12-14_151629.png
12-14 15:27:58.893  3655  3686 E memtrack: Couldn't load memtrack module
12-14 15:27:58.893  3655  3686 W android.os.Debug: failed to get memory consumption info: -1
12-14 15:27:58.912  7623  7623 E adbd    : recv: OPEN 000030ee 00000000 0031:73 68 65 6C 6C 2C 76 32 2C 54 45 52 4D 3D 78 74 65 72 6D 2D 32 35 36 63 6F 6C 6F 72 2C 72 61 77 3A 64 75 6D 70 73 79 73 20 64 69 73 70 6C 61 79 00 
12-14 15:27:58.912  7623  7623 E adbd    : service_to_fd: shell,v2,TERM=xterm-256color,raw:dumpsys display
12-14 15:27:58.974  3185  3185 I android.hardware.wifi@1.0-service: getLinkLayerStats
12-14 15:27:58.983  3655  3686 E memtrack: Couldn't load memtrack module
12-14 15:27:58.983  3655  3686 W android.os.Debug: failed to get memory consumption info: -1
12-14 15:27:59.000  7623  7623 E adbd    : recv: OPEN 000030f1 00000000 003b:73 68 65 6C 6C 2C 76 32 2C 54 45 52 4D 3D 78 74 65 72 6D 2D 32 35 36 63 6F 6C 6F 72 2C 72 61 77 3A 67 65 74 70 72 6F 70 20 72 6F 2E 73 66 2E 6C 63 64 5F 64 65 6E 73 69 74 79 00 
12-14 15:27:59.001  7623  7623 E adbd    : service_to_fd: shell,v2,TERM=xterm-256color,raw:getprop ro.sf.lcd_density
12-14 15:27:59.045  7623  7623 E adbd    : recv: OPEN 000030f4 00000000 0031:73 68 65 6C 6C 2C 76 32 2C 54 45 52 4D 3D 78 74 65 72 6D 2D 32 35 36 63 6F 6C 6F 72 2C 72 61 77 3A 64 75 6D 70 73 79 73 20 64 69 73 70 6C 61 79 00 
12-14 15:27:59.045  7623  7623 E adbd    : service_to_fd: shell,v2,TERM=xterm-256color,raw:dumpsys display
12-14 15:27:59.105  7623  7623 E adbd    : recv: OPEN 000030f7 00000000 003b:73 68 65 6C 6C 2C 76 32 2C 54 45 52 4D 3D 78 74 65 72 6D 2D 32 35 36 63 6F 6C 6F 72 2C 72 61 77 3A 67 65 74 70 72 6F 70 20 72 6F 2E 73 66 2E 6C 63 64 5F 64 65 6E 73 69 74 79 00 
12-14 15:27:59.105  7623  7623 E adbd    : service_to_fd: shell,v2,TERM=xterm-256color,raw:getprop ro.sf.lcd_density
12-14 15:27:59.151  7623  7623 E adbd    : recv: OPEN 000030fa 00000000 0031:73 68 65 6C 6C 2C 76 32 2C 54 45 52 4D 3D 78 74 65 72 6D 2D 32 35 36 63 6F 6C 6F 72 2C 72 61 77 3A 64 75 6D 70 73 79 73 20 64 69 73 70 6C 61 79 00 
12-14 15:27:59.152  7623  7623 E adbd    : service_to_fd: shell,v2,TERM=xterm-256color,raw:dumpsys display
12-14 15:27:59.233  7623  7623 E adbd    : recv: OPEN 000030fd 00000000 003b:73 68 65 6C 6C 2C 76 32 2C 54 45 52 4D 3D 78 74 65 72 6D 2D 32 35 36 63 6F 6C 6F 72 2C 72 61 77 3A 67 65 74 70 72 6F 70 20 72 6F 2E 73 66 2E 6C 63 64 5F 64 65 6E 73 69 74 79 00 
12-14 15:27:59.234  7623  7623 E adbd    : service_to_fd: shell,v2,TERM=xterm-256color,raw:getprop ro.sf.lcd_density
12-14 15:27:59.299  7623  7623 E adbd    : recv: OPEN 00003100 00000000 0031:73 68 65 6C 6C 2C 76 32 2C 54 45 52 4D 3D 78 74 65 72 6D 2D 32 35 36 63 6F 6C 6F 72 2C 72 61 77 3A 64 75 6D 70 73 79 73 20 64 69 73 70 6C 61 79 00 
12-14 15:27:59.299  7623  7623 E adbd    : service_to_fd: shell,v2,TERM=xterm-256color,raw:dumpsys display
12-14 15:27:59.322 23464 23515 I ReschedulableTimer: [#CMH#] ReschedulableTimer started 
12-14 15:27:59.349 23464 23515 I ControllerEventHandler: [#CMH#] nonJustShotRunningPossible pendingCount 0
12-14 15:27:59.381  7623  7623 E adbd    : recv: OPEN 00003103 00000000 003b:73 68 65 6C 6C 2C 76 32 2C 54 45 52 4D 3D 78 74 65 72 6D 2D 32 35 36 63 6F 6C 6F 72 2C 72 61 77 3A 67 65 74 70 72 6F 70 20 72 6F 2E 73 66 2E 6C 63 64 5F 64 65 6E 73 69 74 79 00 
12-14 15:27:59.381  7623  7623 E adbd    : service_to_fd: shell,v2,TERM=xterm-256color,raw:getprop ro.sf.lcd_density
12-14 15:27:59.438  7623  7623 E adbd    : recv: OPEN 00003106 00000000 003e:73 68 65 6C 6C 2C 76 32 2C 54 45 52 4D 3D 78 74 65 72 6D 2D 32 35 36 63 6F 6C 6F 72 2C 72 61 77 3A 67 65 74 70 72 6F 70 20 72 6F 2E 62 75 69 6C 64 2E 76 65 72 73 69 6F 6E 2E 73 64 6B 00 
12-14 15:27:59.438  7623  7623 E adbd    : service_to_fd: shell,v2,TERM=xterm-256color,raw:getprop ro.build.version.sdk
12-14 15:27:59.499  7623  7623 E adbd    : recv: OPEN 00003109 00000000 004e:73 68 65 6C 6C 2C 76 32 2C 54 45 52 4D 3D 78 74 65 72 6D 2D 32 35 36 63 6F 6C 6F 72 2C 72 61 77 3A 69 6E 70 75 74 20 74 6F 75 63 68 73 63 72 65 65 6E 20 73 77 69 70 65 20 33 36 30 20 37 32 37 20 33 36 30 20 37 32 37 20 32 30 30 30 00 
12-14 15:27:59.499  7623  7623 E adbd    : service_to_fd: shell,v2,TERM=xterm-256color,raw:input touchscreen swipe 360 727 360 727 2000
12-14 15:27:59.883 24325 24325 W ADebug  : Failed to get property persist.sys.media.traces
12-14 15:27:59.888 24325 24325 E appproc : Enhanced Zygote ASLR: ro.knox.enhance.zygote.aslr != 1. Enhanced Zygote ASLR is DISABLED!
12-14 15:27:59.978  7623  7623 E adbd    : recv: OPEN 0000310c 00000000 0024:73 68 65 6C 6C 2C 76 32 2C 54 45 52 4D 3D 78 74 65 72 6D 2D 32 35 36 63 6F 6C 6F 72 2C 72 61 77 3A 70 73 00 
12-14 15:27:59.978  7623  7623 E adbd    : service_to_fd: shell,v2,TERM=xterm-256color,raw:ps
12-14 15:27:59.987 24325 24325 I app_process: find the special shared library, skip check
12-14 15:28:00.000  3655  3758 I SamsungAlarmManager: setLocked to kernel - T:3 / 20241214T152923, SetElapsed=303597837, nowELAPSED=303514131
12-14 15:28:00.008  3655  3655 I SamsungAlarmManager: setLocked to kernel - T:3 / 20241214T152900, SetElapsed=303574130, nowELAPSED=303514139
12-14 15:28:00.013 24325 24325 E SemAffinityControl: SemAffinityControl: registerfunction enter
12-14 15:28:00.026 24325 24325 I Input   : injectMotionEvent: MotionEvent { action=ACTION_DOWN, actionButton=0, id[0]=0, x[0]=360.0, y[0]=727.0, toolType[0]=TOOL_TYPE_UNKNOWN, buttonState=0, metaState=0, flags=0x0, edgeFlags=0x0, pointerCount=1, historySize=0, eventTime=303514150, downTime=303514150, deviceId=3, source=0x1002 }
12-14 15:28:00.028  3655  3785 I InputDispatcher: Delivering touch to (4132): action: 0x4, toolType: 0
12-14 15:28:00.028  3655  3785 I InputDispatcher: Delivering touch to (23594): action: 0x0, toolType: 0
12-14 15:28:00.058 24325 24325 I Input   : injectMotionEvent: MotionEvent { action=ACTION_MOVE, actionButton=0, id[0]=0, x[0]=360.0, y[0]=727.0, toolType[0]=TOOL_TYPE_UNKNOWN, buttonState=0, metaState=0, flags=0x0, edgeFlags=0x0, pointerCount=1, historySize=0, eventTime=303514150, downTime=303514150, deviceId=3, source=0x1002 }
12-14 15:28:00.074 24325 24325 I Input   : injectMotionEvent: MotionEvent { action=ACTION_MOVE, actionButton=0, id[0]=0, x[0]=360.0, y[0]=727.0, toolType[0]=TOOL_TYPE_UNKNOWN, buttonState=0, metaState=0, flags=0x0, edgeFlags=0x0, pointerCount=1, historySize=0, eventTime=303514205, downTime=303514205, deviceId=3, source=0x1002 }
12-14 15:28:00.094 24325 24325 I Input   : injectMotionEvent: MotionEvent { action=ACTION_MOVE, actionButton=0, id[0]=0, x[0]=360.0, y[0]=727.0, toolType[0]=TOOL_TYPE_UNKNOWN, buttonState=0, metaState=0, flags=0x0, edgeFlags=0x0, pointerCount=1, historySize=0, eventTime=303514224, downTime=303514224, deviceId=3, source=0x1002 }
12-14 15:28:00.109 23594 23594 W View    : couldn't find view with id 2131231150
12-14 15:28:00.112 23594 23594 W View    : couldn't find view with id 2131231150
12-14 15:28:00.120 24325 24325 I Input   : injectMotionEvent: MotionEvent { action=ACTION_MOVE, actionButton=0, id[0]=0, x[0]=360.0, y[0]=727.0, toolType[0]=TOOL_TYPE_UNKNOWN, buttonState=0, metaState=0, flags=0x0, edgeFlags=0x0, pointerCount=1, historySize=0, eventTime=303514251, downTime=303514251, deviceId=3, source=0x1002 }
12-14 15:28:00.129 24325 24325 I Input   : injectMotionEvent: MotionEvent { action=ACTION_MOVE, actionButton=0, id[0]=0, x[0]=360.0, y[0]=727.0, toolType[0]=TOOL_TYPE_UNKNOWN, buttonState=0, metaState=0, flags=0x0, edgeFlags=0x0, pointerCount=1, historySize=0, eventTime=303514259, downTime=303514259, deviceId=3, source=0x1002 }
12-14 15:28:00.141 24325 24325 I Input   : injectMotionEvent: MotionEvent { action=ACTION_MOVE, actionButton=0, id[0]=0, x[0]=360.0, y[0]=727.0, toolType[0]=TOOL_TYPE_UNKNOWN, buttonState=0, metaState=0, flags=0x0, edgeFlags=0x0, pointerCount=1, historySize=0, eventTime=303514272, downTime=303514272, deviceId=3, source=0x1002 }
12-14 15:28:00.159 24325 24325 I Input   : injectMotionEvent: MotionEvent { action=ACTION_MOVE, actionButton=0, id[0]=0, x[0]=360.0, y[0]=727.0, toolType[0]=TOOL_TYPE_UNKNOWN, buttonState=0, metaState=0, flags=0x0, edgeFlags=0x0, pointerCount=1, historySize=0, eventTime=303514290, downTime=303514290, deviceId=3, source=0x1002 }
12-14 15:28:00.178 24325 24325 I Input   : injectMotionEvent: MotionEvent { action=ACTION_MOVE, actionButton=0, id[0]=0, x[0]=360.0, y[0]=727.0, toolType[0]=TOOL_TYPE_UNKNOWN, buttonState=0, metaState=0, flags=0x0, edgeFlags=0x0, pointerCount=1, historySize=0, eventTime=303514309, downTime=303514309, deviceId=3, source=0x1002 }
12-14 15:28:00.185 23594 23594 W View    : couldn't find view with id 2131231150
12-14 15:28:00.187 23594 23594 W View    : couldn't find view with id 2131231150
12-14 15:28:00.198 24325 24325 I Input   : injectMotionEvent: MotionEvent { action=ACTION_MOVE, actionButton=0, id[0]=0, x[0]=360.0, y[0]=727.0, toolType[0]=TOOL_TYPE_UNKNOWN, buttonState=0, metaState=0, flags=0x0, edgeFlags=0x0, pointerCount=1, historySize=0, eventTime=303514328, downTime=303514328, deviceId=3, source=0x1002 }
12-14 15:28:00.219 24325 24325 I Input   : injectMotionEvent: MotionEvent { action=ACTION_MOVE, actionButton=0, id[0]=0, x[0]=360.0, y[0]=727.0, toolType[0]=TOOL_TYPE_UNKNOWN, buttonState=0, metaState=0, flags=0x0, edgeFlags=0x0, pointerCount=1, historySize=0, eventTime=303514350, downTime=303514350, deviceId=3, source=0x1002 }
12-14 15:28:00.228 24325 24325 I Input   : injectMotionEvent: MotionEvent { action=ACTION_MOVE, actionButton=0, id[0]=0, x[0]=360.0, y[0]=727.0, toolType[0]=TOOL_TYPE_UNKNOWN, buttonState=0, metaState=0, flags=0x0, edgeFlags=0x0, pointerCount=1, historySize=0, eventTime=303514359, downTime=303514359, deviceId=3, source=0x1002 }
12-14 15:28:00.237 24325 24325 I Input   : injectMotionEvent: MotionEvent { action=ACTION_MOVE, actionButton=0, id[0]=0, x[0]=360.0, y[0]=727.0, toolType[0]=TOOL_TYPE_UNKNOWN, buttonState=0, metaState=0, flags=0x0, edgeFlags=0x0, pointerCount=1, historySize=0, eventTime=303514367, downTime=303514367, deviceId=3, source=0x1002 }
12-14 15:28:00.248 24325 24325 I Input   : injectMotionEvent: MotionEvent { action=ACTION_MOVE, actionButton=0, id[0]=0, x[0]=360.0, y[0]=727.0, toolType[0]=TOOL_TYPE_UNKNOWN, buttonState=0, metaState=0, flags=0x0, edgeFlags=0x0, pointerCount=1, historySize=0, eventTime=303514378, downTime=303514378, deviceId=3, source=0x1002 }
12-14 15:28:00.259 24325 24325 I Input   : injectMotionEvent: MotionEvent { action=ACTION_MOVE, actionButton=0, id[0]=0, x[0]=360.0, y[0]=727.0, toolType[0]=TOOL_TYPE_UNKNOWN, buttonState=0, metaState=0, flags=0x0, edgeFlags=0x0, pointerCount=1, historySize=0, eventTime=303514389, downTime=303514389, deviceId=3, source=0x1002 }
12-14 15:28:00.271 24325 24325 I Input   : injectMotionEvent: MotionEvent { action=ACTION_MOVE, actionButton=0, id[0]=0, x[0]=360.0, y[0]=727.0, toolType[0]=TOOL_TYPE_UNKNOWN, buttonState=0, metaState=0, flags=0x0, edgeFlags=0x0, pointerCount=1, historySize=0, eventTime=303514402, downTime=303514402, deviceId=3, source=0x1002 }
12-14 15:28:00.299 24325 24325 I Input   : injectMotionEvent: MotionEvent { action=ACTION_MOVE, actionButton=0, id[0]=0, x[0]=360.0, y[0]=727.0, toolType[0]=TOOL_TYPE_UNKNOWN, buttonState=0, metaState=0, flags=0x0, edgeFlags=0x0, pointerCount=1, historySize=0, eventTime=303514429, downTime=303514429, deviceId=3, source=0x1002 }
12-14 15:28:00.309 24325 24325 I Input   : injectMotionEvent: MotionEvent { action=ACTION_MOVE, actionButton=0, id[0]=0, x[0]=360.0, y[0]=727.0, toolType[0]=TOOL_TYPE_UNKNOWN, buttonState=0, metaState=0, flags=0x0, edgeFlags=0x0, pointerCount=1, historySize=0, eventTime=303514439, downTime=303514439, deviceId=3, source=0x1002 }
12-14 15:28:00.325 24325 24325 I Input   : injectMotionEvent: MotionEvent { action=ACTION_MOVE, actionButton=0, id[0]=0, x[0]=360.0, y[0]=727.0, toolType[0]=TOOL_TYPE_UNKNOWN, buttonState=0, metaState=0, flags=0x0, edgeFlags=0x0, pointerCount=1, historySize=0, eventTime=303514455, downTime=303514455, deviceId=3, source=0x1002 }
12-14 15:28:00.343 24325 24325 I Input   : injectMotionEvent: MotionEvent { action=ACTION_MOVE, actionButton=0, id[0]=0, x[0]=360.0, y[0]=727.0, toolType[0]=TOOL_TYPE_UNKNOWN, buttonState=0, metaState=0, flags=0x0, edgeFlags=0x0, pointerCount=1, historySize=0, eventTime=303514474, downTime=303514474, deviceId=3, source=0x1002 }
12-14 15:28:00.368 24325 24325 I Input   : injectMotionEvent: MotionEvent { action=ACTION_MOVE, actionButton=0, id[0]=0, x[0]=360.0, y[0]=727.0, toolType[0]=TOOL_TYPE_UNKNOWN, buttonState=0, metaState=0, flags=0x0, edgeFlags=0x0, pointerCount=1, historySize=0, eventTime=303514498, downTime=303514498, deviceId=3, source=0x1002 }
12-14 15:28:00.385 24325 24325 I Input   : injectMotionEvent: MotionEvent { action=ACTION_MOVE, actionButton=0, id[0]=0, x[0]=360.0, y[0]=727.0, toolType[0]=TOOL_TYPE_UNKNOWN, buttonState=0, metaState=0, flags=0x0, edgeFlags=0x0, pointerCount=1, historySize=0, eventTime=303514515, downTime=303514515, deviceId=3, source=0x1002 }
12-14 15:28:00.398 24325 24325 I Input   : injectMotionEvent: MotionEvent { action=ACTION_MOVE, actionButton=0, id[0]=0, x[0]=360.0, y[0]=727.0, toolType[0]=TOOL_TYPE_UNKNOWN, buttonState=0, metaState=0, flags=0x0, edgeFlags=0x0, pointerCount=1, historySize=0, eventTime=303514528, downTime=303514528, deviceId=3, source=0x1002 }
12-14 15:28:00.420 24325 24325 I Input   : injectMotionEvent: MotionEvent { action=ACTION_MOVE, actionButton=0, id[0]=0, x[0]=360.0, y[0]=727.0, toolType[0]=TOOL_TYPE_UNKNOWN, buttonState=0, metaState=0, flags=0x0, edgeFlags=0x0, pointerCount=1, historySize=0, eventTime=303514551, downTime=303514551, deviceId=3, source=0x1002 }
12-14 15:28:00.456 24325 24325 I Input   : injectMotionEvent: MotionEvent { action=ACTION_MOVE, actionButton=0, id[0]=0, x[0]=360.0, y[0]=727.0, toolType[0]=TOOL_TYPE_UNKNOWN, buttonState=0, metaState=0, flags=0x0, edgeFlags=0x0, pointerCount=1, historySize=0, eventTime=303514586, downTime=303514586, deviceId=3, source=0x1002 }
12-14 15:28:00.480 24325 24325 I Input   : injectMotionEvent: MotionEvent { action=ACTION_MOVE, actionButton=0, id[0]=0, x[0]=360.0, y[0]=727.0, toolType[0]=TOOL_TYPE_UNKNOWN, buttonState=0, metaState=0, flags=0x0, edgeFlags=0x0, pointerCount=1, historySize=0, eventTime=303514610, downTime=303514610, deviceId=3, source=0x1002 }
12-14 15:28:00.499 24325 24325 I Input   : injectMotionEvent: MotionEvent { action=ACTION_MOVE, actionButton=0, id[0]=0, x[0]=360.0, y[0]=727.0, toolType[0]=TOOL_TYPE_UNKNOWN, buttonState=0, metaState=0, flags=0x0, edgeFlags=0x0, pointerCount=1, historySize=0, eventTime=303514629, downTime=303514629, deviceId=3, source=0x1002 }
12-14 15:28:00.507 24325 24325 I Input   : injectMotionEvent: MotionEvent { action=ACTION_MOVE, actionButton=0, id[0]=0, x[0]=360.0, y[0]=727.0, toolType[0]=TOOL_TYPE_UNKNOWN, buttonState=0, metaState=0, flags=0x0, edgeFlags=0x0, pointerCount=1, historySize=0, eventTime=303514637, downTime=303514637, deviceId=3, source=0x1002 }
12-14 15:28:00.519 24325 24325 I Input   : injectMotionEvent: MotionEvent { action=ACTION_MOVE, actionButton=0, id[0]=0, x[0]=360.0, y[0]=727.0, toolType[0]=TOOL_TYPE_UNKNOWN, buttonState=0, metaState=0, flags=0x0, edgeFlags=0x0, pointerCount=1, historySize=0, eventTime=303514650, downTime=303514650, deviceId=3, source=0x1002 }
12-14 15:28:00.539 24325 24325 I Input   : injectMotionEvent: MotionEvent { action=ACTION_MOVE, actionButton=0, id[0]=0, x[0]=360.0, y[0]=727.0, toolType[0]=TOOL_TYPE_UNKNOWN, buttonState=0, metaState=0, flags=0x0, edgeFlags=0x0, pointerCount=1, historySize=0, eventTime=303514670, downTime=303514670, deviceId=3, source=0x1002 }
12-14 15:28:00.562 24325 24325 I Input   : injectMotionEvent: MotionEvent { action=ACTION_MOVE, actionButton=0, id[0]=0, x[0]=360.0, y[0]=727.0, toolType[0]=TOOL_TYPE_UNKNOWN, buttonState=0, metaState=0, flags=0x0, edgeFlags=0x0, pointerCount=1, historySize=0, eventTime=303514692, downTime=303514692, deviceId=3, source=0x1002 }
12-14 15:28:00.584 24325 24325 I Input   : injectMotionEvent: MotionEvent { action=ACTION_MOVE, actionButton=0, id[0]=0, x[0]=360.0, y[0]=727.0, toolType[0]=TOOL_TYPE_UNKNOWN, buttonState=0, metaState=0, flags=0x0, edgeFlags=0x0, pointerCount=1, historySize=0, eventTime=303514715, downTime=303514715, deviceId=3, source=0x1002 }
12-14 15:28:00.608 24325 24325 I Input   : injectMotionEvent: MotionEvent { action=ACTION_MOVE, actionButton=0, id[0]=0, x[0]=360.0, y[0]=727.0, toolType[0]=TOOL_TYPE_UNKNOWN, buttonState=0, metaState=0, flags=0x0, edgeFlags=0x0, pointerCount=1, historySize=0, eventTime=303514738, downTime=303514738, deviceId=3, source=0x1002 }
12-14 15:28:00.632 24325 24325 I Input   : injectMotionEvent: MotionEvent { action=ACTION_MOVE, actionButton=0, id[0]=0, x[0]=360.0, y[0]=727.0, toolType[0]=TOOL_TYPE_UNKNOWN, buttonState=0, metaState=0, flags=0x0, edgeFlags=0x0, pointerCount=1, historySize=0, eventTime=303514762, downTime=303514762, deviceId=3, source=0x1002 }
12-14 15:28:00.657 24325 24325 I Input   : injectMotionEvent: MotionEvent { action=ACTION_MOVE, actionButton=0, id[0]=0, x[0]=360.0, y[0]=727.0, toolType[0]=TOOL_TYPE_UNKNOWN, buttonState=0, metaState=0, flags=0x0, edgeFlags=0x0, pointerCount=1, historySize=0, eventTime=303514787, downTime=303514787, deviceId=3, source=0x1002 }
12-14 15:28:00.677 24325 24325 I Input   : injectMotionEvent: MotionEvent { action=ACTION_MOVE, actionButton=0, id[0]=0, x[0]=360.0, y[0]=727.0, toolType[0]=TOOL_TYPE_UNKNOWN, buttonState=0, metaState=0, flags=0x0, edgeFlags=0x0, pointerCount=1, historySize=0, eventTime=303514808, downTime=303514808, deviceId=3, source=0x1002 }
12-14 15:28:00.691 24325 24325 I Input   : injectMotionEvent: MotionEvent { action=ACTION_MOVE, actionButton=0, id[0]=0, x[0]=360.0, y[0]=727.0, toolType[0]=TOOL_TYPE_UNKNOWN, buttonState=0, metaState=0, flags=0x0, edgeFlags=0x0, pointerCount=1, historySize=0, eventTime=303514821, downTime=303514821, deviceId=3, source=0x1002 }
12-14 15:28:00.718 24325 24325 I Input   : injectMotionEvent: MotionEvent { action=ACTION_MOVE, actionButton=0, id[0]=0, x[0]=360.0, y[0]=727.0, toolType[0]=TOOL_TYPE_UNKNOWN, buttonState=0, metaState=0, flags=0x0, edgeFlags=0x0, pointerCount=1, historySize=0, eventTime=303514848, downTime=303514848, deviceId=3, source=0x1002 }
12-14 15:28:00.742 24325 24325 I Input   : injectMotionEvent: MotionEvent { action=ACTION_MOVE, actionButton=0, id[0]=0, x[0]=360.0, y[0]=727.0, toolType[0]=TOOL_TYPE_UNKNOWN, buttonState=0, metaState=0, flags=0x0, edgeFlags=0x0, pointerCount=1, historySize=0, eventTime=303514873, downTime=303514873, deviceId=3, source=0x1002 }
12-14 15:28:00.766 24325 24325 I Input   : injectMotionEvent: MotionEvent { action=ACTION_MOVE, actionButton=0, id[0]=0, x[0]=360.0, y[0]=727.0, toolType[0]=TOOL_TYPE_UNKNOWN, buttonState=0, metaState=0, flags=0x0, edgeFlags=0x0, pointerCount=1, historySize=0, eventTime=303514896, downTime=303514896, deviceId=3, source=0x1002 }
12-14 15:28:00.777 24325 24325 I Input   : injectMotionEvent: MotionEvent { action=ACTION_MOVE, actionButton=0, id[0]=0, x[0]=360.0, y[0]=727.0, toolType[0]=TOOL_TYPE_UNKNOWN, buttonState=0, metaState=0, flags=0x0, edgeFlags=0x0, pointerCount=1, historySize=0, eventTime=303514908, downTime=303514908, deviceId=3, source=0x1002 }
12-14 15:28:00.793 24325 24325 I Input   : injectMotionEvent: MotionEvent { action=ACTION_MOVE, actionButton=0, id[0]=0, x[0]=360.0, y[0]=727.0, toolType[0]=TOOL_TYPE_UNKNOWN, buttonState=0, metaState=0, flags=0x0, edgeFlags=0x0, pointerCount=1, historySize=0, eventTime=303514923, downTime=303514923, deviceId=3, source=0x1002 }
12-14 15:28:00.816 24325 24325 I Input   : injectMotionEvent: MotionEvent { action=ACTION_MOVE, actionButton=0, id[0]=0, x[0]=360.0, y[0]=727.0, toolType[0]=TOOL_TYPE_UNKNOWN, buttonState=0, metaState=0, flags=0x0, edgeFlags=0x0, pointerCount=1, historySize=0, eventTime=303514946, downTime=303514946, deviceId=3, source=0x1002 }
12-14 15:28:00.829 24325 24325 I Input   : injectMotionEvent: MotionEvent { action=ACTION_MOVE, actionButton=0, id[0]=0, x[0]=360.0, y[0]=727.0, toolType[0]=TOOL_TYPE_UNKNOWN, buttonState=0, metaState=0, flags=0x0, edgeFlags=0x0, pointerCount=1, historySize=0, eventTime=303514959, downTime=303514959, deviceId=3, source=0x1002 }
12-14 15:28:00.861 24325 24325 I Input   : injectMotionEvent: MotionEvent { action=ACTION_MOVE, actionButton=0, id[0]=0, x[0]=360.0, y[0]=727.0, toolType[0]=TOOL_TYPE_UNKNOWN, buttonState=0, metaState=0, flags=0x0, edgeFlags=0x0, pointerCount=1, historySize=0, eventTime=303514991, downTime=303514991, deviceId=3, source=0x1002 }
12-14 15:28:00.878 24325 24325 I Input   : injectMotionEvent: MotionEvent { action=ACTION_MOVE, actionButton=0, id[0]=0, x[0]=360.0, y[0]=727.0, toolType[0]=TOOL_TYPE_UNKNOWN, buttonState=0, metaState=0, flags=0x0, edgeFlags=0x0, pointerCount=1, historySize=0, eventTime=303515009, downTime=303515009, deviceId=3, source=0x1002 }
12-14 15:28:00.894 24325 24325 I Input   : injectMotionEvent: MotionEvent { action=ACTION_MOVE, actionButton=0, id[0]=0, x[0]=360.0, y[0]=727.0, toolType[0]=TOOL_TYPE_UNKNOWN, buttonState=0, metaState=0, flags=0x0, edgeFlags=0x0, pointerCount=1, historySize=0, eventTime=303515025, downTime=303515025, deviceId=3, source=0x1002 }
12-14 15:28:00.905 24325 24325 I Input   : injectMotionEvent: MotionEvent { action=ACTION_MOVE, actionButton=0, id[0]=0, x[0]=360.0, y[0]=727.0, toolType[0]=TOOL_TYPE_UNKNOWN, buttonState=0, metaState=0, flags=0x0, edgeFlags=0x0, pointerCount=1, historySize=0, eventTime=303515035, downTime=303515035, deviceId=3, source=0x1002 }
12-14 15:28:00.925 24325 24325 I Input   : injectMotionEvent: MotionEvent { action=ACTION_MOVE, actionButton=0, id[0]=0, x[0]=360.0, y[0]=727.0, toolType[0]=TOOL_TYPE_UNKNOWN, buttonState=0, metaState=0, flags=0x0, edgeFlags=0x0, pointerCount=1, historySize=0, eventTime=303515055, downTime=303515055, deviceId=3, source=0x1002 }
12-14 15:28:00.933 24325 24325 I Input   : injectMotionEvent: MotionEvent { action=ACTION_MOVE, actionButton=0, id[0]=0, x[0]=360.0, y[0]=727.0, toolType[0]=TOOL_TYPE_UNKNOWN, buttonState=0, metaState=0, flags=0x0, edgeFlags=0x0, pointerCount=1, historySize=0, eventTime=303515064, downTime=303515064, deviceId=3, source=0x1002 }
12-14 15:28:00.945 24325 24325 I Input   : injectMotionEvent: MotionEvent { action=ACTION_MOVE, actionButton=0, id[0]=0, x[0]=360.0, y[0]=727.0, toolType[0]=TOOL_TYPE_UNKNOWN, buttonState=0, metaState=0, flags=0x0, edgeFlags=0x0, pointerCount=1, historySize=0, eventTime=303515076, downTime=303515076, deviceId=3, source=0x1002 }
12-14 15:28:00.966 24325 24325 I Input   : injectMotionEvent: MotionEvent { action=ACTION_MOVE, actionButton=0, id[0]=0, x[0]=360.0, y[0]=727.0, toolType[0]=TOOL_TYPE_UNKNOWN, buttonState=0, metaState=0, flags=0x0, edgeFlags=0x0, pointerCount=1, historySize=0, eventTime=303515096, downTime=303515096, deviceId=3, source=0x1002 }
12-14 15:28:00.986 24325 24325 I Input   : injectMotionEvent: MotionEvent { action=ACTION_MOVE, actionButton=0, id[0]=0, x[0]=360.0, y[0]=727.0, toolType[0]=TOOL_TYPE_UNKNOWN, buttonState=0, metaState=0, flags=0x0, edgeFlags=0x0, pointerCount=1, historySize=0, eventTime=303515117, downTime=303515117, deviceId=3, source=0x1002 }
12-14 15:28:01.011 24325 24325 I Input   : injectMotionEvent: MotionEvent { action=ACTION_MOVE, actionButton=0, id[0]=0, x[0]=360.0, y[0]=727.0, toolType[0]=TOOL_TYPE_UNKNOWN, buttonState=0, metaState=0, flags=0x0, edgeFlags=0x0, pointerCount=1, historySize=0, eventTime=303515141, downTime=303515141, deviceId=3, source=0x1002 }
12-14 15:28:01.020 24325 24325 I Input   : injectMotionEvent: MotionEvent { action=ACTION_MOVE, actionButton=0, id[0]=0, x[0]=360.0, y[0]=727.0, toolType[0]=TOOL_TYPE_UNKNOWN, buttonState=0, metaState=0, flags=0x0, edgeFlags=0x0, pointerCount=1, historySize=0, eventTime=303515151, downTime=303515151, deviceId=3, source=0x1002 }
12-14 15:28:01.034 24325 24325 I Input   : injectMotionEvent: MotionEvent { action=ACTION_MOVE, actionButton=0, id[0]=0, x[0]=360.0, y[0]=727.0, toolType[0]=TOOL_TYPE_UNKNOWN, buttonState=0, metaState=0, flags=0x0, edgeFlags=0x0, pointerCount=1, historySize=0, eventTime=303515164, downTime=303515164, deviceId=3, source=0x1002 }
12-14 15:28:01.048 24325 24325 I Input   : injectMotionEvent: MotionEvent { action=ACTION_MOVE, actionButton=0, id[0]=0, x[0]=360.0, y[0]=727.0, toolType[0]=TOOL_TYPE_UNKNOWN, buttonState=0, metaState=0, flags=0x0, edgeFlags=0x0, pointerCount=1, historySize=0, eventTime=303515178, downTime=303515178, deviceId=3, source=0x1002 }
12-14 15:28:01.073  7623  7623 E adbd    : recv: OPEN 0000310f 00000000 0024:73 68 65 6C 6C 2C 76 32 2C 54 45 52 4D 3D 78 74 65 72 6D 2D 32 35 36 63 6F 6C 6F 72 2C 72 61 77 3A 70 73 00 
12-14 15:28:01.073  7623  7623 E adbd    : service_to_fd: shell,v2,TERM=xterm-256color,raw:ps
12-14 15:28:01.080 24325 24325 I Input   : injectMotionEvent: MotionEvent { action=ACTION_MOVE, actionButton=0, id[0]=0, x[0]=360.0, y[0]=727.0, toolType[0]=TOOL_TYPE_UNKNOWN, buttonState=0, metaState=0, flags=0x0, edgeFlags=0x0, pointerCount=1, historySize=0, eventTime=303515210, downTime=303515210, deviceId=3, source=0x1002 }
12-14 15:28:01.100 24325 24325 I Input   : injectMotionEvent: MotionEvent { action=ACTION_MOVE, actionButton=0, id[0]=0, x[0]=360.0, y[0]=727.0, toolType[0]=TOOL_TYPE_UNKNOWN, buttonState=0, metaState=0, flags=0x0, edgeFlags=0x0, pointerCount=1, historySize=0, eventTime=303515231, downTime=303515231, deviceId=3, source=0x1002 }
12-14 15:28:01.121 24325 24325 I Input   : injectMotionEvent: MotionEvent { action=ACTION_MOVE, actionButton=0, id[0]=0, x[0]=360.0, y[0]=727.0, toolType[0]=TOOL_TYPE_UNKNOWN, buttonState=0, metaState=0, flags=0x0, edgeFlags=0x0, pointerCount=1, historySize=0, eventTime=303515251, downTime=303515251, deviceId=3, source=0x1002 }
12-14 15:28:01.140 24325 24325 I Input   : injectMotionEvent: MotionEvent { action=ACTION_MOVE, actionButton=0, id[0]=0, x[0]=360.0, y[0]=727.0, toolType[0]=TOOL_TYPE_UNKNOWN, buttonState=0, metaState=0, flags=0x0, edgeFlags=0x0, pointerCount=1, historySize=0, eventTime=303515271, downTime=303515271, deviceId=3, source=0x1002 }
12-14 15:28:01.160 24325 24325 I Input   : injectMotionEvent: MotionEvent { action=ACTION_MOVE, actionButton=0, id[0]=0, x[0]=360.0, y[0]=727.0, toolType[0]=TOOL_TYPE_UNKNOWN, buttonState=0, metaState=0, flags=0x0, edgeFlags=0x0, pointerCount=1, historySize=0, eventTime=303515291, downTime=303515291, deviceId=3, source=0x1002 }
12-14 15:28:01.179 24325 24325 I Input   : injectMotionEvent: MotionEvent { action=ACTION_MOVE, actionButton=0, id[0]=0, x[0]=360.0, y[0]=727.0, toolType[0]=TOOL_TYPE_UNKNOWN, buttonState=0, metaState=0, flags=0x0, edgeFlags=0x0, pointerCount=1, historySize=0, eventTime=303515309, downTime=303515309, deviceId=3, source=0x1002 }
12-14 15:28:01.187 24325 24325 I Input   : injectMotionEvent: MotionEvent { action=ACTION_MOVE, actionButton=0, id[0]=0, x[0]=360.0, y[0]=727.0, toolType[0]=TOOL_TYPE_UNKNOWN, buttonState=0, metaState=0, flags=0x0, edgeFlags=0x0, pointerCount=1, historySize=0, eventTime=303515317, downTime=303515317, deviceId=3, source=0x1002 }
12-14 15:28:01.198 24325 24325 I Input   : injectMotionEvent: MotionEvent { action=ACTION_MOVE, actionButton=0, id[0]=0, x[0]=360.0, y[0]=727.0, toolType[0]=TOOL_TYPE_UNKNOWN, buttonState=0, metaState=0, flags=0x0, edgeFlags=0x0, pointerCount=1, historySize=0, eventTime=303515328, downTime=303515328, deviceId=3, source=0x1002 }
12-14 15:28:01.210 24325 24325 I Input   : injectMotionEvent: MotionEvent { action=ACTION_MOVE, actionButton=0, id[0]=0, x[0]=360.0, y[0]=727.0, toolType[0]=TOOL_TYPE_UNKNOWN, buttonState=0, metaState=0, flags=0x0, edgeFlags=0x0, pointerCount=1, historySize=0, eventTime=303515340, downTime=303515340, deviceId=3, source=0x1002 }
12-14 15:28:01.217 24325 24325 I Input   : injectMotionEvent: MotionEvent { action=ACTION_MOVE, actionButton=0, id[0]=0, x[0]=360.0, y[0]=727.0, toolType[0]=TOOL_TYPE_UNKNOWN, buttonState=0, metaState=0, flags=0x0, edgeFlags=0x0, pointerCount=1, historySize=0, eventTime=303515348, downTime=303515348, deviceId=3, source=0x1002 }
12-14 15:28:01.225 24325 24325 I Input   : injectMotionEvent: MotionEvent { action=ACTION_MOVE, actionButton=0, id[0]=0, x[0]=360.0, y[0]=727.0, toolType[0]=TOOL_TYPE_UNKNOWN, buttonState=0, metaState=0, flags=0x0, edgeFlags=0x0, pointerCount=1, historySize=0, eventTime=303515356, downTime=303515356, deviceId=3, source=0x1002 }
12-14 15:28:01.235 24325 24325 I Input   : injectMotionEvent: MotionEvent { action=ACTION_MOVE, actionButton=0, id[0]=0, x[0]=360.0, y[0]=727.0, toolType[0]=TOOL_TYPE_UNKNOWN, buttonState=0, metaState=0, flags=0x0, edgeFlags=0x0, pointerCount=1, historySize=0, eventTime=303515365, downTime=303515365, deviceId=3, source=0x1002 }
12-14 15:28:01.242 24325 24325 I Input   : injectMotionEvent: MotionEvent { action=ACTION_MOVE, actionButton=0, id[0]=0, x[0]=360.0, y[0]=727.0, toolType[0]=TOOL_TYPE_UNKNOWN, buttonState=0, metaState=0, flags=0x0, edgeFlags=0x0, pointerCount=1, historySize=0, eventTime=303515373, downTime=303515373, deviceId=3, source=0x1002 }
12-14 15:28:01.251 24325 24325 I Input   : injectMotionEvent: MotionEvent { action=ACTION_MOVE, actionButton=0, id[0]=0, x[0]=360.0, y[0]=727.0, toolType[0]=TOOL_TYPE_UNKNOWN, buttonState=0, metaState=0, flags=0x0, edgeFlags=0x0, pointerCount=1, historySize=0, eventTime=303515381, downTime=303515381, deviceId=3, source=0x1002 }
12-14 15:28:01.258 24325 24325 I Input   : injectMotionEvent: MotionEvent { action=ACTION_MOVE, actionButton=0, id[0]=0, x[0]=360.0, y[0]=727.0, toolType[0]=TOOL_TYPE_UNKNOWN, buttonState=0, metaState=0, flags=0x0, edgeFlags=0x0, pointerCount=1, historySize=0, eventTime=303515389, downTime=303515389, deviceId=3, source=0x1002 }
12-14 15:28:01.272 24325 24325 I Input   : injectMotionEvent: MotionEvent { action=ACTION_MOVE, actionButton=0, id[0]=0, x[0]=360.0, y[0]=727.0, toolType[0]=TOOL_TYPE_UNKNOWN, buttonState=0, metaState=0, flags=0x0, edgeFlags=0x0, pointerCount=1, historySize=0, eventTime=303515403, downTime=303515403, deviceId=3, source=0x1002 }
12-14 15:28:01.292 24325 24325 I Input   : injectMotionEvent: MotionEvent { action=ACTION_MOVE, actionButton=0, id[0]=0, x[0]=360.0, y[0]=727.0, toolType[0]=TOOL_TYPE_UNKNOWN, buttonState=0, metaState=0, flags=0x0, edgeFlags=0x0, pointerCount=1, historySize=0, eventTime=303515422, downTime=303515422, deviceId=3, source=0x1002 }
12-14 15:28:01.310 24325 24325 I Input   : injectMotionEvent: MotionEvent { action=ACTION_MOVE, actionButton=0, id[0]=0, x[0]=360.0, y[0]=727.0, toolType[0]=TOOL_TYPE_UNKNOWN, buttonState=0, metaState=0, flags=0x0, edgeFlags=0x0, pointerCount=1, historySize=0, eventTime=303515440, downTime=303515440, deviceId=3, source=0x1002 }
12-14 15:28:01.329 24325 24325 I Input   : injectMotionEvent: MotionEvent { action=ACTION_MOVE, actionButton=0, id[0]=0, x[0]=360.0, y[0]=727.0, toolType[0]=TOOL_TYPE_UNKNOWN, buttonState=0, metaState=0, flags=0x0, edgeFlags=0x0, pointerCount=1, historySize=0, eventTime=303515459, downTime=303515459, deviceId=3, source=0x1002 }
12-14 15:28:01.348 24325 24325 I Input   : injectMotionEvent: MotionEvent { action=ACTION_MOVE, actionButton=0, id[0]=0, x[0]=360.0, y[0]=727.0, toolType[0]=TOOL_TYPE_UNKNOWN, buttonState=0, metaState=0, flags=0x0, edgeFlags=0x0, pointerCount=1, historySize=0, eventTime=303515479, downTime=303515479, deviceId=3, source=0x1002 }
12-14 15:28:01.360 24325 24325 I Input   : injectMotionEvent: MotionEvent { action=ACTION_MOVE, actionButton=0, id[0]=0, x[0]=360.0, y[0]=727.0, toolType[0]=TOOL_TYPE_UNKNOWN, buttonState=0, metaState=0, flags=0x0, edgeFlags=0x0, pointerCount=1, historySize=0, eventTime=303515491, downTime=303515491, deviceId=3, source=0x1002 }
12-14 15:28:01.378 24325 24325 I Input   : injectMotionEvent: MotionEvent { action=ACTION_MOVE, actionButton=0, id[0]=0, x[0]=360.0, y[0]=727.0, toolType[0]=TOOL_TYPE_UNKNOWN, buttonState=0, metaState=0, flags=0x0, edgeFlags=0x0, pointerCount=1, historySize=0, eventTime=303515508, downTime=303515508, deviceId=3, source=0x1002 }
12-14 15:28:01.388 24325 24325 I Input   : injectMotionEvent: MotionEvent { action=ACTION_MOVE, actionButton=0, id[0]=0, x[0]=360.0, y[0]=727.0, toolType[0]=TOOL_TYPE_UNKNOWN, buttonState=0, metaState=0, flags=0x0, edgeFlags=0x0, pointerCount=1, historySize=0, eventTime=303515518, downTime=303515518, deviceId=3, source=0x1002 }
