12-14 15:27:19.736 22277 22315 I Finsky  : [6183] abdr.h(14): Triggered update for experiment package com.google.android.finsky.regular.
12-14 15:27:19.764 23145 23145 I app_process: find the special shared library, skip check
12-14 15:27:19.789 23145 23145 E SemAffinityControl: SemAffinityControl: registerfunction enter
12-14 15:27:19.810 22277 22381 I Finsky  : [6214] qmk.accept(79): Wrote row to frosting DB: 32895
12-14 15:27:19.821 23145 23176 W MessageQueue: Handler (android.os.Handler) {7e937f6} sending message to a Handler on a dead thread
12-14 15:27:19.821 23145 23176 W MessageQueue: java.lang.IllegalStateException: Handler (android.os.Handler) {7e937f6} sending message to a Handler on a dead thread
12-14 15:27:19.821 23145 23176 W MessageQueue: 	at android.os.MessageQueue.enqueueMessage(MessageQueue.java:545)
12-14 15:27:19.821 23145 23176 W MessageQueue: 	at android.os.Handler.enqueueMessage(Handler.java:661)
12-14 15:27:19.821 23145 23176 W MessageQueue: 	at android.os.Handler.sendMessageAtTime(Handler.java:630)
12-14 15:27:19.821 23145 23176 W MessageQueue: 	at android.os.Handler.sendMessageDelayed(Handler.java:600)
12-14 15:27:19.821 23145 23176 W MessageQueue: 	at android.os.Handler.post(Handler.java:356)
12-14 15:27:19.821 23145 23176 W MessageQueue: 	at android.os.ResultReceiver$MyResultReceiver.send(ResultReceiver.java:57)
12-14 15:27:19.821 23145 23176 W MessageQueue: 	at com.android.internal.os.IResultReceiver$Stub.onTransact(IResultReceiver.java:58)
12-14 15:27:19.821 23145 23176 W MessageQueue: 	at android.os.Binder.execTransact(Binder.java:682)
12-14 15:27:19.821 23145 23145 I app_process: System.exit called, status: 0
12-14 15:27:19.821 23145 23145 I AndroidRuntime: VM exiting with result code 0.
12-14 15:27:19.856  7623  7623 E adbd    : recv: OPEN 00002e0f 00000000 002b:65 78 65 63 3A 63 6D 64 20 70 61 63 6B 61 67 65 20 27 69 6E 73 74 61 6C 6C 27 20 27 2D 72 27 20 2D 53 20 37 38 38 39 31 30 39 00 
12-14 15:27:19.856  7623  7623 E adbd    : service_to_fd: exec:cmd package 'install' '-r' -S 7889109
12-14 15:27:19.857 22277 22315 I Finsky  : [6183] abdr.h(68): Already at the latest configurations for experiment package com.google.android.finsky.regular.
12-14 15:27:19.858 22277 22315 I Finsky  : [6183] abdr.h(14): Triggered update for experiment package com.google.android.finsky.regular.
12-14 15:27:19.858  7623  7623 E adbd    : recv: OPEN 00002e12 00000000 0035:73 68 65 6C 6C 2C 76 32 2C 54 45 52 4D 3D 78 74 65 72 6D 2D 32 35 36 63 6F 6C 6F 72 2C 72 61 77 3A 70 6D 20 6C 69 73 74 20 70 61 63 6B 61 67 65 73 20 2D 66 00 
12-14 15:27:19.858  7623  7623 E adbd    : service_to_fd: shell,v2,TERM=xterm-256color,raw:pm list packages -f
12-14 15:27:19.881  3655  7966 I PersonaServiceHelper: isCallerApprovedToInstall(uid:2000 userHandle:0)
12-14 15:27:19.881  3655  7966 I PersonaServiceHelper: DO is not enabled. no Knox app install enforcement
12-14 15:27:19.881  3655  7966 I PackageInstaller:  getting through the check android.content.pm.PackageInstaller$SessionParams@30c3e48 user id 0
12-14 15:27:19.882  3655  7966 W StorageManager: getStorageLowBytes lowPercent : 5, lowBytes : 1324890931, maxLowBytes : 524288000
12-14 15:27:19.882  3655  7966 W StorageManager: getStorageFullBytes DEFAULT_FULL_THRESHOLD_BYTES : 20971520, threadhold : 20971520
12-14 15:27:19.950 22277 22315 I Finsky  : [6183] abdr.h(68): Already at the latest configurations for experiment package com.google.android.finsky.regular.
12-14 15:27:19.961  3655  7966 W StorageManager: getStorageLowBytes lowPercent : 5, lowBytes : 1324890931, maxLowBytes : 524288000
12-14 15:27:19.961  3655  7966 W StorageManager: getStorageFullBytes DEFAULT_FULL_THRESHOLD_BYTES : 20971520, threadhold : 20971520
12-14 15:27:19.963  3655  3738 I WindowManager: Destroying surface Surface(name=com.blogspot.e_kanivets.moneytracker/com.blogspot.e_kanivets.moneytracker.activity.record.MainActivity) called by com.android.server.wm.WindowStateAnimator.destroySurface:2501 com.android.server.wm.WindowStateAnimator.destroySurfaceLocked:985 com.android.server.wm.WindowState.destroyOrSaveSurfaceUnchecked:3680 com.android.server.wm.WindowState.destroySurface:3628 com.android.server.wm.AppWindowToken.destroySurfaces:722 com.android.server.wm.AppWindowToken.destroySurfaces:706 com.android.server.wm.WindowState.onExitAnimationDone:5335 com.android.server.wm.WindowStateAnimator.stepAnimationLocked:550 
12-14 15:27:19.963  3194  3216 I SurfaceFlinger: id=182 Removed com.blogspot.e_kanivets.moneytracker/com.blogspot.e_kanivets.moneytracker.activity.record.MainActivity#0 (3/5)
12-14 15:27:19.971  3194  3216 I SurfaceFlinger: id=182 Removed com.blogspot.e_kanivets.moneytracker/com.blogspot.e_kanivets.moneytracker.activity.record.MainActivity#0 (-2/5)
12-14 15:27:19.973  3655  4102 I OpenGLRenderer: Initialized EGL, version 1.4
12-14 15:27:19.973 22277 22314 W Finsky  : [6182] aczd.a(64): PreloadClasses: Unable to load [androidx.compose.foundation.gestures.DraggableKt$awaitDownAndSlop$1, com.google.android.finsky.composenav.ScreenNavBackStackEntryArguments$$ExternalSyntheticBackport0, com.google.android.finsky.composenav.impl.SingleBackStackNavControllerFacadeImpl$special$$inlined$map$1, com.google.android.finsky.composenav.impl.NavHostUiKt$buildGraph$1$destinationBuilder$1, com.google.android.finsky.composenav.impl.MyModule_ProvideNavGraphBuilderFactory, com.google.android.finsky.composenav.impl.MyModule$provideNavGraphBuilder$1, com.google.android.finsky.composenav.impl.SingleBackStackNavControllerFacadeImplKt, com.google.android.finsky.composenav.compose.NoTransitionNavHostKt$NoTransitionNavHost$3$1, com.google.android.finsky.composenav.compose.NoTransitionNavHostKt$NoTransitionNavHost$lambda$11$lambda$6$lambda$5$$inlined$map$1, com.google.android.finsky.composenav.compose.NoTransitionNavHostKt$NoTransitionNavHost$3$1$invoke$$inlined$onDispose$1, com.google.android.finsky.composenav.compose.NoTransitionNavGraphBuilderExtKt$noTransitionComposable$content$1, com.google.android.finsky.composenav.compose.NavHostKt$NavHost$11$1, com.google.android.finsky.composenav.compose.NavHostKt$NavHost$11$visibleEntries$2$1, com.google.android.finsky.composenav.compose.NavHostKt$SetAccessibilityPaneTitleIfApplicable$1, com.google.android.finsky.composenav.impl.NavHostUiKt$buildGraph$1$destinationBuilder$1]
12-14 15:27:19.979  3194  3194 I Layer   : id=182 onRemoved com.blogspot.e_kanivets.moneytracker/com.blogspot.e_kanivets.moneytracker.activity.record.MainActivity#0 
12-14 15:27:19.986 22277 22326 I Finsky  : [6187] ldo.run(126): Component class com.google.android.finsky.wearsupport.WearSupportService disabled via PackageManager.
12-14 15:27:19.988 22277 22326 I Finsky  : [6187] ldo.run(126): Component class com.google.android.finsky.wearsupport.WearChangeListenerService disabled via PackageManager.
12-14 15:27:19.990  3655  4305 W StorageManager: getStorageLowBytes lowPercent : 5, lowBytes : 1324890931, maxLowBytes : 524288000
12-14 15:27:19.995  3655  3665 W StorageManager: getStorageLowBytes lowPercent : 5, lowBytes : 1324890931, maxLowBytes : 524288000
--------- beginning of crash
12-14 15:27:20.007 21145 21145 E AndroidRuntime: FATAL EXCEPTION: main
12-14 15:27:20.007 21145 21145 E AndroidRuntime: Process: com.blogspot.e_kanivets.moneytracker, PID: 21145
12-14 15:27:20.007 21145 21145 E AndroidRuntime: java.lang.RuntimeException: Unable to stop activity {com.blogspot.e_kanivets.moneytracker/com.blogspot.e_kanivets.moneytracker.activity.record.MainActivity}: java.lang.RuntimeException: Is emma jar on classpath?
12-14 15:27:20.007 21145 21145 E AndroidRuntime: 	at android.app.ActivityThread.performDestroyActivity(ActivityThread.java:4567)
12-14 15:27:20.007 21145 21145 E AndroidRuntime: 	at android.app.ActivityThread.handleDestroyActivity(ActivityThread.java:4623)
12-14 15:27:20.007 21145 21145 E AndroidRuntime: 	at android.app.ActivityThread.-wrap5(Unknown Source:0)
12-14 15:27:20.007 21145 21145 E AndroidRuntime: 	at android.app.ActivityThread$H.handleMessage(ActivityThread.java:1757)
12-14 15:27:20.007 21145 21145 E AndroidRuntime: 	at android.os.Handler.dispatchMessage(Handler.java:105)
12-14 15:27:20.007 21145 21145 E AndroidRuntime: 	at android.os.Looper.loop(Looper.java:164)
12-14 15:27:20.007 21145 21145 E AndroidRuntime: 	at android.app.ActivityThread.main(ActivityThread.java:6944)
12-14 15:27:20.007 21145 21145 E AndroidRuntime: 	at java.lang.reflect.Method.invoke(Native Method)
12-14 15:27:20.007 21145 21145 E AndroidRuntime: 	at com.android.internal.os.Zygote$MethodAndArgsCaller.run(Zygote.java:327)
12-14 15:27:20.007 21145 21145 E AndroidRuntime: 	at com.android.internal.os.ZygoteInit.main(ZygoteInit.java:1374)
12-14 15:27:20.007 21145 21145 E AndroidRuntime: Caused by: java.lang.RuntimeException: Is emma jar on classpath?
12-14 15:27:20.007 21145 21145 E AndroidRuntime: 	at com.blogspot.e_kanivets.moneytracker.activity.record.MainActivity.onStop(MainActivity.kt:217)
12-14 15:27:20.007 21145 21145 E AndroidRuntime: 	at android.app.Instrumentation.callActivityOnStop(Instrumentation.java:1381)
12-14 15:27:20.007 21145 21145 E AndroidRuntime: 	at android.app.Activity.performStop(Activity.java:7495)
12-14 15:27:20.007 21145 21145 E AndroidRuntime: 	at android.app.ActivityThread.performDestroyActivity(ActivityThread.java:4562)
12-14 15:27:20.007 21145 21145 E AndroidRuntime: 	... 9 more
12-14 15:27:20.007 21145 21145 E AndroidRuntime: Caused by: java.io.IOException: Permission denied
12-14 15:27:20.007 21145 21145 E AndroidRuntime: 	at java.io.UnixFileSystem.createFileExclusively0(Native Method)
12-14 15:27:20.007 21145 21145 E AndroidRuntime: 	at java.io.UnixFileSystem.createFileExclusively(UnixFileSystem.java:281)
12-14 15:27:20.007 21145 21145 E AndroidRuntime: 	at java.io.File.createNewFile(File.java:1000)
12-14 15:27:20.007 21145 21145 E AndroidRuntime: 	at com.blogspot.e_kanivets.moneytracker.activity.record.MainActivity.onStop(MainActivity.kt:210)
12-14 15:27:20.007 21145 21145 E AndroidRuntime: 	... 12 more
12-14 15:27:20.014  3655  4305 W ActivityManager: crash : com.blogspot.e_kanivets.moneytracker,0
12-14 15:27:20.019  3655  3687 I ApplicationPolicy: isApplicationExternalStorageWhitelisted:com.samsung.android.lool user:0
12-14 15:27:20.019  3655  3687 I ApplicationPolicy: isApplicationExternalStorageBlacklisted:com.samsung.android.lool user:0
12-14 15:27:20.035  3655  7966 W StorageManager: getStorageLowBytes lowPercent : 5, lowBytes : 1324890931, maxLowBytes : 524288000
12-14 15:27:20.035  3655  7966 W StorageManager: getStorageFullBytes DEFAULT_FULL_THRESHOLD_BYTES : 20971520, threadhold : 20971520
12-14 15:27:20.049 23189 23189 E Zygote  : isWhitelistProcess - Process is Whitelisted
12-14 15:27:20.050 23189 23189 E libpersona: scanKnoxPersonas
12-14 15:27:20.050 23189 23189 E libpersona: Couldn't open the File - /data/system/users/0/personalist.xml - No such file or directory
12-14 15:27:20.053 23189 23189 W SELinux : SELinux selinux_android_compute_policy_index : Policy Index[2],  Con:u:r:zygote:s0 RAM:SEPF_SM-G930F_8.0.0_0011, [-1 -1 -1 -1 0 1]
12-14 15:27:20.053 23189 23189 I SELinux : SELinux: seapp_context_lookup: seinfo=platform, pkgname=com.samsung.android.lool 
12-14 15:27:20.067  3655  3687 W ActivityManager: Slow operation: 51ms so far, now at startProcess: building log message
12-14 15:27:20.067  3655  3687 I ActivityManager: Start proc 23189:com.samsung.android.lool/1000 for broadcast com.samsung.android.lool/com.samsung.android.sm.common.SmartManagerReceiver
12-14 15:27:20.067  3655  3687 W ActivityManager: Slow operation: 51ms so far, now at startProcess: starting to update pids map
12-14 15:27:20.067  3655  3687 W ActivityManager: Slow operation: 51ms so far, now at startProcess: done updating pids map
12-14 15:27:20.067  3655  3687 W ActivityManager: Slow operation: 51ms so far, now at startProcess: done starting proc!
12-14 15:27:20.071  3655  3688 I ActivityManager: Showing crash dialog for package com.blogspot.e_kanivets.moneytracker u0
12-14 15:27:20.078  3655  4441 I ClientCertificateManager Service: fixContextInfoForMP() returning Caller uid: 1000 ,Container id: 0
12-14 15:27:20.079  3655  4441 I ClientCertificateManager Service: fixContextInfoForMP() returning Caller uid: 1000 ,Container id: 0
12-14 15:27:20.081  3655  4441 I ActivityManager: DSS on for com.samsung.android.lool and scale is 1.0
12-14 15:27:20.117  3655  3688 E PhoneWindow_APM : : isCalledPackage return false
12-14 15:27:20.121  3655  3688 W Looper  : Dispatch took 105ms on android.ui, h=Handler (com.android.server.am.ActivityManagerService$UiHandler) {c1fce5e} cb=null msg=1
12-14 15:27:20.124  3655  7966 W StorageManager: getStorageLowBytes lowPercent : 5, lowBytes : 1324890931, maxLowBytes : 524288000
12-14 15:27:20.141  3194  3194 I SurfaceFlinger: id=186 createSurf (684x303),1 flag=4, Application Error: com.blogspot.e_kanivets.moneytracker#0
12-14 15:27:20.158 23183 23183 W ADebug  : Failed to get property persist.sys.media.traces
12-14 15:27:20.161 22582 22590 I zygote64: Do full code cache collection, code=124KB, data=70KB
12-14 15:27:20.162 23183 23183 E appproc : Enhanced Zygote ASLR: ro.knox.enhance.zygote.aslr != 1. Enhanced Zygote ASLR is DISABLED!
12-14 15:27:20.162 22582 22590 I zygote64: After code cache collection, code=102KB, data=51KB
12-14 15:27:20.166 23189 23189 I zygote64: find the special shared library, skip check
12-14 15:27:20.167  3274  3274 E audit   : type=1400 audit(1734200840.149:484): avc:  denied  { write } for  pid=23189 comm="ng.android.lool" name="com.samsung.android.lool-9m--WQgqQ3VxBLPQWL7lZg==" dev="dm-1" ino=199 scontext=u:r:system_app:s0 tcontext=u:object_r:apk_data_file:s0 tclass=dir permissive=0 SEPF_SM-G930F_8.0.0_0011 audit_filtered
12-14 15:27:20.167  3274  3274 E audit   : type=1400 audit(1734200840.149:485): avc:  denied  { write } for  pid=23189 comm="ng.android.lool" name="com.samsung.android.lool-9m--WQgqQ3VxBLPQWL7lZg==" dev="dm-1" ino=199 scontext=u:r:system_app:s0 tcontext=u:object_r:apk_data_file:s0 tclass=dir permissive=0 SEPF_SM-G930F_8.0.0_0011 audit_filtered
12-14 15:27:20.269  3655  8827 W StorageManager: getStorageLowBytes lowPercent : 5, lowBytes : 1324890931, maxLowBytes : 524288000
12-14 15:27:20.270 23183 23183 I app_process: find the special shared library, skip check
12-14 15:27:20.287  7623  7623 E adbd    : recv: OPEN 00002e15 00000000 0024:73 68 65 6C 6C 2C 76 32 2C 54 45 52 4D 3D 78 74 65 72 6D 2D 32 35 36 63 6F 6C 6F 72 2C 72 61 77 3A 70 73 00 
12-14 15:27:20.287  7623  7623 E adbd    : service_to_fd: shell,v2,TERM=xterm-256color,raw:ps
12-14 15:27:20.294 23183 23183 E SemAffinityControl: SemAffinityControl: registerfunction enter
12-14 15:27:20.351 22582 22582 I InputMethodWrapper:  call dispatchStartInputWithToken
12-14 15:27:20.351 22582 22582 I InputMethodService: dispatchStartInputWithToken
12-14 15:27:20.377 23183 23183 I app_process: System.exit called, status: 0
12-14 15:27:20.377 23183 23183 I AndroidRuntime: VM exiting with result code 0.
12-14 15:27:20.377 23183 23229 W MessageQueue: Handler (android.os.Handler) {a8bd25f} sending message to a Handler on a dead thread
12-14 15:27:20.377 23183 23229 W MessageQueue: java.lang.IllegalStateException: Handler (android.os.Handler) {a8bd25f} sending message to a Handler on a dead thread
12-14 15:27:20.377 23183 23229 W MessageQueue: 	at android.os.MessageQueue.enqueueMessage(MessageQueue.java:545)
12-14 15:27:20.377 23183 23229 W MessageQueue: 	at android.os.Handler.enqueueMessage(Handler.java:661)
12-14 15:27:20.377 23183 23229 W MessageQueue: 	at android.os.Handler.sendMessageAtTime(Handler.java:630)
12-14 15:27:20.377 23183 23229 W MessageQueue: 	at android.os.Handler.sendMessageDelayed(Handler.java:600)
12-14 15:27:20.377 23183 23229 W MessageQueue: 	at android.os.Handler.post(Handler.java:356)
12-14 15:27:20.377 23183 23229 W MessageQueue: 	at android.os.ResultReceiver$MyResultReceiver.send(ResultReceiver.java:57)
12-14 15:27:20.377 23183 23229 W MessageQueue: 	at com.android.internal.os.IResultReceiver$Stub.onTransact(IResultReceiver.java:58)
12-14 15:27:20.377 23183 23229 W MessageQueue: 	at android.os.Binder.execTransact(Binder.java:682)
12-14 15:27:20.405 23189 23189 I DMT-SMReceiver: Received : com.samsung.android.sm.ACTION_ERROR
12-14 15:27:20.406 23189 23189 W ContextImpl: Calling a method in the system process without a qualified user: android.app.ContextImpl.startService:1483 android.content.ContextWrapper.startService:663 android.content.ContextWrapper.startService:663 com.samsung.android.sm.common.SmartManagerReceiver.a:240 com.samsung.android.sm.common.SmartManagerReceiver.onReceive:119 
12-14 15:27:20.424  3655  4434 W BroadcastQueue: Background execution not allowed: receiving Intent { act=android.intent.action.DROPBOX_ENTRY_ADDED flg=0x10 (has extras) } to com.google.android.gms/.stats.service.DropBoxEntryAddedReceiver
12-14 15:27:20.466  7450  7509 W PkgUtils: p: com.blogspot.e_kanivets.moneytracker, u:0
12-14 15:27:20.511  3655  4434 I ActivityManager: KPU : put [com.samsung.cmh:CMH] : 18782 K
12-14 15:27:20.512  3655  4434 I ActivityManager: Killing 17768:com.samsung.cmh:CMH/5004 (adj 906): DHA:empty #25
12-14 15:27:20.559  3194  3194 I SurfaceFlinger: id=187 createSurf (720x1),1 flag=4, InputMethod#0
12-14 15:27:20.578 22849 22872 I zygote  : Waiting for a blocking GC ProfileSaver
12-14 15:27:20.594 22849 22872 I zygote  : WaitForGcToComplete blocked for 15.312ms for cause ProfileSaver
12-14 15:27:20.603 22582 23205 I OpenGLRenderer: Initialized EGL, version 1.4
12-14 15:27:20.628 22866 22866 I EnhanceService: [EnhanceService] onDestroy () called 
12-14 15:27:20.663  3655  3758 I SamsungAlarmManager: setLocked to kernel - T:2 / 20241214T153524, SetElapsed=303958422, nowELAPSED=303474793
12-14 15:27:20.687 22277 22277 I Finsky  : [2] afpv.onStartJob(128): SCH: job service start with id 9715.
12-14 15:27:20.706 22277 22408 I Finsky  : [6225] mnw.a(215): SCH: Satisfied jobs for 9715 are: 12-1
12-14 15:27:20.715 22277 23262 I Finsky  : [6250] acix.accept(100): SCH: Job 12-1 starting
12-14 15:27:20.717 22277 22277 I Finsky  : [2] ContentSyncJob.h(11): [ContentSync] job started
12-14 15:27:20.736  2033 22470 I zygote64: Explicit concurrent copying GC freed 62358(3MB) AllocSpace objects, 10(200KB) LOS objects, 49% free, 11MB/23MB, paused 9.313ms total 243.303ms
12-14 15:27:20.875  3655  3737 I PersonaServiceHelper: installStageForKnox(user:-1 installerUid:2000)
12-14 15:27:20.882  3655  3706 W StorageManager: getStorageLowBytes lowPercent : 5, lowBytes : 1324890931, maxLowBytes : 524288000
12-14 15:27:20.883  3655  3706 W StorageManager: getStorageFullBytes DEFAULT_FULL_THRESHOLD_BYTES : 20971520, threadhold : 20971520
12-14 15:27:21.026  3655  3706 I PackageManager: EAS IT Policy AllowList = ,,,
12-14 15:27:21.026  3655  3706 I PackageManager: isAppBlockedByDPM?? = false
12-14 15:27:21.032  3655  3706 W StorageManager: getStorageLowBytes lowPercent : 5, lowBytes : 1324890931, maxLowBytes : 524288000
12-14 15:27:21.033  3655  3706 W StorageManager: getStorageFullBytes DEFAULT_FULL_THRESHOLD_BYTES : 20971520, threadhold : 20971520
12-14 15:27:21.115 22277 22277 I Finsky  : [2] agru.run(376): Detected restoreservicev2://recovery not needed, will not run
12-14 15:27:21.148 22277 22388 I Finsky  : [6221] qrw.d(1): registerListener
12-14 15:27:21.150 22277 22388 I Finsky  : [6221] ayqb.m(6): getDownloads()
12-14 15:27:21.155  3655  3706 I HarmonyEASService: Updating for all 1
12-14 15:27:21.170  3655  3706 W PackageManager: verifying app can be installed or not
12-14 15:27:21.175  3655  3706 I MSTG    :  com.lojinha is installing..
12-14 15:27:21.175  3655  3706 I AASAInstall: ship device
12-14 15:27:21.178 22652 23273 W GOS:DataManager: addPkgDataFromServer(), getInstallerPackageName() is failed. Unknown package: com.lojinha
12-14 15:27:21.179 22652 23273 W GOS:PackageUtil: isVrApp(). PackageManager.NameNotFoundException: com.lojinha
12-14 15:27:21.243  3655  3706 I PackageManager.DexOptimizer: Running dexopt (dexoptNeeded=1) on: /data/app/vmdl1841105546.tmp/base.apk pkg=com.lojinha isa=arm64 dexoptFlags=boot_complete,debuggable,public target-filter=quicken oatDir=/data/app/vmdl1841105546.tmp/oat sharedLibraries=null
12-14 15:27:21.245 22277 22388 I Finsky  : [6221] sk.run(51): Initialized AssetModuleDownloader.
12-14 15:27:21.311 22652 23273 I GOS:NetworkConnector: Network is connected
12-14 15:27:21.313 22652 23273 I System.out: (HTTPLog)-Static: isSBSettingEnabled false
12-14 15:27:21.313 22652 23273 I System.out: (HTTPLog)-Static: isSBSettingEnabled false
12-14 15:27:21.336 22414 23275 I Finsky:background: [6196] qoh.j(6): DS: getDownloads()
12-14 15:27:21.370 23274 23274 I dex2oat : /system/bin/dex2oat --input-vdex-fd=-1 --output-vdex-fd=20 --compiler-filter=quicken --debuggable --classpath-dir=/data/app/vmdl1841105546.tmp
12-14 15:27:21.387  7623  7623 E adbd    : recv: OPEN 00002e18 00000000 0024:73 68 65 6C 6C 2C 76 32 2C 54 45 52 4D 3D 78 74 65 72 6D 2D 32 35 36 63 6F 6C 6F 72 2C 72 61 77 3A 70 73 00 
12-14 15:27:21.387  7623  7623 E adbd    : service_to_fd: shell,v2,TERM=xterm-256color,raw:ps
12-14 15:27:21.501 22414 23277 I Finsky:background: [6198] aoca.j(32): DS::IDC: updateWith: <1967:SUCCEEDED>
12-14 15:27:21.502 22414 23277 I Finsky:background: [6198] aoca.j(196): DS::IDC: All invisible downloads are finished.
12-14 15:27:21.503 22414 23277 I Finsky:background: [6198] qrg.c(6): DS::ISM: Stopping invisible download job
12-14 15:27:21.513 22414 23277 I Finsky:background: [6198] afoj.<init>(49): Resetting scheduler db
12-14 15:27:21.537 22414 22459 I Finsky:background: [6185] rbh.accept(59): SCH: Scheduling phonesky job Id: 47-15, CT: 1734192896417, Constraints: [{ L: 21598496, D: 43198482, C: CHARGING_NONE, I: IDLE_REQUIRED, N: NET_NONE }]
12-14 15:27:21.551 22414 22455 I Finsky:background: [6182] mnx.apply(256): SCH: Scheduling 0 system job(s)
12-14 15:27:22.104 23274 23274 I dex2oat : Running dex2oat (parent PID = 3297)
12-14 15:27:22.444  7623  7623 E adbd    : recv: OPEN 00002e1b 00000000 0035:73 68 65 6C 6C 2C 76 32 2C 54 45 52 4D 3D 78 74 65 72 6D 2D 32 35 36 63 6F 6C 6F 72 2C 72 61 77 3A 70 6D 20 6C 69 73 74 20 70 61 63 6B 61 67 65 73 20 2D 66 00 
12-14 15:27:22.444  7623  7623 E adbd    : service_to_fd: shell,v2,TERM=xterm-256color,raw:pm list packages -f
12-14 15:27:22.492  7623  7623 E adbd    : recv: OPEN 00002e1e 00000000 0024:73 68 65 6C 6C 2C 76 32 2C 54 45 52 4D 3D 78 74 65 72 6D 2D 32 35 36 63 6F 6C 6F 72 2C 72 61 77 3A 70 73 00 
12-14 15:27:22.492  7623  7623 E adbd    : service_to_fd: shell,v2,TERM=xterm-256color,raw:ps
12-14 15:27:22.600  3655  4916 W StorageManager: getStorageLowBytes lowPercent : 5, lowBytes : 1324890931, maxLowBytes : 524288000
12-14 15:27:22.610  3655  4916 W StorageManager: getStorageLowBytes lowPercent : 5, lowBytes : 1324890931, maxLowBytes : 524288000
12-14 15:27:22.670  3185  3185 I android.hardware.wifi@1.0-service: getLinkLayerStats
12-14 15:27:22.776 23293 23293 W ADebug  : Failed to get property persist.sys.media.traces
12-14 15:27:22.781 23293 23293 E appproc : Enhanced Zygote ASLR: ro.knox.enhance.zygote.aslr != 1. Enhanced Zygote ASLR is DISABLED!
12-14 15:27:22.893 23293 23293 I app_process: find the special shared library, skip check
12-14 15:27:22.920 23293 23293 E SemAffinityControl: SemAffinityControl: registerfunction enter
12-14 15:27:23.010 23293 23293 I app_process: System.exit called, status: 0
12-14 15:27:23.010 23293 23293 I AndroidRuntime: VM exiting with result code 0.
12-14 15:27:23.410 23274 23274 I dex2oat : ----------------------------------------------------
12-14 15:27:23.410 23274 23274 I dex2oat : <SS>: S T A R T I N G . . .
12-14 15:27:23.410 23274 23274 I dex2oat : <SS>: going to process manifest for 64-bit.../data/app/vmdl1841105546.tmp/base.apk
12-14 15:27:23.411 23274 23274 I         : SS_ART_lib [I]: permission is absent: /data/app/vmdl1841105546.tmp/base.apk
12-14 15:27:23.411 23274 23274 I         : SS_ART_lib [I]: access to SS denied
12-14 15:27:23.411 23274 23274 I dex2oat : Finish SS_ART_lib()
12-14 15:27:23.411 23274 23274 I dex2oat : dex2oat took 2.042s (6.347s cpu) (threads: 8) arena alloc=8KB (8920B) java alloc=11MB (11581704B) native alloc=14MB (15357656B) free=4MB (4303144B)
12-14 15:27:23.426  3655  3706 I PackageManager.DexOptimizer: do mInstaller.syncDexopt : com.lojinha
12-14 15:27:23.427  3655  3706 W SELinux : SELinux: set fc_digest(/data/app/com.lojinha-cJNgzlxCdA8OKSoWVL2QxA==)
12-14 15:27:23.433  3655  3706 W SELinuxMMAC:  assignseinfovalue, <package name > = com.lojinha<seinfo> = untrusted:targetSdkVersion=30<bbcseinfo> = untrusted:targetSdkVersion=30<space> = 1023
12-14 15:27:23.618  7623  7623 E adbd    : recv: OPEN 00002e21 00000000 0024:73 68 65 6C 6C 2C 76 32 2C 54 45 52 4D 3D 78 74 65 72 6D 2D 32 35 36 63 6F 6C 6F 72 2C 72 61 77 3A 70 73 00 
12-14 15:27:23.618  7623  7623 E adbd    : service_to_fd: shell,v2,TERM=xterm-256color,raw:ps
12-14 15:27:23.661  3655  3706 I PackageManager: enforceEDMPermissionLI
12-14 15:27:23.664  3297 27383 I SELinux : SELinux: seapp_context_lookup: seinfo=untrusted, level=s0:c512,c768, pkgname=com.lojinha 
12-14 15:27:23.679  3297 27383 I chatty  : uid=0(root) Binder:3297_9 identical 10 lines
12-14 15:27:23.680  3297 27383 I SELinux : SELinux: seapp_context_lookup: seinfo=untrusted, level=s0:c512,c768, pkgname=com.lojinha 
12-14 15:27:23.684  3297 27383 I installed: secure_storage_pm pid = 23311
12-14 15:27:23.728 23311 23311 I         : SS_ART_lib [I]: permission is absent: /data/app/com.lojinha-cJNgzlxCdA8OKSoWVL2QxA==/base.apk
12-14 15:27:23.728 23311 23311 I         : SS_ART_lib [I]: access to SS denied
12-14 15:27:23.730  3297 27383 E         : Secure Storage PM failed!
12-14 15:27:23.731  3655  3706 W PackageManager: Can't run secure_storage_pm!
12-14 15:27:23.738  3297 27383 E         : Couldn't opendir /data/app/vmdl1841105546.tmp: No such file or directory
12-14 15:27:23.738  3297 27383 E installd: Failed to delete /data/app/vmdl1841105546.tmp: No such file or directory
12-14 15:27:23.793  3655  3655 W ResourceType: ResTable_typeSpec entry count inconsistent: given 93, previously 96
12-14 15:27:23.795  3655  3655 W ResourceType: ResTable_typeSpec entry count inconsistent: given 93, previously 96
12-14 15:27:23.796  3655  3655 W ResourceType: ResTable_typeSpec entry count inconsistent: given 3155, previously 3175
12-14 15:27:23.796  3655  3655 W ResourceType: ResTable_typeSpec entry count inconsistent: given 499, previously 4915
12-14 15:27:23.810  3655  3696 W ResourceType: ResTable_typeSpec entry count inconsistent: given 1465, previously 1564
12-14 15:27:23.810  3655  3696 W ResourceType: ResTable_typeSpec entry count inconsistent: given 325, previously 339
12-14 15:27:23.810  3655  3696 W ResourceType: ResTable_typeSpec entry count inconsistent: given 347, previously 3458
12-14 15:27:23.821  3655  3786 I InputReader: Reconfiguring input devices.  changes=0x00000010
12-14 15:27:23.824 22277 22277 I Finsky  : [2] aart.i(1): aart - Received: android.intent.action.PACKAGE_ADDED, [kccQCgYRM-nR5oyUKLjmIKnConpZDm7WLc6tdzIRBDY]
12-14 15:27:23.825 22143 22180 I [SC]SyncSettingHandler: Handle method by TransactionManager : refreshAddedPackageInfo
12-14 15:27:23.831  3655  3655 I chatty  : uid=1000 system_server identical 4 lines
12-14 15:27:23.831  3655  3655 E SDAgentPackageStateReceiver: Not going to handle 'com.lojinha'!
12-14 15:27:23.833  3655  3810 I EnterprisePremiumVpnPolicyServiceV2: vpn handle : Message received
12-14 15:27:23.835  3655  3812 I KnoxVpnEngineService: vpn handle : Message received
12-14 15:27:23.837  8097  8097 E SixIntentsReceiver: isSamsungAccountIntents - Abort. DefaultSIX off
12-14 15:27:23.838  8097  8097 E SixIntentsReceiver: isSixAppToHandle - No apps were retrieved!
12-14 15:27:23.838  8097  8097 I ContentBlock.Receiver: onReceive is called
12-14 15:27:23.843  8097  8097 I ContentBlock.Receiver: handleAction action: android.intent.action.PACKAGE_ADDED, packageName: com.lojinha
12-14 15:27:23.846 22928 22928 I AASAservice-IntentThread: processIntentLocked() : android.intent.action.PACKAGE_ADDED
12-14 15:27:23.846  8097  8097 I ContentBlock.Receiver: handleAction is finished
12-14 15:27:23.846 22928 22928 I AASAservice-UpdateReceiver: end of onReceive()
12-14 15:27:23.846  8097  8097 I ContentBlock.Receiver: onReceive is finished
12-14 15:27:23.847 22928 22948 I AASAservice-IntentThread: doHandleMessage()
12-14 15:27:23.847 22928 22948 E AASAservice-TokenRule: parseToken() : TokenFile is null
12-14 15:27:23.848  3655  3655 I GameManagerService: PkgInstallationReceiver, onReceive(),  begin, action: android.intent.action.PACKAGE_ADDED
12-14 15:27:23.848  3655  3686 W ResourceType: ResTable_typeSpec entry count inconsistent: given 298, previously 297
12-14 15:27:23.848  3655  3686 W ResourceType: ResTable_typeSpec entry count inconsistent: given 214, previously 1125
12-14 15:27:23.848  3655  4441 E AASATokenParser: set xml file does not exist
12-14 15:27:23.859  3655  3686 I AccessibilityManagerService: semIsAccessibilityServiceEnabled()
12-14 15:27:23.861  3655  4441 I AASAASKS: no restricted set matched to DATE
12-14 15:27:23.862 22277 22277 I Finsky  : [2] uvu.jN(13): DTU: Received onPackageAdded, replacing: false
12-14 15:27:23.863 22277 22277 I Finsky  : [2] agzy.f(9): Clearing split related stale data.
12-14 15:27:23.869  3655  4240 I AASAdebug:  readUids-end
12-14 15:27:23.870 22928 22948 I AASAservice-IntentThread: AASAIntentThread() : BLOCK BY PACKAGE
12-14 15:27:23.870 22928 22948 E AASAservice-IntentThread: AASAIntentThread : myrule is null.
12-14 15:27:23.874  3655  3655 I DomainFilter: onReceive() - Intent { act=android.intent.action.PACKAGE_ADDED dat=package:com.lojinha flg=0x4000010 (has extras) }
12-14 15:27:23.874  3655  3655 I DomainFilter: packageAdded() - packageName: com.lojinha, uid: 0
12-14 15:27:23.875  3655  3655 I PersonaManagerService::Proxy: newPackage is com.lojinha
12-14 15:27:23.877 22277 22408 I Finsky  : [6225] oik.ku(35): [ContentSync] finished, scheduled=false
12-14 15:27:23.878  3655  3655 I DefaultDialerCache: Refreshing default dialer for user 0: now com.samsung.android.contacts
12-14 15:27:23.886 22277 22381 I Finsky  : [6214] qmk.accept(79): Wrote row to frosting DB: 32896
12-14 15:27:23.911  3655  3686 W ResourceType: ResTable_typeSpec entry count inconsistent: given 93, previously 96
12-14 15:27:23.911  3655  3686 W ResourceType: ResTable_typeSpec entry count inconsistent: given 93, previously 96
12-14 15:27:23.911  3655  3686 W ResourceType: ResTable_typeSpec entry count inconsistent: given 3155, previously 3175
12-14 15:27:23.911  3655  3686 W ResourceType: ResTable_typeSpec entry count inconsistent: given 499, previously 4915
12-14 15:27:23.916  3655 23308 I HarmonyEASService: Updating for all 1
12-14 15:27:23.929  4411  4411 I CarrierVvmPackageInstalledReceiver.onReceive: intent.getAction() android.intent.action.PACKAGE_ADDED packageName :com.lojinha
12-14 15:27:23.936 22277 22277 I Finsky  : [2] aotr.c(44): Do not start WearSupportService due to Wear service optimization
12-14 15:27:23.944  4411  4411 E VvmPkgInstalledRcvr: cannot create TelephonyManager from ComponentInfo{com.android.phone/com.android.services.telephony.TelephonyConnectionService}, [****], UserHandle{0}
12-14 15:27:23.960  3655  3665 W BroadcastQueue: Background execution not allowed: receiving Intent { act=android.intent.action.PACKAGE_ADDED dat=package:com.lojinha flg=0x4000010 (has extras) } to com.android.vending/com.google.android.finsky.packagemonitor.impl.PackageMonitorReceiverImpl$RegisteredReceiver
12-14 15:27:23.966  3655  3664 I zygote64: Background concurrent copying GC freed 247933(12MB) AllocSpace objects, 55(1148KB) LOS objects, 32% free, 50MB/74MB, paused 849us total 230.653ms
12-14 15:27:23.975 22277 22277 I Finsky  : [2] mja.f(9): AIM: AppInfoCacheUpdater -> invalidating apps: [com.lojinha]
12-14 15:27:23.975 22277 22277 I Finsky  : [2] mjn.c(21): AIM: AppInfoManager-Perf > getApps > called for 1 apps
12-14 15:27:23.976  3655  3687 W BroadcastQueue: Background execution not allowed: receiving Intent { act=android.intent.action.PACKAGE_ADDED dat=package:com.lojinha flg=0x4000010 (has extras) } to com.android.vending/com.google.android.finsky.packagemonitor.backgroundimpl.BackgroundPackageMonitorReceiverImpl$RegisteredReceiver
12-14 15:27:23.977 22277 22314 I Finsky  : [6182] mkv.a(58): AIM: AppInfoManager-Perf > OnDeviceAppInfo > cacheHitCount=0, cacheMissCount=1. Missed  in cache (limit 10) : [com.lojinha]
12-14 15:27:23.990 22277 22344 I Finsky  : [6190] lpy.apply(1128): AIM: Got app ownership map. App counts: . Unique apps: 0
12-14 15:27:23.991 22277 22344 E Finsky  : [6190] aeav.s(55): [Counters] attempted to use a non-positive increment for: 4752
12-14 15:27:23.990 22277 22344 I Finsky  : [6190] lpy.apply(1128): AIM: Got app ownership map. App counts: . Unique apps: 0
12-14 15:27:23.991 22277 22344 E Finsky  : [6190] aeav.s(55): [Counters] attempted to use a non-positive increment for: 4752
12-14 15:27:24.023 22277 22310 E Finsky  : [6178] aeav.s(55): [Counters] attempted to use a non-positive increment for: 4753
12-14 15:27:24.037 22277 22307 I Finsky  : [6175] mvu.f(41): Completed 0 account content syncs with 0 successful.
12-14 15:27:24.038 22277 22277 I Finsky  : [2] ContentSyncJob.a(14): [ContentSync] Installation state replication succeeded.
12-14 15:27:24.038 22277 22381 I Finsky  : [6214] qmk.accept(79): Wrote row to frosting DB: 32897
12-14 15:27:24.038 22277 22277 I Finsky  : [2] afod.q(61): SCH: jobFinished: 12-1. TimeElapsed: 3323ms.
12-14 15:27:24.039 22277 22310 I Finsky  : [6178] mkv.a(58): AIM: AppInfoManager-Perf > OnDeviceAppInfo > cacheHitCount=0, cacheMissCount=1. Missed  in cache (limit 10) : [com.lojinha]
12-14 15:27:24.048 22277 22310 I Finsky  : [6178] lpy.apply(1128): AIM: Got app ownership map. App counts: . Unique apps: 0
12-14 15:27:24.049 22277 22310 E Finsky  : [6178] aeav.s(55): [Counters] attempted to use a non-positive increment for: 4752
12-14 15:27:24.052 22277 22310 E Finsky  : [6178] aeav.s(55): [Counters] attempted to use a non-positive increment for: 4753
12-14 15:27:24.057 22950 22950 I AcmsJobIntentService: onDestroy
12-14 15:27:24.057 22950 22950 I AcmsJobIntentService: cleanUp - inside service clean up
12-14 15:27:24.057  3655  3686 W Searchables: No global search activity found
12-14 15:27:24.058  3655  3686 I PrintManagerService: onPackageAdded com.lojinha
12-14 15:27:24.058 22950 22950 I Process : Sending signal. PID: 22950 SIG: 9
12-14 15:27:24.067  3655  4434 W BroadcastQueue: Background execution not allowed: receiving Intent { act=android.intent.action.PACKAGE_ADDED dat=package:com.lojinha flg=0x4000010 (has extras) } to com.facebook.appmanager/com.facebook.oxygen.common.packages.event.manifest.ManifestPackageEventReceiver
12-14 15:27:24.069  3655  3687 W BroadcastQueue: Background execution not allowed: receiving Intent { act=android.intent.action.PACKAGE_ADDED dat=package:com.lojinha flg=0x4000010 (has extras) } to com.google.android.gms/.chimera.GmsIntentOperationService$PersistentTrustedReceiver
12-14 15:27:24.070  3655  3687 W BroadcastQueue: Background execution not allowed: receiving Intent { act=android.intent.action.PACKAGE_ADDED dat=package:com.lojinha flg=0x4000010 (has extras) } to com.google.android.gms/.games.chimera.GamesSystemBroadcastReceiverProxy
12-14 15:27:24.070  3655  3687 W BroadcastQueue: Background execution not allowed: receiving Intent { act=android.intent.action.PACKAGE_ADDED dat=package:com.lojinha flg=0x4000010 (has extras) } to com.google.android.gms/.gass.chimera.PackageChangeBroadcastReceiver
12-14 15:27:24.071  3655  3687 W BroadcastQueue: Background execution not allowed: receiving Intent { act=android.intent.action.PACKAGE_ADDED dat=package:com.lojinha flg=0x4000010 (has extras) } to com.samsung.android.SettingsReceiver/.networkconnect.NetworkConnectReceiver
12-14 15:27:24.076 22670 22670 W ContextImpl: Calling a method in the system process without a qualified user: android.app.ContextImpl.startService:1483 android.content.ContextWrapper.startService:663 android.content.ContextWrapper.startService:663 com.samsung.android.app.assistantmenu.AssistantMenuReceiver.onReceive:411 android.app.ActivityThread.handleReceiver:3392 
12-14 15:27:24.090  2033 23320 I FontLog : (REDACTED) Package %s has no metadata
12-14 15:27:24.091  2033 21944 W GCM     : Unexpected forwarded intent: Intent { act=android.intent.action.PACKAGE_ADDED dat=package:com.lojinha flg=0x4000010 pkg=com.google.android.gms cmp=com.google.android.gms/.chimera.PersistentIntentOperationService (has extras) }
12-14 15:27:24.094  2033 21948 W NetworkScheduler: Unexpected forwarded intent: Intent { act=android.intent.action.PACKAGE_ADDED dat=package:com.lojinha flg=0x4000010 pkg=com.google.android.gms cmp=com.google.android.gms/.chimera.PersistentIntentOperationService (has extras) }
12-14 15:27:24.096  3655  3693 E EdmStorageProvider: Admin not in database, something went wrong
12-14 15:27:24.102  3655  7966 I ActivityManager: Process ACMS.Process (pid 22950) has died: fore SVC (125,1827)
12-14 15:27:24.103  3655  3686 W ContextImpl: Calling a method in the system process without a qualified user: android.app.ContextImpl.sendBroadcast:956 com.android.server.execute.SemExecuteManagerService.sendCompleteBroadcast:138 com.android.server.execute.SemExecuteManagerService.updateSemExecutableInfo:131 com.android.server.execute.SemExecuteManagerService.-wrap2:0 com.android.server.execute.SemExecuteManagerService$MyPackageMonitor.onSomePackagesChanged:173 
12-14 15:27:24.103 25109 23315 I Auth    : (REDACTED) [SupervisedAccountIntentOperationV2] onHandleIntent: %s
12-14 15:27:24.109  3655  3693 E EdmStorageProvider: Admin not in database, something went wrong
12-14 15:27:24.113  3655  3693 E EdmStorageProvider: Admin not in database, something went wrong
12-14 15:27:24.114  5012  5147 I Launcher.Model: PackageUpdatedTask, Loader is not completed once
12-14 15:27:24.117  3655  3693 E EdmStorageProvider: Admin not in database, something went wrong
12-14 15:27:24.117 22143 22143 I [SC]SCloudSystemIntentReceiver: onReceive: android.intent.action.PACKAGE_ADDED
12-14 15:27:24.117  3655  3693 E EdmStorageProvider: Admin not in database, something went wrong
12-14 15:27:24.118  3655  3693 I chatty  : uid=1000(system) MARsDBThread identical 4 lines
12-14 15:27:24.118  3655  3693 E EdmStorageProvider: Admin not in database, something went wrong
12-14 15:27:24.131 22277 22344 I Finsky  : [6190] rbh.accept(59): SCH: Scheduling phonesky job Id: 1-1337, CT: 1734171533336, Constraints: [{ L: 42961559, D: 86161559, C: CHARGING_NONE, I: IDLE_NONE, N: NET_ANY }]
12-14 15:27:24.148 22277 22310 I Finsky  : [6178] mkq.a(229): AIM: AppInfoManager-Perf > ItemModel > CacheSize=62, cacheHitCount=0, cacheMissCount=0, total appsWithNoServerDataCount=6. Missed  in cache (limit 10) : []
12-14 15:27:24.182 22277 22344 I Finsky  : [6190] rbh.accept(59): SCH: Scheduling phonesky job Id: 34-4304, CT: 1734128342032, Constraints: [{ L: 604800000, D: 2505512720, C: CHARGING_NONE, I: IDLE_NONE, N: NET_ANY }]
12-14 15:27:24.183 22277 22344 I Finsky  : [6190] rbh.accept(59): SCH: Scheduling phonesky job Id: 34-4312, CT: 1734128342032, Constraints: [{ L: 604800000, D: 2584844815, C: CHARGING_NONE, I: IDLE_NONE, N: NET_ANY }]
12-14 15:27:24.184 22277 22344 I Finsky  : [6190] rbh.accept(59): SCH: Scheduling phonesky job Id: 34-4314, CT: 1734200389525, Constraints: [{ L: 79199869, D: 1375199869, C: CHARGING_NONE, I: IDLE_NONE, N: NET_ANY }]
12-14 15:27:24.185 22277 22344 I Finsky  : [6190] rbh.accept(59): SCH: Scheduling phonesky job Id: 34-4316, CT: 1734200389998, Constraints: [{ L: 604800000, D: 2591999673, C: CHARGING_NONE, I: IDLE_NONE, N: NET_ANY }]
12-14 15:27:24.189  3655  7966 W BroadcastQueue: Background execution not allowed: receiving Intent { act=android.intent.action.PACKAGE_ADDED dat=package:com.lojinha flg=0x4000010 (has extras) } to com.samsung.android.themecenter/com.samsung.android.thememanager.ThemeManagerReceiver
12-14 15:27:24.192 22277 22344 I Finsky  : [6190] mkq.a(229): AIM: AppInfoManager-Perf > ItemModel > CacheSize=62, cacheHitCount=0, cacheMissCount=0, total appsWithNoServerDataCount=6. Missed  in cache (limit 10) : []
12-14 15:27:24.197 22277 22314 I Finsky  : [6182] mnx.apply(256): SCH: Scheduling 1 system job(s)
12-14 15:27:24.210 22277 22314 I Finsky  : [6182] afoa.b(86): SCH: Scheduling system job Id: 9745, L: 13650697, D: 56850697, C: false, I: false, N: 1
12-14 15:27:24.223  3655  4240 W BroadcastQueue: Background execution not allowed: receiving Intent { act=android.intent.action.PACKAGE_ADDED dat=package:com.lojinha flg=0x4000010 (has extras) } to com.sec.android.app.samsungapps/.receiver.PackageAddedReceiver
12-14 15:27:24.225 25109  1590 I Icing   : IndexChimeraService.getServiceInterface callingPackage=com.google.android.gms componentName=ContactsIndexer serviceId=33
12-14 15:27:24.225  3655  3687 W BroadcastQueue: Background execution not allowed: receiving Intent { act=android.intent.action.PACKAGE_ADDED dat=package:com.lojinha flg=0x4000010 (has extras) } to com.sec.imsservice/com.sec.internal.tapi.service.receiver.PackageEventReceiver
12-14 15:27:24.225  3655  3687 W BroadcastQueue: Background execution not allowed: receiving Intent { act=android.intent.action.PACKAGE_ADDED dat=package:com.lojinha flg=0x4000010 (has extras) } to com.wssnps/.stubdownload.smlNpsPackageReceiver
12-14 15:27:24.226  3655  3687 W BroadcastQueue: Background execution not allowed: receiving Intent { act=android.intent.action.PACKAGE_ADDED dat=package:com.lojinha flg=0x4000010 (has extras) } to com.google.android.apps.nbu.files/.documentbrowser.browselanding.rootcontainerlist.receiver.PackageChangeReceiver_Receiver
12-14 15:27:24.228 22277 22344 I Finsky  : [6190] liz.accept(132): AIM: AppInfoManager-Perf > getApps > data collection finished
12-14 15:27:24.233 22277 22344 I Finsky  : [6190] luy.run(933): AIM: AppInfoManager-Perf > maybeDestroyAppInfoManager is called. actives = 0
12-14 15:27:24.235 22277 23262 I Finsky  : [6250] afpv.a(26): SCH: job service finished with id 9715.
12-14 15:27:24.282  3655  3785 I InputDispatcher: Delivering touch to (3655): action: 0x9, toolType: 3
12-14 15:27:24.282  3655  3785 I InputDispatcher: Delivering touch to (21145): action: 0xa, toolType: 3
12-14 15:27:24.286 25109 25136 I Icing   : IndexChimeraService.getServiceInterface callingPackage=com.google.android.gms componentName=AppsCorpus serviceId=36
12-14 15:27:24.294 25109 23330 W IcingInternalCorpora: Contacts corpus disabled.
12-14 15:27:24.348 11829 11829 I InputMethodManager: hideSoftInputFromWindow ignore mServedView == null or mServedView.getWindowToken() != windowToken, mServedView :0
12-14 15:27:24.367 25109  6296 I Icing   : Usage reports ok 1, Failed Usage reports 0, indexed 0, rejected 0
12-14 15:27:24.371 25109 25136 I Icing   : IndexChimeraService.getServiceInterface callingPackage=com.google.android.gms componentName=null serviceId=30
12-14 15:27:24.373 11829 11829 I InputMethodManager: hideSoftInputFromWindow ignore mServedView == null or mServedView.getWindowToken() != windowToken, mServedView :0
12-14 15:27:24.418 25109  6296 I Icing   : Usage reports ok 0, Failed Usage reports 0, indexed 0, rejected 0
12-14 15:27:24.481 25109  6296 I Icing   : Usage reports ok 0, Failed Usage reports 0, indexed 0, rejected 0
12-14 15:27:24.485 25109  6296 I Icing   : Indexing com.google.android.gms-apps from com.google.android.gms
12-14 15:27:24.509 25109  6296 I Icing   : Indexing done com.google.android.gms-apps
12-14 15:27:24.735  7623  7623 E adbd    : recv: OPEN 00002e24 00000000 0024:73 68 65 6C 6C 2C 76 32 2C 54 45 52 4D 3D 78 74 65 72 6D 2D 32 35 36 63 6F 6C 6F 72 2C 72 61 77 3A 70 73 00 
12-14 15:27:24.736  7623  7623 E adbd    : service_to_fd: shell,v2,TERM=xterm-256color,raw:ps
12-14 15:27:24.925  3655  3785 I InputDispatcher: Delivering touch to (3655): action: 0xa, toolType: 3
12-14 15:27:24.926  3655  3785 I InputDispatcher: Delivering touch to (4132): action: 0x4, toolType: 1
12-14 15:27:24.926  3655  3785 I InputDispatcher: Delivering touch to (3655): action: 0x0, toolType: 1
12-14 15:27:24.981  3655  3785 I InputDispatcher: Delivering touch to (3655): action: 0x1, toolType: 1
12-14 15:27:25.005  3655  4305 E KioskModeService: There's no matched data
12-14 15:27:25.006  3655  4305 W ActivityManager:   Force finishing activity com.blogspot.e_kanivets.moneytracker/.activity.record.MainActivity
12-14 15:27:25.025  3655  3785 I InputDispatcher: Delivering touch to (3655): action: 0x9, toolType: 3
12-14 15:27:25.047  3655  3785 I InputDispatcher: Delivering touch to (8097): action: 0x9, toolType: 3
12-14 15:27:25.057  3655  4305 I ActivityManager: Killing 21145:com.blogspot.e_kanivets.moneytracker/u0a450 (adj 904): crash
12-14 15:27:25.062  8097  8097 I MainActivityIdManager: CMI: setFocusedActivity() Focused Activity: 0
12-14 15:27:25.063  8097  8097 I chromium: [INFO:tin_six_tab_helper.cc(102)] OnCurrentTabChanged 0,0
12-14 15:27:25.064  8097  8097 I chromium: [INFO:tin_six_tab_helper.cc(678)] ForceActivateTabAt 0,0
12-14 15:27:25.065  8097  8097 I AIUtil  : BrowsingAssist is disabled
12-14 15:27:25.065  8097  8097 I si__MainViewUtil: waitingForTabRestore, no need to wait tab restore
12-14 15:27:25.065  8097  8097 I MainViewSecret: [runOpenInSecretModeIfRequired]
12-14 15:27:25.066  8097  8097 I si__DeviceFeatureUtils: [getTabBarSwitchSetting] no need to set default value : false
12-14 15:27:25.066  8097  8097 I si__DesktopModeUtils: isDesktopModeEnabled = false
12-14 15:27:25.067  8097  8097 E DonationHelper: donation not available
12-14 15:27:25.074  7623  7623 E adbd    : recv: OPEN 00002e27 00000000 0035:73 68 65 6C 6C 2C 76 32 2C 54 45 52 4D 3D 78 74 65 72 6D 2D 32 35 36 63 6F 6C 6F 72 2C 72 61 77 3A 70 6D 20 6C 69 73 74 20 70 61 63 6B 61 67 65 73 20 2D 66 00 
12-14 15:27:25.074  7623  7623 E adbd    : service_to_fd: shell,v2,TERM=xterm-256color,raw:pm list packages -f
12-14 15:27:25.096  3655  3688 E ViewRootImpl: sendUserActionEvent() returned.
12-14 15:27:25.105  3655  4920 W InputMethodManagerService: Window already focused, ignoring focus gain of: com.android.internal.view.IInputMethodClient$Stub$Proxy@f9cb00b attribute=null, token = android.os.BinderProxy@892956a
12-14 15:27:25.162  3655  3696 W ActivityManager: setHasOverlayUi called on unknown pid: 21145
12-14 15:27:25.303  3655  3738 I WindowManager: Destroying surface Surface(name=Application Error: com.blogspot.e_kanivets.moneytracker) called by com.android.server.wm.WindowStateAnimator.destroySurface:2501 com.android.server.wm.WindowStateAnimator.destroySurfaceLocked:985 com.android.server.wm.WindowState.destroyOrSaveSurfaceUnchecked:3680 com.android.server.wm.RootWindowContainer.performSurfacePlacement:826 com.android.server.wm.WindowSurfacePlacer.performSurfacePlacementLoop:233 com.android.server.wm.WindowSurfacePlacer.performSurfacePlacement:168 com.android.server.wm.WindowSurfacePlacer.performSurfacePlacement:158 com.android.server.wm.WindowSurfacePlacer.lambda$-com_android_server_wm_WindowSurfacePlacer_6459:135 
12-14 15:27:25.304  3194  3217 I SurfaceFlinger: id=186 Removed Application Error: com.blogspot.e_kanivets.moneytracker#0 (5/6)
12-14 15:27:25.305  3194  3217 I SurfaceFlinger: id=186 Removed Application Error: com.blogspot.e_kanivets.moneytracker#0 (-2/6)
12-14 15:27:25.305  3655  3738 W AppOps  : Finishing op nesting under-run: uid 1000 pkg android code 24 time=0 duration=0 nesting=0
12-14 15:27:25.315  3194  3194 I Layer   : id=186 onRemoved Application Error: com.blogspot.e_kanivets.moneytracker#0 
12-14 15:27:25.435 23341 23341 W ADebug  : Failed to get property persist.sys.media.traces
12-14 15:27:25.439 23341 23341 E appproc : Enhanced Zygote ASLR: ro.knox.enhance.zygote.aslr != 1. Enhanced Zygote ASLR is DISABLED!
12-14 15:27:25.490  3655  3655 I MotionRecognitionService: Plugged
12-14 15:27:25.523 23341 23341 I app_process: find the special shared library, skip check
12-14 15:27:25.544 23341 23341 E SemAffinityControl: SemAffinityControl: registerfunction enter
12-14 15:27:25.631 23341 23354 W MessageQueue: Handler (android.os.Handler) {7b8d66c} sending message to a Handler on a dead thread
12-14 15:27:25.631 23341 23354 W MessageQueue: java.lang.IllegalStateException: Handler (android.os.Handler) {7b8d66c} sending message to a Handler on a dead thread
12-14 15:27:25.631 23341 23354 W MessageQueue: 	at android.os.MessageQueue.enqueueMessage(MessageQueue.java:545)
12-14 15:27:25.631 23341 23354 W MessageQueue: 	at android.os.Handler.enqueueMessage(Handler.java:661)
12-14 15:27:25.631 23341 23354 W MessageQueue: 	at android.os.Handler.sendMessageAtTime(Handler.java:630)
12-14 15:27:25.631 23341 23354 W MessageQueue: 	at android.os.Handler.sendMessageDelayed(Handler.java:600)
12-14 15:27:25.631 23341 23354 W MessageQueue: 	at android.os.Handler.post(Handler.java:356)
12-14 15:27:25.631 23341 23354 W MessageQueue: 	at android.os.ResultReceiver$MyResultReceiver.send(ResultReceiver.java:57)
12-14 15:27:25.631 23341 23354 W MessageQueue: 	at com.android.internal.os.IResultReceiver$Stub.onTransact(IResultReceiver.java:58)
12-14 15:27:25.631 23341 23354 W MessageQueue: 	at android.os.Binder.execTransact(Binder.java:682)
12-14 15:27:25.634 23341 23341 I app_process: System.exit called, status: 0
12-14 15:27:25.634 23341 23341 I AndroidRuntime: VM exiting with result code 0.
12-14 15:27:25.684  7623  7623 E adbd    : recv: OPEN 00002e2a 00000000 003d:73 68 65 6C 6C 2C 76 32 2C 54 45 52 4D 3D 78 74 65 72 6D 2D 32 35 36 63 6F 6C 6F 72 2C 72 61 77 3A 64 75 6D 70 73 79 73 20 70 61 63 6B 61 67 65 20 63 6F 6D 2E 6C 6F 6A 69 6E 68 61 00 
12-14 15:27:25.684  7623  7623 E adbd    : service_to_fd: shell,v2,TERM=xterm-256color,raw:dumpsys package com.lojinha
